Archive member included to satisfy reference by file (symbol)

C:/Users/staro/.pico-sdk/toolchain/13_2_Rel1/bin/../lib/gcc/arm-none-eabi/13.2.1/thumb/v6-m/nofp\libgcc.a(_dvmd_tls.o)
                              CMakeFiles/RP2040.dir/C_/Users/staro/.pico-sdk/sdk/2.0.0/src/rp2_common/pico_divider/divider_hardware.S.obj (__aeabi_idiv0)
C:/Users/staro/.pico-sdk/toolchain/13_2_Rel1/bin/../lib/gcc/arm-none-eabi/13.2.1/thumb/v6-m/nofp\libg.a(libc_a-calloc.o)
                              CMakeFiles/RP2040.dir/C_/Users/staro/.pico-sdk/sdk/2.0.0/src/rp2_common/pico_malloc/malloc.c.obj (calloc)
C:/Users/staro/.pico-sdk/toolchain/13_2_Rel1/bin/../lib/gcc/arm-none-eabi/13.2.1/thumb/v6-m/nofp\libg.a(libc_a-callocr.o)
                              C:/Users/staro/.pico-sdk/toolchain/13_2_Rel1/bin/../lib/gcc/arm-none-eabi/13.2.1/thumb/v6-m/nofp\libg.a(libc_a-calloc.o) (_calloc_r)
C:/Users/staro/.pico-sdk/toolchain/13_2_Rel1/bin/../lib/gcc/arm-none-eabi/13.2.1/thumb/v6-m/nofp\libg.a(libc_a-malloc.o)
                              CMakeFiles/RP2040.dir/C_/Users/staro/.pico-sdk/sdk/2.0.0/src/rp2_common/pico_malloc/malloc.c.obj (malloc)
C:/Users/staro/.pico-sdk/toolchain/13_2_Rel1/bin/../lib/gcc/arm-none-eabi/13.2.1/thumb/v6-m/nofp\libg.a(libc_a-mallocr.o)
                              C:/Users/staro/.pico-sdk/toolchain/13_2_Rel1/bin/../lib/gcc/arm-none-eabi/13.2.1/thumb/v6-m/nofp\libg.a(libc_a-callocr.o) (_malloc_r)
C:/Users/staro/.pico-sdk/toolchain/13_2_Rel1/bin/../lib/gcc/arm-none-eabi/13.2.1/thumb/v6-m/nofp\libg.a(libc_a-mlock.o)
                              C:/Users/staro/.pico-sdk/toolchain/13_2_Rel1/bin/../lib/gcc/arm-none-eabi/13.2.1/thumb/v6-m/nofp\libg.a(libc_a-mallocr.o) (__malloc_lock)
C:/Users/staro/.pico-sdk/toolchain/13_2_Rel1/bin/../lib/gcc/arm-none-eabi/13.2.1/thumb/v6-m/nofp\libg.a(libc_a-realloc.o)
                              CMakeFiles/RP2040.dir/C_/Users/staro/.pico-sdk/sdk/2.0.0/src/rp2_common/pico_malloc/malloc.c.obj (realloc)
C:/Users/staro/.pico-sdk/toolchain/13_2_Rel1/bin/../lib/gcc/arm-none-eabi/13.2.1/thumb/v6-m/nofp\libg.a(libc_a-reallocr.o)
                              C:/Users/staro/.pico-sdk/toolchain/13_2_Rel1/bin/../lib/gcc/arm-none-eabi/13.2.1/thumb/v6-m/nofp\libg.a(libc_a-realloc.o) (_realloc_r)
C:/Users/staro/.pico-sdk/toolchain/13_2_Rel1/bin/../lib/gcc/arm-none-eabi/13.2.1/thumb/v6-m/nofp\libg.a(libc_a-memcmp.o)
                              CMakeFiles/RP2040.dir/C_/Users/staro/.pico-sdk/sdk/2.0.0/src/rp2_common/pico_atomic/atomic.c.obj (memcmp)
C:/Users/staro/.pico-sdk/toolchain/13_2_Rel1/bin/../lib/gcc/arm-none-eabi/13.2.1/thumb/v6-m/nofp\libg.a(libc_a-memmove.o)
                              C:/Users/staro/.pico-sdk/toolchain/13_2_Rel1/bin/../lib/gcc/arm-none-eabi/13.2.1/thumb/v6-m/nofp\libg.a(libc_a-reallocr.o) (memmove)
C:/Users/staro/.pico-sdk/toolchain/13_2_Rel1/bin/../lib/gcc/arm-none-eabi/13.2.1/thumb/v6-m/nofp\libg.a(libc_a-lcltime_r.o)
                              CMakeFiles/RP2040.dir/C_/Users/staro/.pico-sdk/sdk/2.0.0/src/common/pico_util/datetime.c.obj (localtime_r)
C:/Users/staro/.pico-sdk/toolchain/13_2_Rel1/bin/../lib/gcc/arm-none-eabi/13.2.1/thumb/v6-m/nofp\libg.a(libc_a-mktime.o)
                              CMakeFiles/RP2040.dir/C_/Users/staro/.pico-sdk/sdk/2.0.0/src/common/pico_util/datetime.c.obj (mktime)
C:/Users/staro/.pico-sdk/toolchain/13_2_Rel1/bin/../lib/gcc/arm-none-eabi/13.2.1/thumb/v6-m/nofp\libg.a(libc_a-month_lengths.o)
                              C:/Users/staro/.pico-sdk/toolchain/13_2_Rel1/bin/../lib/gcc/arm-none-eabi/13.2.1/thumb/v6-m/nofp\libg.a(libc_a-lcltime_r.o) (__month_lengths)
C:/Users/staro/.pico-sdk/toolchain/13_2_Rel1/bin/../lib/gcc/arm-none-eabi/13.2.1/thumb/v6-m/nofp\libg.a(libc_a-tzcalc_limits.o)
                              C:/Users/staro/.pico-sdk/toolchain/13_2_Rel1/bin/../lib/gcc/arm-none-eabi/13.2.1/thumb/v6-m/nofp\libg.a(libc_a-lcltime_r.o) (__tzcalc_limits)
C:/Users/staro/.pico-sdk/toolchain/13_2_Rel1/bin/../lib/gcc/arm-none-eabi/13.2.1/thumb/v6-m/nofp\libg.a(libc_a-tzlock.o)
                              C:/Users/staro/.pico-sdk/toolchain/13_2_Rel1/bin/../lib/gcc/arm-none-eabi/13.2.1/thumb/v6-m/nofp\libg.a(libc_a-lcltime_r.o) (__tz_lock)
C:/Users/staro/.pico-sdk/toolchain/13_2_Rel1/bin/../lib/gcc/arm-none-eabi/13.2.1/thumb/v6-m/nofp\libg.a(libc_a-tzset.o)
                              C:/Users/staro/.pico-sdk/toolchain/13_2_Rel1/bin/../lib/gcc/arm-none-eabi/13.2.1/thumb/v6-m/nofp\libg.a(libc_a-lcltime_r.o) (_tzset_unlocked)
C:/Users/staro/.pico-sdk/toolchain/13_2_Rel1/bin/../lib/gcc/arm-none-eabi/13.2.1/thumb/v6-m/nofp\libg.a(libc_a-tzset_r.o)
                              C:/Users/staro/.pico-sdk/toolchain/13_2_Rel1/bin/../lib/gcc/arm-none-eabi/13.2.1/thumb/v6-m/nofp\libg.a(libc_a-tzset.o) (_tzset_unlocked_r)
C:/Users/staro/.pico-sdk/toolchain/13_2_Rel1/bin/../lib/gcc/arm-none-eabi/13.2.1/thumb/v6-m/nofp\libg.a(libc_a-tzvars.o)
[...]
Memory Configuration

Name             Origin             Length             Attributes
FLASH            0x10000000         0x00200000         xr
RAM              0x20000000         0x00040000         xrw
SCRATCH_X        0x20040000         0x00001000         xrw
SCRATCH_Y        0x20041000         0x00001000         xrw
*default*        0x00000000         0xffffffff

Linker script and memory map

LOAD C:/Users/staro/.pico-sdk/toolchain/13_2_Rel1/bin/../lib/gcc/arm-none-eabi/13.2.1/thumb/v6-m/nofp/crti.o
LOAD C:/Users/staro/.pico-sdk/toolchain/13_2_Rel1/bin/../lib/gcc/arm-none-eabi/13.2.1/thumb/v6-m/nofp/crtbegin.o
LOAD C:/Users/staro/.pico-sdk/toolchain/13_2_Rel1/bin/../lib/gcc/arm-none-eabi/13.2.1/thumb/v6-m/nofp/crt0.o

.flash_begin    0x10000000        0x0
                0x10000000                        __flash_binary_start = .

.boot2          0x10000000      0x100
                0x10000000                        __boot2_start__ = .
 *(.boot2)
 .boot2         0x10000000      0x100 C:\Users\staro\AppData\Local\Temp\ccwgyQ7l.o
                0x10000100                        __boot2_end__ = .
                0x00000001                        ASSERT (((__boot2_end__ - __boot2_start__) == 0x100), ERROR: Pico second stage bootloader must be 256 bytes in size)

.text           0x10000100     0x4488
                0x10000100                        __logical_binary_start = .
 *(.vectors)
 .vectors       0x10000100       0xd4 CMakeFiles/RP2040.dir/C_/Users/staro/.pico-sdk/sdk/2.0.0/src/rp2_common/pico_crt0/crt0.S.obj
                0x10000100                __VECTOR_TABLE
                0x10000100                __vectors
                0x100001c0                isr_invalid
                0x100001c0                __default_isrs_start
                0x100001c2                isr_nmi
                0x100001c4                isr_hardfault
                0x100001c6                isr_svcall
                0x100001c8                isr_pendsv
                0x100001ca                isr_systick
                0x100001cc                isr_irq23
                0x100001cc                isr_irq18
                0x100001cc                isr_irq11
                0x100001cc                isr_irq28
                0x100001cc                isr_irq19
                0x100001cc                isr_irq0
                0x100001cc                isr_irq6
                0x100001cc                isr_irq5
                0x100001cc                isr_irq12
                0x100001cc                isr_irq22
                0x100001cc                isr_irq31
                0x100001cc                isr_irq17
                0x100001cc                isr_irq27
                0x100001cc                isr_irq30
                0x100001cc                isr_irq2
                0x100001cc                isr_irq10
                0x100001cc                isr_irq8
                0x100001cc                isr_irq24
                0x100001cc                isr_irq1
                0x100001cc                isr_irq7
                0x100001cc                isr_irq21
                0x100001cc                isr_irq20
                0x100001cc                isr_irq15
                0x100001cc                isr_irq25
                0x100001cc                isr_irq13
                0x100001cc                __unhandled_user_irq
                0x100001cc                isr_irq4
                0x100001cc                isr_irq16
                0x100001cc                isr_irq29
                0x100001cc                isr_irq26
                0x100001cc                __default_isrs_end
                0x100001cc                isr_irq3
                0x100001cc                isr_irq14
                0x100001cc                isr_irq9
                0x100001d2                unhandled_user_irq_num_in_r0
 *(.binary_info_header)
 .binary_info_header
                0x100001d4       0x14 CMakeFiles/RP2040.dir/C_/Users/staro/.pico-sdk/sdk/2.0.0/src/rp2_common/pico_crt0/crt0.S.obj
                0x100001e8                        __binary_info_header_end = .
 *(.embedded_block)
                0x100001e8                        __embedded_block_end = .
 *(.reset)
 .reset         0x100001e8       0x9c CMakeFiles/RP2040.dir/C_/Users/staro/.pico-sdk/sdk/2.0.0/src/rp2_common/pico_crt0/crt0.S.obj
                0x100001e8                _entry_point
 *(.init)
 .init          0x10000284        0x4 C:/Users/staro/.pico-sdk/toolchain/13_2_Rel1/bin/../lib/gcc/arm-none-eabi/13.2.1/thumb/v6-m/nofp/crti.o
                0x10000284                _init
 *(EXCLUDE_FILE(*libm.a: *libc.a:*lib_a-mem*.o *libgcc.a:) .text*)
 .text.register_tm_clones
                0x10000288       0x28 C:/Users/staro/.pico-sdk/toolchain/13_2_Rel1/bin/../lib/gcc/arm-none-eabi/13.2.1/thumb/v6-m/nofp/crtbegin.o
 .text.frame_dummy
                0x100002b0       0x24 C:/Users/staro/.pico-sdk/toolchain/13_2_Rel1/bin/../lib/gcc/arm-none-eabi/13.2.1/thumb/v6-m/nofp/crtbegin.o
 .text.startup.main
                0x100002d4      0x12c CMakeFiles/RP2040.dir/RP2040.c.obj
                0x100002d4                main
 .text.ch1115_command.constprop.0
                0x10000400       0x7c CMakeFiles/RP2040.dir/ch1115.c.obj
 .text.ch1115_command
                0x1000047c       0x80 CMakeFiles/RP2040.dir/ch1115.c.obj
                0x1000047c                ch1115_command
 .text.ch1115_init
                0x100004fc       0xd8 CMakeFiles/RP2040.dir/ch1115.c.obj
                0x100004fc                ch1115_init
 .text.OLEDupdate
                0x100005d4       0xb0 CMakeFiles/RP2040.dir/ch1115.c.obj
                0x100005d4                OLEDupdate
 .text.drawPixel
                0x10000684       0x64 CMakeFiles/RP2040.dir/ch1115.c.obj
                0x10000684                drawPixel
 .text.drawCircle
                0x100006e8      0x140 CMakeFiles/RP2040.dir/ch1115.c.obj
                0x100006e8                drawCircle
 .text.println1
                0x10000828       0x18 CMakeFiles/RP2040.dir/ch1115_print.c.obj
                0x10000828                println1
 .text.setFont  0x10000840       0x54 CMakeFiles/RP2040.dir/ch1115_graphics.c.obj
                0x10000840                setFont
 .text.CH1115_graphics_init
                0x10000894       0x7c CMakeFiles/RP2040.dir/ch1115_graphics.c.obj
                0x10000894                CH1115_graphics_init
 .text.setCursor
                0x10000910       0x14 CMakeFiles/RP2040.dir/ch1115_graphics.c.obj
                0x10000910                setCursor
 .text.writeChar
                0x10000924      0x23c CMakeFiles/RP2040.dir/ch1115_graphics.c.obj
                0x10000924                writeChar
 .text.write    0x10000b60       0x84 CMakeFiles/RP2040.dir/ch1115_graphics.c.obj
                0x10000b60                write
 .text.gpio_set_function
                0x10000be4       0x34 CMakeFiles/RP2040.dir/C_/Users/staro/.pico-sdk/sdk/2.0.0/src/rp2_common/hardware_gpio/gpio.c.obj
                0x10000be4                gpio_set_function
 .text.gpio_init
                0x10000c18       0x40 CMakeFiles/RP2040.dir/C_/Users/staro/.pico-sdk/sdk/2.0.0/src/rp2_common/hardware_gpio/gpio.c.obj
                0x10000c18                gpio_init
 .text.panic    0x10000c58       0x30 CMakeFiles/RP2040.dir/C_/Users/staro/.pico-sdk/sdk/2.0.0/src/rp2_common/pico_platform_panic/panic.c.obj
                0x10000c58                panic
 .text.hw_claim_or_assert
                0x10000c88       0x44 CMakeFiles/RP2040.dir/C_/Users/staro/.pico-sdk/sdk/2.0.0/src/common/hardware_claim/claim.c.obj
                0x10000c88                hw_claim_or_assert
 .text.next_striped_spin_lock_num
                0x10000ccc       0x18 CMakeFiles/RP2040.dir/C_/Users/staro/.pico-sdk/sdk/2.0.0/src/rp2_common/hardware_sync/sync.c.obj
                0x10000ccc                next_striped_spin_lock_num
 .text.spin_locks_reset
                0x10000ce4       0x1c CMakeFiles/RP2040.dir/C_/Users/staro/.pico-sdk/sdk/2.0.0/src/rp2_common/hardware_sync_spin_lock/sync_spin_lock.c.obj
                0x10000ce4                spin_locks_reset
 .text.runtime_init_per_core_irq_priorities
                0x10000d00       0x24 CMakeFiles/RP2040.dir/C_/Users/staro/.pico-sdk/sdk/2.0.0/src/rp2_common/hardware_irq/irq.c.obj
                0x10000d00                runtime_init_per_core_irq_priorities
 .text.irq_set_enabled
                0x10000d24       0x24 CMakeFiles/RP2040.dir/C_/Users/staro/.pico-sdk/sdk/2.0.0/src/rp2_common/hardware_irq/irq.c.obj
                0x10000d24                irq_set_enabled
 .text.irq_set_exclusive_handler
                0x10000d48       0x54 CMakeFiles/RP2040.dir/C_/Users/staro/.pico-sdk/sdk/2.0.0/src/rp2_common/hardware_irq/irq.c.obj
                0x10000d48                irq_set_exclusive_handler
 .text.lock_init
                0x10000d9c       0x10 CMakeFiles/RP2040.dir/C_/Users/staro/.pico-sdk/sdk/2.0.0/src/common/pico_sync/lock_core.c.obj
                0x10000d9c                lock_init
 .text.runtime_init_mutex
                0x10000dac       0x50 CMakeFiles/RP2040.dir/C_/Users/staro/.pico-sdk/sdk/2.0.0/src/common/pico_sync/mutex.c.obj
                0x10000dac                runtime_init_mutex
 .text.sleep_until_callback
                0x10000dfc       0x30 CMakeFiles/RP2040.dir/C_/Users/staro/.pico-sdk/sdk/2.0.0/src/common/pico_time/time.c.obj
 .text.alarm_pool_irq_handler
                0x10000e2c      0x2e4 CMakeFiles/RP2040.dir/C_/Users/staro/.pico-sdk/sdk/2.0.0/src/common/pico_time/time.c.obj
 .text.runtime_init_default_alarm_pool
                0x10001110       0xdc CMakeFiles/RP2040.dir/C_/Users/staro/.pico-sdk/sdk/2.0.0/src/common/pico_time/time.c.obj
                0x10001110                runtime_init_default_alarm_pool
 .text.alarm_pool_add_alarm_at_force_in_context
                0x100011ec       0xb0 CMakeFiles/RP2040.dir/C_/Users/staro/.pico-sdk/sdk/2.0.0/src/common/pico_time/time.c.obj
                0x100011ec                alarm_pool_add_alarm_at_force_in_context
 .text.alarm_pool_cancel_alarm
                0x1000129c       0x74 CMakeFiles/RP2040.dir/C_/Users/staro/.pico-sdk/sdk/2.0.0/src/common/pico_time/time.c.obj
                0x1000129c                alarm_pool_cancel_alarm
 .text.sleep_until
                0x10001310       0xd8 CMakeFiles/RP2040.dir/C_/Users/staro/.pico-sdk/sdk/2.0.0/src/common/pico_time/time.c.obj
                0x10001310                sleep_until
 .text.sleep_ms
                0x100013e8       0x38 CMakeFiles/RP2040.dir/C_/Users/staro/.pico-sdk/sdk/2.0.0/src/common/pico_time/time.c.obj
                0x100013e8                sleep_ms
 .text.best_effort_wfe_or_timeout
                0x10001420      0x134 CMakeFiles/RP2040.dir/C_/Users/staro/.pico-sdk/sdk/2.0.0/src/common/pico_time/time.c.obj
                0x10001420                best_effort_wfe_or_timeout
 .text.timer_hardware_alarm_claim
                0x10001554       0x14 CMakeFiles/RP2040.dir/C_/Users/staro/.pico-sdk/sdk/2.0.0/src/rp2_common/hardware_timer/timer.c.obj
                0x10001554                timer_hardware_alarm_claim
 .text.timer_time_us_64
                0x10001568       0x10 CMakeFiles/RP2040.dir/C_/Users/staro/.pico-sdk/sdk/2.0.0/src/rp2_common/hardware_timer/timer.c.obj
                0x10001568                timer_time_us_64
 .text.time_us_64
                0x10001578       0x14 CMakeFiles/RP2040.dir/C_/Users/staro/.pico-sdk/sdk/2.0.0/src/rp2_common/hardware_timer/timer.c.obj
                0x10001578                time_us_64
 .text.busy_wait_until
                0x1000158c       0x20 CMakeFiles/RP2040.dir/C_/Users/staro/.pico-sdk/sdk/2.0.0/src/rp2_common/hardware_timer/timer.c.obj
                0x1000158c                busy_wait_until
 .text.clock_configure_int_divider
                0x100015ac       0xf4 CMakeFiles/RP2040.dir/C_/Users/staro/.pico-sdk/sdk/2.0.0/src/rp2_common/hardware_clocks/clocks.c.obj
                0x100015ac                clock_configure_int_divider
 .text.clock_configure_undivided
                0x100016a0       0xe8 CMakeFiles/RP2040.dir/C_/Users/staro/.pico-sdk/sdk/2.0.0/src/rp2_common/hardware_clocks/clocks.c.obj
                0x100016a0                clock_configure_undivided
 .text.clock_get_hz
                0x10001788        0xc CMakeFiles/RP2040.dir/C_/Users/staro/.pico-sdk/sdk/2.0.0/src/rp2_common/hardware_clocks/clocks.c.obj
                0x10001788                clock_get_hz
 .text.pll_init
                0x10001794       0xa4 CMakeFiles/RP2040.dir/C_/Users/staro/.pico-sdk/sdk/2.0.0/src/rp2_common/hardware_pll/pll.c.obj
                0x10001794                pll_init
 .text.tick_start
                0x10001838       0x10 CMakeFiles/RP2040.dir/C_/Users/staro/.pico-sdk/sdk/2.0.0/src/rp2_common/hardware_ticks/ticks.c.obj
                0x10001838                tick_start
 .text.xosc_init
                0x10001848       0x28 CMakeFiles/RP2040.dir/C_/Users/staro/.pico-sdk/sdk/2.0.0/src/rp2_common/hardware_xosc/xosc.c.obj
                0x10001848                xosc_init
 .text.first_per_core_initializer
                0x10001870        0x4 CMakeFiles/RP2040.dir/C_/Users/staro/.pico-sdk/sdk/2.0.0/src/rp2_common/pico_runtime/runtime.c.obj
 .text.hard_assertion_failure
                0x10001874        0xc CMakeFiles/RP2040.dir/C_/Users/staro/.pico-sdk/sdk/2.0.0/src/rp2_common/pico_runtime/runtime.c.obj
                0x10001874                hard_assertion_failure
 .text.runtime_run_initializers
                0x10001880       0x28 CMakeFiles/RP2040.dir/C_/Users/staro/.pico-sdk/sdk/2.0.0/src/rp2_common/pico_runtime/runtime.c.obj
                0x10001880                runtime_run_initializers
 .text.runtime_init_early_resets
                0x100018a8       0x2c CMakeFiles/RP2040.dir/C_/Users/staro/.pico-sdk/sdk/2.0.0/src/rp2_common/pico_runtime_init/runtime_init.c.obj
                0x100018a8                runtime_init_early_resets
 .text.runtime_init_usb_power_down
                0x100018d4       0x1c CMakeFiles/RP2040.dir/C_/Users/staro/.pico-sdk/sdk/2.0.0/src/rp2_common/pico_runtime_init/runtime_init.c.obj
                0x100018d4                runtime_init_usb_power_down
 .text.runtime_init_post_clock_resets
                0x100018f0       0x20 CMakeFiles/RP2040.dir/C_/Users/staro/.pico-sdk/sdk/2.0.0/src/rp2_common/pico_runtime_init/runtime_init.c.obj
                0x100018f0                runtime_init_post_clock_resets
 .text.runtime_init_rp2040_gpio_ie_disable
                0x10001910       0x14 CMakeFiles/RP2040.dir/C_/Users/staro/.pico-sdk/sdk/2.0.0/src/rp2_common/pico_runtime_init/runtime_init.c.obj
                0x10001910                runtime_init_rp2040_gpio_ie_disable
 .text.runtime_init_spin_locks_reset
                0x10001924        0x8 CMakeFiles/RP2040.dir/C_/Users/staro/.pico-sdk/sdk/2.0.0/src/rp2_common/pico_runtime_init/runtime_init.c.obj
                0x10001924                runtime_init_spin_locks_reset
 .text.runtime_init_install_ram_vector_table
                0x1000192c       0x1c CMakeFiles/RP2040.dir/C_/Users/staro/.pico-sdk/sdk/2.0.0/src/rp2_common/pico_runtime_init/runtime_init.c.obj
                0x1000192c                runtime_init_install_ram_vector_table
 .text.runtime_init_clocks
                0x10001948       0xd8 CMakeFiles/RP2040.dir/C_/Users/staro/.pico-sdk/sdk/2.0.0/src/rp2_common/pico_runtime_init/runtime_init_clocks.c.obj
                0x10001948                runtime_init_clocks
 .text          0x10001a20       0x10 CMakeFiles/RP2040.dir/C_/Users/staro/.pico-sdk/sdk/2.0.0/src/rp2_common/pico_bit_ops/bit_ops_aeabi.S.obj
 .text.rom_func_lookup
                0x10001a30       0x10 CMakeFiles/RP2040.dir/C_/Users/staro/.pico-sdk/sdk/2.0.0/src/rp2_common/pico_bootrom/bootrom.c.obj
                0x10001a30                rom_func_lookup
 .text.rom_data_lookup
                0x10001a40       0x10 CMakeFiles/RP2040.dir/C_/Users/staro/.pico-sdk/sdk/2.0.0/src/rp2_common/pico_bootrom/bootrom.c.obj
                0x10001a40                rom_data_lookup
 .text.rom_funcs_lookup
                0x10001a50       0x44 CMakeFiles/RP2040.dir/C_/Users/staro/.pico-sdk/sdk/2.0.0/src/rp2_common/pico_bootrom/bootrom.c.obj
                0x10001a50                rom_funcs_lookup
 .text.__wrap___aeabi_idiv
                0x10001a94       0x50 CMakeFiles/RP2040.dir/C_/Users/staro/.pico-sdk/sdk/2.0.0/src/rp2_common/pico_divider/divider_hardware.S.obj
                0x10001a94                __wrap___aeabi_idivmod
                0x10001a94                divmod_s32s32
                0x10001a94                div_s32s32
                0x10001a94                __wrap___aeabi_idiv
                0x10001a9c                divmod_s32s32_unsafe
                0x10001ac8                divmod_s32s32_savestate
 .text.__wrap___aeabi_uidiv
                0x10001ae4       0x4c CMakeFiles/RP2040.dir/C_/Users/staro/.pico-sdk/sdk/2.0.0/src/rp2_common/pico_divider/divider_hardware.S.obj
                0x10001ae4                __wrap___aeabi_uidiv
                0x10001ae4                __wrap___aeabi_uidivmod
                0x10001ae4                div_u32u32
                0x10001ae4                divmod_u32u32
                0x10001aec                divmod_u32u32_unsafe
                0x10001b14                divmod_u32u32_savestate
 .text.__wrap___aeabi_ldiv
                0x10001b30      0x424 CMakeFiles/RP2040.dir/C_/Users/staro/.pico-sdk/sdk/2.0.0/src/rp2_common/pico_divider/divider_hardware.S.obj
                0x10001b30                div_s64s64
                0x10001b30                divmod_s64s64
                0x10001b30                __wrap___aeabi_ldivmod
                0x10001b60                divmod_u64u64
                0x10001b60                div_u64u64
                0x10001b60                __wrap___aeabi_uldivmod
                0x10001b70                divmod_u64u64_savestate
                0x10001b90                divmod_s64s64_unsafe
                0x10001c18                divmod_u64u64_unsafe
 .text.__wrap___aeabi_darithmetic
                0x10001f54       0x80 CMakeFiles/RP2040.dir/C_/Users/staro/.pico-sdk/sdk/2.0.0/src/rp2_common/pico_double/double_aeabi_rp2040.S.obj
                0x10001f54                __wrap___aeabi_drsub
                0x10001f5a                __wrap___aeabi_dsub
                0x10001f6c                __wrap___aeabi_dadd
                0x10001f7e                __wrap___aeabi_ddiv
                0x10001fba                __wrap___aeabi_dmul
 .text.__wrap___aeabi_cdcmple
                0x10001fd4       0x6c CMakeFiles/RP2040.dir/C_/Users/staro/.pico-sdk/sdk/2.0.0/src/rp2_common/pico_double/double_aeabi_rp2040.S.obj
                0x10001fd4                __wrap___aeabi_cdrcmple
                0x10001fe4                __wrap___aeabi_cdcmpeq
                0x10001fe4                __wrap___aeabi_cdcmple
 .text.__wrap___aeabi_dcmplt
                0x10002040        0xc CMakeFiles/RP2040.dir/C_/Users/staro/.pico-sdk/sdk/2.0.0/src/rp2_common/pico_double/double_aeabi_rp2040.S.obj
                0x10002040                __wrap___aeabi_dcmplt
 .text.__wrap___aeabi_dcmpge
                0x1000204c       0x10 CMakeFiles/RP2040.dir/C_/Users/staro/.pico-sdk/sdk/2.0.0/src/rp2_common/pico_double/double_aeabi_rp2040.S.obj
                0x1000204c                __wrap___aeabi_dcmpge
 .text.__wrap___aeabi_dcmpgt
                0x1000205c        0xa CMakeFiles/RP2040.dir/C_/Users/staro/.pico-sdk/sdk/2.0.0/src/rp2_common/pico_double/double_aeabi_rp2040.S.obj
                0x1000205c                __wrap___aeabi_dcmpgt
 .text.__wrap___aeabi_dcmpun
                0x10002066       0x18 CMakeFiles/RP2040.dir/C_/Users/staro/.pico-sdk/sdk/2.0.0/src/rp2_common/pico_double/double_aeabi_rp2040.S.obj
                0x10002066                __wrap___aeabi_dcmpun
 *fill*         0x1000207e        0x2 
 .text.__wrap___aeabi_i2d
                0x10002080       0x38 CMakeFiles/RP2040.dir/C_/Users/staro/.pico-sdk/sdk/2.0.0/src/rp2_common/pico_double/double_aeabi_rp2040.S.obj
                0x10002080                __wrap___aeabi_ui2d
                0x10002088                __wrap___aeabi_i2d
 .text.__wrap___aeabi_d2iz
                0x100020b8       0x48 CMakeFiles/RP2040.dir/C_/Users/staro/.pico-sdk/sdk/2.0.0/src/rp2_common/pico_double/double_aeabi_rp2040.S.obj
                0x100020b8                double2int_z
                0x100020b8                __wrap___aeabi_d2iz
 .text.__wrap___aeabi_d2uiz
                0x10002100       0x18 CMakeFiles/RP2040.dir/C_/Users/staro/.pico-sdk/sdk/2.0.0/src/rp2_common/pico_double/double_aeabi_rp2040.S.obj
                0x10002100                __wrap___aeabi_d2uiz
                0x10002100                double2uint
 .text.__aeabi_double_init
                0x10002118       0xa4 CMakeFiles/RP2040.dir/C_/Users/staro/.pico-sdk/sdk/2.0.0/src/rp2_common/pico_double/double_init_rom_rp2040.c.obj
                0x10002118                __aeabi_double_init
 .text.double_table_shim_on_use_helper
                0x100021bc       0x2c CMakeFiles/RP2040.dir/C_/Users/staro/.pico-sdk/sdk/2.0.0/src/rp2_common/pico_double/double_v1_rom_shim_rp2040.S.obj
                0x100021bc                double_table_shim_on_use_helper
 .text.__wrap___aeabi_dsub
                0x100021e8       0x10 CMakeFiles/RP2040.dir/C_/Users/staro/.pico-sdk/sdk/2.0.0/src/rp2_common/pico_double/double_v1_rom_shim_rp2040.S.obj
                0x100021e8                drsub_shim
                0x100021ee                dsub_shim
 .text.dadd_shim
                0x100021f8      0x15c CMakeFiles/RP2040.dir/C_/Users/staro/.pico-sdk/sdk/2.0.0/src/rp2_common/pico_double/double_v1_rom_shim_rp2040.S.obj
                0x100021f8                dadd_shim
 .text.dmul_shim
                0x10002354      0x15c CMakeFiles/RP2040.dir/C_/Users/staro/.pico-sdk/sdk/2.0.0/src/rp2_common/pico_double/double_v1_rom_shim_rp2040.S.obj
                0x10002354                dmul_shim
 .text.ddiv_shim
                0x100024b0      0x1b0 CMakeFiles/RP2040.dir/C_/Users/staro/.pico-sdk/sdk/2.0.0/src/rp2_common/pico_double/double_v1_rom_shim_rp2040.S.obj
                0x100024b0                ddiv_shim
 .text.double2uint_shim
                0x10002660        0xe CMakeFiles/RP2040.dir/C_/Users/staro/.pico-sdk/sdk/2.0.0/src/rp2_common/pico_double/double_v1_rom_shim_rp2040.S.obj
                0x10002660                double2uint_shim
                0x10002662                double2ufix_shim
 *fill*         0x1000266e        0x2 
 .text.double2uint64_shim
                0x10002670       0x70 CMakeFiles/RP2040.dir/C_/Users/staro/.pico-sdk/sdk/2.0.0/src/rp2_common/pico_double/double_v1_rom_shim_rp2040.S.obj
                0x10002670                double2uint64_shim
                0x10002672                double2ufix64_shim
                0x10002692                d2fix_a
 .text.dunpacks
                0x100026e0       0x3c CMakeFiles/RP2040.dir/C_/Users/staro/.pico-sdk/sdk/2.0.0/src/rp2_common/pico_double/double_v1_rom_shim_rp2040.S.obj
                0x100026e0                dunpacks
 .text.__aeabi_lmul
                0x1000271c       0x32 CMakeFiles/RP2040.dir/C_/Users/staro/.pico-sdk/sdk/2.0.0/src/rp2_common/pico_int64_ops/pico_int64_ops_aeabi.S.obj
                0x1000271c                __wrap___aeabi_lmul
 *fill*         0x1000274e        0x2 
 .text.__aeabi_float_init
                0x10002750       0x64 CMakeFiles/RP2040.dir/C_/Users/staro/.pico-sdk/sdk/2.0.0/src/rp2_common/pico_float/float_init_rom_rp2040.c.obj
                0x10002750                __aeabi_float_init
 .text.float_table_shim_on_use_helper
                0x100027b4       0x2c CMakeFiles/RP2040.dir/C_/Users/staro/.pico-sdk/sdk/2.0.0/src/rp2_common/pico_float/float_v1_rom_shim_rp2040.S.obj
                0x100027b4                float_table_shim_on_use_helper
 .text          0x100027e0       0x10 CMakeFiles/RP2040.dir/C_/Users/staro/.pico-sdk/sdk/2.0.0/src/rp2_common/pico_mem_ops/mem_ops_aeabi.S.obj
                0x100027e0                __aeabi_mem_init
 .text.memcpy   0x100027f0        0xc CMakeFiles/RP2040.dir/C_/Users/staro/.pico-sdk/sdk/2.0.0/src/rp2_common/pico_mem_ops/mem_ops_aeabi.S.obj
                0x100027f0                __wrap_memcpy
                0x100027f0                __wrap___aeabi_memcpy
 .text._out_null
                0x100027fc        0x4 CMakeFiles/RP2040.dir/C_/Users/staro/.pico-sdk/sdk/2.0.0/src/rp2_common/pico_printf/printf.c.obj
 .text._out_rev
                0x10002800       0xac CMakeFiles/RP2040.dir/C_/Users/staro/.pico-sdk/sdk/2.0.0/src/rp2_common/pico_printf/printf.c.obj
 .text._ntoa_format
                0x100028ac      0x250 CMakeFiles/RP2040.dir/C_/Users/staro/.pico-sdk/sdk/2.0.0/src/rp2_common/pico_printf/printf.c.obj
 .text._out_char
                0x10002afc       0x10 CMakeFiles/RP2040.dir/C_/Users/staro/.pico-sdk/sdk/2.0.0/src/rp2_common/pico_printf/printf.c.obj
 .text._out_fct
                0x10002b0c       0x10 CMakeFiles/RP2040.dir/C_/Users/staro/.pico-sdk/sdk/2.0.0/src/rp2_common/pico_printf/printf.c.obj
 .text._etoa    0x10002b1c      0x464 CMakeFiles/RP2040.dir/C_/Users/staro/.pico-sdk/sdk/2.0.0/src/rp2_common/pico_printf/printf.c.obj
 .text._ftoa    0x10002f80      0x3c0 CMakeFiles/RP2040.dir/C_/Users/staro/.pico-sdk/sdk/2.0.0/src/rp2_common/pico_printf/printf.c.obj
 .text._vsnprintf
                0x10003340      0xbc8 CMakeFiles/RP2040.dir/C_/Users/staro/.pico-sdk/sdk/2.0.0/src/rp2_common/pico_printf/printf.c.obj
 .text.vfctprintf
                0x10003f08       0x20 CMakeFiles/RP2040.dir/C_/Users/staro/.pico-sdk/sdk/2.0.0/src/rp2_common/pico_printf/printf.c.obj
                0x10003f08                vfctprintf
 .text.weak_raw_vprintf
                0x10003f28       0x30 CMakeFiles/RP2040.dir/C_/Users/staro/.pico-sdk/sdk/2.0.0/src/rp2_common/pico_printf/printf.c.obj
                0x10003f28                weak_raw_vprintf
 .text._exit    0x10003f58        0x4 CMakeFiles/RP2040.dir/C_/Users/staro/.pico-sdk/sdk/2.0.0/src/rp2_common/pico_clib_interface/newlib_interface.c.obj
                0x10003f58                _exit
 .text.exit     0x10003f5c        0x8 CMakeFiles/RP2040.dir/C_/Users/staro/.pico-sdk/sdk/2.0.0/src/rp2_common/pico_clib_interface/newlib_interface.c.obj
                0x10003f5c                exit
 .text.runtime_init
                0x10003f64       0x2c CMakeFiles/RP2040.dir/C_/Users/staro/.pico-sdk/sdk/2.0.0/src/rp2_common/pico_clib_interface/newlib_interface.c.obj
                0x10003f64                runtime_init
 .text.stdio_out_chars_no_crlf
                0x10003f90       0x10 CMakeFiles/RP2040.dir/C_/Users/staro/.pico-sdk/sdk/2.0.0/src/rp2_common/pico_stdio/stdio.c.obj
 .text.stdio_out_chars_crlf
                0x10003fa0       0x94 CMakeFiles/RP2040.dir/C_/Users/staro/.pico-sdk/sdk/2.0.0/src/rp2_common/pico_stdio/stdio.c.obj
 .text.stdio_buffered_printer
                0x10004034       0x64 CMakeFiles/RP2040.dir/C_/Users/staro/.pico-sdk/sdk/2.0.0/src/rp2_common/pico_stdio/stdio.c.obj
 .text.stdio_put_string
                0x10004098      0x100 CMakeFiles/RP2040.dir/C_/Users/staro/.pico-sdk/sdk/2.0.0/src/rp2_common/pico_stdio/stdio.c.obj
                0x10004098                stdio_put_string
 .text.stdio_init_all
                0x10004198        0x4 CMakeFiles/RP2040.dir/C_/Users/staro/.pico-sdk/sdk/2.0.0/src/rp2_common/pico_stdio/stdio.c.obj
                0x10004198                stdio_init_all
 .text.__wrap_putchar
                0x1000419c       0x98 CMakeFiles/RP2040.dir/C_/Users/staro/.pico-sdk/sdk/2.0.0/src/rp2_common/pico_stdio/stdio.c.obj
                0x1000419c                __wrap_putchar
                0x1000419c                stdio_putchar
 .text.__wrap_puts
                0x10004234       0x3c CMakeFiles/RP2040.dir/C_/Users/staro/.pico-sdk/sdk/2.0.0/src/rp2_common/pico_stdio/stdio.c.obj
                0x10004234                stdio_puts
                0x10004234                __wrap_puts
 .text.__wrap_vprintf
                0x10004270       0xd4 CMakeFiles/RP2040.dir/C_/Users/staro/.pico-sdk/sdk/2.0.0/src/rp2_common/pico_stdio/stdio.c.obj
                0x10004270                stdio_vprintf
                0x10004270                __wrap_vprintf
 .text.__wrap_printf
                0x10004344       0x18 CMakeFiles/RP2040.dir/C_/Users/staro/.pico-sdk/sdk/2.0.0/src/rp2_common/pico_stdio/stdio.c.obj
                0x10004344                __wrap_printf
                0x10004344                stdio_printf
 .text.spi_init
                0x1000435c      0x13c CMakeFiles/RP2040.dir/C_/Users/staro/.pico-sdk/sdk/2.0.0/src/rp2_common/hardware_spi/spi.c.obj
                0x1000435c                spi_init
 .text.strlen   0x10004498       0x5c C:/Users/staro/.pico-sdk/toolchain/13_2_Rel1/bin/../lib/gcc/arm-none-eabi/13.2.1/thumb/v6-m/nofp\libg.a(libc_a-strlen-stub.o)
                0x10004498                strlen
 *(.fini)
 .fini          0x100044f4        0x4 C:/Users/staro/.pico-sdk/toolchain/13_2_Rel1/bin/../lib/gcc/arm-none-eabi/13.2.1/thumb/v6-m/nofp/crti.o
                0x100044f4                _fini
 .fini.__stub   0x100044f8       0x50 linker stubs
 *crtbegin.o(.ctors)
 *crtbegin?.o(.ctors)
 *(EXCLUDE_FILE(*crtend.o *crtend?.o) .ctors)
 *(SORT_BY_NAME(.ctors.*))
 *(.ctors)
 *crtbegin.o(.dtors)
 *crtbegin?.o(.dtors)
 *(EXCLUDE_FILE(*crtend.o *crtend?.o) .dtors)
 *(SORT_BY_NAME(.dtors.*))
 *(.dtors)
                0x10004548                        . = ALIGN (0x4)
                0x10004548                        PROVIDE (__preinit_array_start = .)
 *(SORT_BY_NAME(.preinit_array.*))
 .preinit_array.00100
                0x10004548        0x4 CMakeFiles/RP2040.dir/C_/Users/staro/.pico-sdk/sdk/2.0.0/src/rp2_common/pico_runtime_init/runtime_init.c.obj
                0x10004548                __pre_init_runtime_init_early_resets
 .preinit_array.00101
                0x1000454c        0x4 CMakeFiles/RP2040.dir/C_/Users/staro/.pico-sdk/sdk/2.0.0/src/rp2_common/pico_runtime_init/runtime_init.c.obj
                0x1000454c                __pre_init_runtime_init_usb_power_down
 .preinit_array.00275
                0x10004550        0x4 CMakeFiles/RP2040.dir/C_/Users/staro/.pico-sdk/sdk/2.0.0/src/rp2_common/pico_bit_ops/bit_ops_aeabi.S.obj
 .preinit_array.00300
                0x10004554        0x4 CMakeFiles/RP2040.dir/C_/Users/staro/.pico-sdk/sdk/2.0.0/src/rp2_common/pico_mem_ops/mem_ops_aeabi.S.obj
 .preinit_array.00350
                0x10004558        0x4 CMakeFiles/RP2040.dir/C_/Users/staro/.pico-sdk/sdk/2.0.0/src/rp2_common/pico_double/double_aeabi_rp2040.S.obj
 .preinit_array.00350
                0x1000455c        0x4 CMakeFiles/RP2040.dir/C_/Users/staro/.pico-sdk/sdk/2.0.0/src/rp2_common/pico_float/float_aeabi_rp2040.S.obj
 .preinit_array.00500
                0x10004560        0x4 CMakeFiles/RP2040.dir/C_/Users/staro/.pico-sdk/sdk/2.0.0/src/rp2_common/pico_runtime_init/runtime_init.c.obj
                0x10004560                __pre_init_runtime_init_clocks
 .preinit_array.00600
                0x10004564        0x4 CMakeFiles/RP2040.dir/C_/Users/staro/.pico-sdk/sdk/2.0.0/src/rp2_common/pico_runtime_init/runtime_init.c.obj
                0x10004564                __pre_init_runtime_init_post_clock_resets
 .preinit_array.00700
                0x10004568        0x4 CMakeFiles/RP2040.dir/C_/Users/staro/.pico-sdk/sdk/2.0.0/src/rp2_common/pico_runtime_init/runtime_init.c.obj
                0x10004568                __pre_init_runtime_init_rp2040_gpio_ie_disable
 .preinit_array.01000
                0x1000456c        0x4 CMakeFiles/RP2040.dir/C_/Users/staro/.pico-sdk/sdk/2.0.0/src/rp2_common/pico_runtime_init/runtime_init.c.obj
                0x1000456c                __pre_init_runtime_init_spin_locks_reset
 .preinit_array.01100
                0x10004570        0x4 CMakeFiles/RP2040.dir/C_/Users/staro/.pico-sdk/sdk/2.0.0/src/common/pico_sync/mutex.c.obj
                0x10004570                __pre_init_runtime_init_mutex
 .preinit_array.10080
                0x10004574        0x4 CMakeFiles/RP2040.dir/C_/Users/staro/.pico-sdk/sdk/2.0.0/src/rp2_common/pico_runtime_init/runtime_init.c.obj
                0x10004574                __pre_init_runtime_init_install_ram_vector_table
 .preinit_array.11000
                0x10004578        0x4 CMakeFiles/RP2040.dir/C_/Users/staro/.pico-sdk/sdk/2.0.0/src/common/pico_time/time.c.obj
                0x10004578                __pre_init_runtime_init_default_alarm_pool
 .preinit_array.YYYYY
                0x1000457c        0x4 CMakeFiles/RP2040.dir/C_/Users/staro/.pico-sdk/sdk/2.0.0/src/rp2_common/pico_runtime/runtime.c.obj
                0x1000457c                __pre_init_first_per_core_initializer
 .preinit_array.ZZZZZ.01200
                0x10004580        0x4 CMakeFiles/RP2040.dir/C_/Users/staro/.pico-sdk/sdk/2.0.0/src/rp2_common/hardware_irq/irq.c.obj
                0x10004580                __pre_init_runtime_init_per_core_irq_priorities
 *(.preinit_array)
                0x10004584                        PROVIDE (__preinit_array_end = .)
                0x10004584                        . = ALIGN (0x4)
                0x10004584                        PROVIDE (__init_array_start = .)
 *(SORT_BY_NAME(.init_array.*))
 *(.init_array)
 .init_array    0x10004584        0x4 C:/Users/staro/.pico-sdk/toolchain/13_2_Rel1/bin/../lib/gcc/arm-none-eabi/13.2.1/thumb/v6-m/nofp/crtbegin.o
                0x10004588                        PROVIDE (__init_array_end = .)
                0x10004588                        . = ALIGN (0x4)
                [!provide]                        PROVIDE (__fini_array_start = .)
 *(SORT_BY_NAME(.fini_array.*))
 *(.fini_array)
                [!provide]                        PROVIDE (__fini_array_end = .)
 *(.eh_frame*)
 .eh_frame      0x10004588        0x0 C:/Users/staro/.pico-sdk/toolchain/13_2_Rel1/bin/../lib/gcc/arm-none-eabi/13.2.1/thumb/v6-m/nofp/crtbegin.o
                0x10004588                        . = ALIGN (0x4)

.glue_7         0x10004588        0x0
 .glue_7        0x10004588        0x0 linker stubs

.glue_7t        0x10004588        0x0
 .glue_7t       0x10004588        0x0 linker stubs

.vfp11_veneer   0x10004588        0x0
 .vfp11_veneer  0x10004588        0x0 linker stubs

.v4_bx          0x10004588        0x0
 .v4_bx         0x10004588        0x0 linker stubs

.iplt           0x10004588        0x0
 .iplt          0x10004588        0x0 C:/Users/staro/.pico-sdk/toolchain/13_2_Rel1/bin/../lib/gcc/arm-none-eabi/13.2.1/thumb/v6-m/nofp/crtbegin.o

.rodata         0x10004588      0xa0c
 *(EXCLUDE_FILE(*libm.a: *libc.a:*lib_a-mem*.o *libgcc.a:) .rodata*)
 .rodata.main.str1.4
                0x10004588      0x1b1 CMakeFiles/RP2040.dir/RP2040.c.obj
                                 0x43 (size before relaxing)
 *fill*         0x10004739        0x3 
 .rodata.__bi_28.0
                0x1000473c        0x8 CMakeFiles/RP2040.dir/RP2040.c.obj
 .rodata.str1.4
                0x10004744        0x7 CMakeFiles/RP2040.dir/RP2040.c.obj
 .rodata.__bi_41.1
                0x10004744        0xc CMakeFiles/RP2040.dir/RP2040.c.obj
 .rodata.FontDefault
                0x10004750      0x5fe CMakeFiles/RP2040.dir/ch1115_font.c.obj
 .rodata.setFont.str1.4
                0x10004d4e       0x3e CMakeFiles/RP2040.dir/ch1115_graphics.c.obj
 .rodata.writeChar.str1.4
                0x10004d4e       0x99 CMakeFiles/RP2040.dir/ch1115_graphics.c.obj
 .rodata.panic.str1.4
                0x10004d4e       0x12 CMakeFiles/RP2040.dir/C_/Users/staro/.pico-sdk/sdk/2.0.0/src/rp2_common/pico_platform_panic/panic.c.obj
 .rodata.timer_hardware_alarm_claim.str1.4
                0x10004d4e       0x22 CMakeFiles/RP2040.dir/C_/Users/staro/.pico-sdk/sdk/2.0.0/src/rp2_common/hardware_timer/timer.c.obj
 .rodata.hard_assertion_failure.str1.4
                0x10004d4e        0xc CMakeFiles/RP2040.dir/C_/Users/staro/.pico-sdk/sdk/2.0.0/src/rp2_common/pico_runtime/runtime.c.obj
 .rodata.str1.4
                0x10004d4e       0x30 CMakeFiles/RP2040.dir/C_/Users/staro/.pico-sdk/sdk/2.0.0/src/rp2_common/pico_standard_binary_info/standard_binary_info.c.obj
 *fill*         0x10004d4e        0x2 
 .rodata.__bi_84
                0x10004d50        0xc CMakeFiles/RP2040.dir/C_/Users/staro/.pico-sdk/sdk/2.0.0/src/rp2_common/pico_standard_binary_info/standard_binary_info.c.obj
 .rodata.__bi_60
                0x10004d5c        0xc CMakeFiles/RP2040.dir/C_/Users/staro/.pico-sdk/sdk/2.0.0/src/rp2_common/pico_standard_binary_info/standard_binary_info.c.obj
 .rodata.__bi_54
                0x10004d68        0xc CMakeFiles/RP2040.dir/C_/Users/staro/.pico-sdk/sdk/2.0.0/src/rp2_common/pico_standard_binary_info/standard_binary_info.c.obj
 .rodata.__bi_48
                0x10004d74        0xc CMakeFiles/RP2040.dir/C_/Users/staro/.pico-sdk/sdk/2.0.0/src/rp2_common/pico_standard_binary_info/standard_binary_info.c.obj
 .rodata.__bi_42
                0x10004d80        0xc CMakeFiles/RP2040.dir/C_/Users/staro/.pico-sdk/sdk/2.0.0/src/rp2_common/pico_standard_binary_info/standard_binary_info.c.obj
 .rodata.__bi_34
                0x10004d8c        0xc CMakeFiles/RP2040.dir/C_/Users/staro/.pico-sdk/sdk/2.0.0/src/rp2_common/pico_standard_binary_info/standard_binary_info.c.obj
 .rodata.__bi_26
                0x10004d98        0xc CMakeFiles/RP2040.dir/C_/Users/staro/.pico-sdk/sdk/2.0.0/src/rp2_common/pico_standard_binary_info/standard_binary_info.c.obj
 .rodata._ftoa.str1.4
                0x10004da4       0x15 CMakeFiles/RP2040.dir/C_/Users/staro/.pico-sdk/sdk/2.0.0/src/rp2_common/pico_printf/printf.c.obj
 .rodata._vsnprintf
                0x10004da4      0x19c CMakeFiles/RP2040.dir/C_/Users/staro/.pico-sdk/sdk/2.0.0/src/rp2_common/pico_printf/printf.c.obj
 .rodata.pow10.0
                0x10004f40       0x50 CMakeFiles/RP2040.dir/C_/Users/staro/.pico-sdk/sdk/2.0.0/src/rp2_common/pico_printf/printf.c.obj
 .rodata.crlf_str.0
                0x10004f90        0x2 CMakeFiles/RP2040.dir/C_/Users/staro/.pico-sdk/sdk/2.0.0/src/rp2_common/pico_stdio/stdio.c.obj
                0x10004f94                        . = ALIGN (0x4)
 *fill*         0x10004f92        0x2 
 *(SORT_BY_ALIGNMENT(SORT_BY_NAME(.flashdata*)))
                0x10004f94                        . = ALIGN (0x4)

.ARM.extab
 *(.ARM.extab* .gnu.linkonce.armextab.*)
                0x10004f94                        __exidx_start = .

.ARM.exidx
 *(.ARM.exidx* .gnu.linkonce.armexidx.*)
                0x10004f94                        __exidx_end = .
                0x10004f94                        . = ALIGN (0x4)
                0x10004f94                        __binary_info_start = .

.binary_info    0x10004f94       0x24
 *(.binary_info.keep.*)
 .binary_info.keep.__bi_ptr41
                0x10004f94        0x4 CMakeFiles/RP2040.dir/RP2040.c.obj
 .binary_info.keep.__bi_ptr28
                0x10004f98        0x4 CMakeFiles/RP2040.dir/RP2040.c.obj
 .binary_info.keep.__bi_ptr84
                0x10004f9c        0x4 CMakeFiles/RP2040.dir/C_/Users/staro/.pico-sdk/sdk/2.0.0/src/rp2_common/pico_standard_binary_info/standard_binary_info.c.obj
 .binary_info.keep.__bi_ptr60
                0x10004fa0        0x4 CMakeFiles/RP2040.dir/C_/Users/staro/.pico-sdk/sdk/2.0.0/src/rp2_common/pico_standard_binary_info/standard_binary_info.c.obj
 .binary_info.keep.__bi_ptr54
                0x10004fa4        0x4 CMakeFiles/RP2040.dir/C_/Users/staro/.pico-sdk/sdk/2.0.0/src/rp2_common/pico_standard_binary_info/standard_binary_info.c.obj
 .binary_info.keep.__bi_ptr48
                0x10004fa8        0x4 CMakeFiles/RP2040.dir/C_/Users/staro/.pico-sdk/sdk/2.0.0/src/rp2_common/pico_standard_binary_info/standard_binary_info.c.obj
 .binary_info.keep.__bi_ptr42
                0x10004fac        0x4 CMakeFiles/RP2040.dir/C_/Users/staro/.pico-sdk/sdk/2.0.0/src/rp2_common/pico_standard_binary_info/standard_binary_info.c.obj
 .binary_info.keep.__bi_ptr34
                0x10004fb0        0x4 CMakeFiles/RP2040.dir/C_/Users/staro/.pico-sdk/sdk/2.0.0/src/rp2_common/pico_standard_binary_info/standard_binary_info.c.obj
 .binary_info.keep.__bi_ptr26
                0x10004fb4        0x4 CMakeFiles/RP2040.dir/C_/Users/staro/.pico-sdk/sdk/2.0.0/src/rp2_common/pico_standard_binary_info/standard_binary_info.c.obj
 *(.binary_info.*)
                0x10004fb8                        __binary_info_end = .

.rel.dyn        0x10004fb8        0x0
 .rel.iplt      0x10004fb8        0x0 C:/Users/staro/.pico-sdk/toolchain/13_2_Rel1/bin/../lib/gcc/arm-none-eabi/13.2.1/thumb/v6-m/nofp/crtbegin.o
                0x10004fb8                        . = ALIGN (0x4)

.ram_vector_table
                0x20000000       0xc0
 *(.ram_vector_table)
 .ram_vector_table
                0x20000000       0xc0 CMakeFiles/RP2040.dir/C_/Users/staro/.pico-sdk/sdk/2.0.0/src/rp2_common/pico_runtime_init/runtime_init.c.obj
                0x20000000                ram_vector_table

.uninitialized_data
                0x200000c0        0x0
                0x200000c0                        . = ALIGN (0x4)
 *(.uninitialized_data*)

.data           0x200000c0      0x178 load address 0x10004fb8
                0x200000c0                        __data_start__ = .
 *(vtable)
 *(.time_critical*)
 .time_critical.mutex_try_enter_block_until
                0x200000c0       0x9c CMakeFiles/RP2040.dir/C_/Users/staro/.pico-sdk/sdk/2.0.0/src/common/pico_sync/mutex.c.obj
                0x200000c0                mutex_try_enter_block_until
 .time_critical.mutex_exit
                0x2000015c       0x28 CMakeFiles/RP2040.dir/C_/Users/staro/.pico-sdk/sdk/2.0.0/src/common/pico_sync/mutex.c.obj
                0x2000015c                mutex_exit
 .time_critical.spi_write_blocking
                0x20000184       0x4c CMakeFiles/RP2040.dir/C_/Users/staro/.pico-sdk/sdk/2.0.0/src/rp2_common/hardware_spi/spi.c.obj
                0x20000184                spi_write_blocking
 *(.text*)
 .text          0x200001d0        0x4 C:/Users/staro/.pico-sdk/toolchain/13_2_Rel1/bin/../lib/gcc/arm-none-eabi/13.2.1/thumb/v6-m/nofp\libgcc.a(_dvmd_tls.o)
                0x200001d0                __aeabi_idiv0
                0x200001d0                __aeabi_ldiv0
 *fill*         0x200001d4        0x4 
 .text.__stub   0x200001d8       0x10 linker stubs
                0x200001e8                        . = ALIGN (0x4)
 *(.rodata*)
                0x200001e8                        . = ALIGN (0x4)
 *(.data*)
 .data.pFontDefault
                0x200001e8        0x4 CMakeFiles/RP2040.dir/ch1115_font.c.obj
                0x200001e8                pFontDefault
 .data._height  0x200001ec        0x2 CMakeFiles/RP2040.dir/ch1115_graphics.c.obj
                0x200001ec                _height
 .data._width   0x200001ee        0x2 CMakeFiles/RP2040.dir/ch1115_graphics.c.obj
                0x200001ee                _width
 .data.striped_spin_lock_num
                0x200001f0        0x1 CMakeFiles/RP2040.dir/C_/Users/staro/.pico-sdk/sdk/2.0.0/src/rp2_common/hardware_sync/sync.c.obj
 *fill*         0x200001f1        0x3 
 .data.default_alarm_pool
                0x200001f4       0x18 CMakeFiles/RP2040.dir/C_/Users/staro/.pico-sdk/sdk/2.0.0/src/common/pico_time/time.c.obj
 *fill*         0x2000020c        0x4 
 .data.aeabi_bits_funcs
                0x20000210       0x10 CMakeFiles/RP2040.dir/C_/Users/staro/.pico-sdk/sdk/2.0.0/src/rp2_common/pico_bit_ops/bit_ops_aeabi.S.obj
                0x20000210                aeabi_bits_funcs
                0x20000220                aeabi_bits_funcs_end
 .data.aeabi_mem_funcs
                0x20000220       0x10 CMakeFiles/RP2040.dir/C_/Users/staro/.pico-sdk/sdk/2.0.0/src/rp2_common/pico_mem_ops/mem_ops_aeabi.S.obj
                0x20000220                aeabi_mem_funcs
                0x20000230                aeabi_mem_funcs_end
                0x20000230                        . = ALIGN (0x4)
 *(.after_data.*)
                0x20000230                        . = ALIGN (0x4)
                0x20000230                        PROVIDE (__mutex_array_start = .)
 *(SORT_BY_NAME(.mutex_array.*))
 *(.mutex_array)
 .mutex_array   0x20000230        0x8 CMakeFiles/RP2040.dir/C_/Users/staro/.pico-sdk/sdk/2.0.0/src/rp2_common/pico_stdio/stdio.c.obj
                0x20000238                        PROVIDE (__mutex_array_end = .)
                0x20000238                        . = ALIGN (0x4)
 *(.jcr)
                0x20000238                        . = ALIGN (0x4)

.tm_clone_table
                0x20000238        0x0 load address 0x10005130
 .tm_clone_table
                0x20000238        0x0 C:/Users/staro/.pico-sdk/toolchain/13_2_Rel1/bin/../lib/gcc/arm-none-eabi/13.2.1/thumb/v6-m/nofp/crtbegin.o
 .tm_clone_table
                0x20000238        0x0 C:/Users/staro/.pico-sdk/toolchain/13_2_Rel1/bin/../lib/gcc/arm-none-eabi/13.2.1/thumb/v6-m/nofp/crtend.o

.igot.plt       0x20000238        0x0 load address 0x10005130
 .igot.plt      0x20000238        0x0 C:/Users/staro/.pico-sdk/toolchain/13_2_Rel1/bin/../lib/gcc/arm-none-eabi/13.2.1/thumb/v6-m/nofp/crtbegin.o

.tdata          0x20000238        0x0 load address 0x10005130
                0x20000238                        . = ALIGN (0x4)
 *(.tdata .tdata.* .gnu.linkonce.td.*)
                0x20000238                        __tdata_end = .
                0x20000238                        PROVIDE (__data_end__ = .)
                0x10004fb8                        __etext = LOADADDR (.data)

.tbss           0x20000238        0x0 load address 0x10005130
                0x20000238                        . = ALIGN (0x4)
                0x20000238                        __bss_start__ = .
                0x20000238                        __tls_base = .
 *(.tbss .tbss.* .gnu.linkonce.tb.*)
 *(.tcommon)
                0x20000238                        __tls_end = .

.bss            0x20000238      0x7f8 load address 0x10005130
                0x20000238                        . = ALIGN (0x4)
                0x20000238                        __tbss_end = .
 *(SORT_BY_ALIGNMENT(SORT_BY_NAME(.bss*)))
 .bss.default_alarm_pool_entries
                0x20000238      0x180 CMakeFiles/RP2040.dir/C_/Users/staro/.pico-sdk/sdk/2.0.0/src/common/pico_time/time.c.obj
 .bss.sd_table  0x200003b8      0x100 CMakeFiles/RP2040.dir/C_/Users/staro/.pico-sdk/sdk/2.0.0/src/rp2_common/pico_double/double_init_rom_rp2040.c.obj
                0x200003b8                sd_table
 .bss.sf_table  0x200004b8      0x100 CMakeFiles/RP2040.dir/C_/Users/staro/.pico-sdk/sdk/2.0.0/src/rp2_common/pico_float/float_init_rom_rp2040.c.obj
                0x200004b8                sf_table
 .bss.OLEDbuffer
                0x200005b8      0x400 CMakeFiles/RP2040.dir/ch1115.c.obj
                0x200005b8                OLEDbuffer
 .bss._FontSelect
                0x200009b8        0x4 CMakeFiles/RP2040.dir/ch1115_graphics.c.obj
                0x200009b8                _FontSelect
 .bss.claimed   0x200009bc        0x1 CMakeFiles/RP2040.dir/C_/Users/staro/.pico-sdk/sdk/2.0.0/src/rp2_common/hardware_timer/timer.c.obj
 *fill*         0x200009bd        0x3 
 .bss.configured_freq
                0x200009c0       0x28 CMakeFiles/RP2040.dir/C_/Users/staro/.pico-sdk/sdk/2.0.0/src/rp2_common/hardware_clocks/clocks.c.obj
 .bss.drivers   0x200009e8        0x4 CMakeFiles/RP2040.dir/C_/Users/staro/.pico-sdk/sdk/2.0.0/src/rp2_common/pico_stdio/stdio.c.obj
 .bss.filter    0x200009ec        0x4 CMakeFiles/RP2040.dir/C_/Users/staro/.pico-sdk/sdk/2.0.0/src/rp2_common/pico_stdio/stdio.c.obj
 .bss.lazy_vsnprintf
                0x200009f0        0x4 CMakeFiles/RP2040.dir/C_/Users/staro/.pico-sdk/sdk/2.0.0/src/rp2_common/pico_printf/printf.c.obj
 .bss.object.0  0x200009f4       0x18 C:/Users/staro/.pico-sdk/toolchain/13_2_Rel1/bin/../lib/gcc/arm-none-eabi/13.2.1/thumb/v6-m/nofp/crtbegin.o
 .bss.pools     0x20000a0c       0x10 CMakeFiles/RP2040.dir/C_/Users/staro/.pico-sdk/sdk/2.0.0/src/common/pico_time/time.c.obj
 .bss.sf_clz_func
                0x20000a1c        0x4 CMakeFiles/RP2040.dir/C_/Users/staro/.pico-sdk/sdk/2.0.0/src/rp2_common/pico_double/double_init_rom_rp2040.c.obj
                0x20000a1c                sf_clz_func
 .bss.sleep_notifier
                0x20000a20        0x4 CMakeFiles/RP2040.dir/C_/Users/staro/.pico-sdk/sdk/2.0.0/src/common/pico_time/time.c.obj
 .bss._cursor_x
                0x20000a24        0x2 CMakeFiles/RP2040.dir/ch1115_graphics.c.obj
                0x20000a24                _cursor_x
 .bss._cursor_y
                0x20000a26        0x2 CMakeFiles/RP2040.dir/ch1115_graphics.c.obj
                0x20000a26                _cursor_y
 .bss._FontInverted
                0x20000a28        0x1 CMakeFiles/RP2040.dir/ch1115_graphics.c.obj
                0x20000a28                _FontInverted
 .bss._FontNumChars
                0x20000a29        0x1 CMakeFiles/RP2040.dir/ch1115_graphics.c.obj
                0x20000a29                _FontNumChars
 .bss._FontOffset
                0x20000a2a        0x1 CMakeFiles/RP2040.dir/ch1115_graphics.c.obj
                0x20000a2a                _FontOffset
 .bss._Font_X_Size
                0x20000a2b        0x1 CMakeFiles/RP2040.dir/ch1115_graphics.c.obj
                0x20000a2b                _Font_X_Size
 .bss._Font_Y_Size
                0x20000a2c        0x1 CMakeFiles/RP2040.dir/ch1115_graphics.c.obj
                0x20000a2c                _Font_Y_Size
 .bss._drawBitmapAddr
                0x20000a2d        0x1 CMakeFiles/RP2040.dir/ch1115_graphics.c.obj
                0x20000a2d                _drawBitmapAddr
 .bss._textwrap
                0x20000a2e        0x1 CMakeFiles/RP2040.dir/ch1115_graphics.c.obj
                0x20000a2e                _textwrap
 *(COMMON)
                0x20000a30                        . = ALIGN (0x4)
 *fill*         0x20000a2f        0x1 
                0x20000a30                        __bss_end__ = .

.heap           0x20000a30    0x3f5d0 load address 0x10005130
                0x20000a30                        __end__ = .
                0x20000a30                        end = __end__
 *(.heap*)
 .heap          0x20000a30      0x800 CMakeFiles/RP2040.dir/C_/Users/staro/.pico-sdk/sdk/2.0.0/src/rp2_common/pico_crt0/crt0.S.obj
                0x20040000                        . = (ORIGIN (RAM) + LENGTH (RAM))
 *fill*         0x20001230    0x3edd0 
                0x20040000                        __HeapLimit = .

.scratch_x      0x20040000        0x0 load address 0x10005130
                0x20040000                        __scratch_x_start__ = .
 *(.scratch_x.*)
                0x20040000                        . = ALIGN (0x4)
                0x20040000                        __scratch_x_end__ = .
                0x10005130                        __scratch_x_source__ = LOADADDR (.scratch_x)

.scratch_y      0x20041000        0x0 load address 0x10005130
                0x20041000                        __scratch_y_start__ = .
 *(.scratch_y.*)
                0x20041000                        . = ALIGN (0x4)
                0x20041000                        __scratch_y_end__ = .
                0x10005130                        __scratch_y_source__ = LOADADDR (.scratch_y)

.stack1_dummy
 *(.stack1*)

.stack_dummy    0x20041000      0x800
 *(.stack*)
 .stack         0x20041000      0x800 CMakeFiles/RP2040.dir/C_/Users/staro/.pico-sdk/sdk/2.0.0/src/rp2_common/pico_crt0/crt0.S.obj

.flash_end      0x10005130        0x0
 *(.embedded_end_block*)
                0x10005130                        PROVIDE (__flash_binary_end = .)
                0x20040000                        __StackLimit = (ORIGIN (RAM) + LENGTH (RAM))
                0x20041000                        __StackOneTop = (ORIGIN (SCRATCH_X) + LENGTH (SCRATCH_X))
                0x20042000                        __StackTop = (ORIGIN (SCRATCH_Y) + LENGTH (SCRATCH_Y))
                0x20041000                        __StackOneBottom = (__StackOneTop - SIZEOF (.stack1_dummy))
                0x20041800                        __StackBottom = (__StackTop - SIZEOF (.stack_dummy))
                0x20042000                        PROVIDE (__stack = __StackTop)
                [!provide]                        PROVIDE (__heap_start = __end__)
                [!provide]                        PROVIDE (__heap_end = __HeapLimit)
                [!provide]                        PROVIDE (__tls_align = MAX (ALIGNOF (.tdata), ALIGNOF (.tbss)))
                [!provide]                        PROVIDE (__tls_size_align = (((__tls_size + __tls_align) - 0x1) & ~ ((__tls_align - 0x1))))
                [!provide]                        PROVIDE (__arm32_tls_tcb_offset = MAX (0x8, __tls_align))
                [!provide]                        PROVIDE (_end = __end__)
                [!provide]                        PROVIDE (__llvm_libc_heap_limit = __HeapLimit)
                0x00000001                        ASSERT ((__StackLimit >= __HeapLimit), region RAM overflowed)
                0x00000001                        ASSERT (((__binary_info_header_end - __logical_binary_start) <= 0x100), Binary info must be in first 256 bytes of the binary)
LOAD CMakeFiles/RP2040.dir/RP2040.c.obj
LOAD CMakeFiles/RP2040.dir/ch1115.c.obj
LOAD CMakeFiles/RP2040.dir/ch1115_print.c.obj
LOAD CMakeFiles/RP2040.dir/ch1115_font.c.obj
LOAD CMakeFiles/RP2040.dir/ch1115_graphics.c.obj
LOAD CMakeFiles/RP2040.dir/C_/Users/staro/.pico-sdk/sdk/2.0.0/src/rp2_common/pico_stdlib/stdlib.c.obj
LOAD CMakeFiles/RP2040.dir/C_/Users/staro/.pico-sdk/sdk/2.0.0/src/rp2_common/hardware_gpio/gpio.c.obj
LOAD CMakeFiles/RP2040.dir/C_/Users/staro/.pico-sdk/sdk/2.0.0/src/rp2040/pico_platform/platform.c.obj
LOAD CMakeFiles/RP2040.dir/C_/Users/staro/.pico-sdk/sdk/2.0.0/src/rp2_common/pico_platform_panic/panic.c.obj
LOAD CMakeFiles/RP2040.dir/C_/Users/staro/.pico-sdk/sdk/2.0.0/src/common/hardware_claim/claim.c.obj
LOAD CMakeFiles/RP2040.dir/C_/Users/staro/.pico-sdk/sdk/2.0.0/src/rp2_common/hardware_sync/sync.c.obj
LOAD CMakeFiles/RP2040.dir/C_/Users/staro/.pico-sdk/sdk/2.0.0/src/rp2_common/hardware_sync_spin_lock/sync_spin_lock.c.obj
LOAD CMakeFiles/RP2040.dir/C_/Users/staro/.pico-sdk/sdk/2.0.0/src/rp2_common/hardware_irq/irq.c.obj
LOAD CMakeFiles/RP2040.dir/C_/Users/staro/.pico-sdk/sdk/2.0.0/src/rp2_common/hardware_irq/irq_handler_chain.S.obj
LOAD CMakeFiles/RP2040.dir/C_/Users/staro/.pico-sdk/sdk/2.0.0/src/common/pico_sync/sem.c.obj
LOAD CMakeFiles/RP2040.dir/C_/Users/staro/.pico-sdk/sdk/2.0.0/src/common/pico_sync/lock_core.c.obj
LOAD CMakeFiles/RP2040.dir/C_/Users/staro/.pico-sdk/sdk/2.0.0/src/common/pico_sync/mutex.c.obj
LOAD CMakeFiles/RP2040.dir/C_/Users/staro/.pico-sdk/sdk/2.0.0/src/common/pico_sync/critical_section.c.obj
LOAD CMakeFiles/RP2040.dir/C_/Users/staro/.pico-sdk/sdk/2.0.0/src/common/pico_time/time.c.obj
LOAD CMakeFiles/RP2040.dir/C_/Users/staro/.pico-sdk/sdk/2.0.0/src/common/pico_time/timeout_helper.c.obj
LOAD CMakeFiles/RP2040.dir/C_/Users/staro/.pico-sdk/sdk/2.0.0/src/rp2_common/hardware_timer/timer.c.obj
LOAD CMakeFiles/RP2040.dir/C_/Users/staro/.pico-sdk/sdk/2.0.0/src/common/pico_util/datetime.c.obj
LOAD CMakeFiles/RP2040.dir/C_/Users/staro/.pico-sdk/sdk/2.0.0/src/common/pico_util/pheap.c.obj
LOAD CMakeFiles/RP2040.dir/C_/Users/staro/.pico-sdk/sdk/2.0.0/src/common/pico_util/queue.c.obj
LOAD CMakeFiles/RP2040.dir/C_/Users/staro/.pico-sdk/sdk/2.0.0/src/rp2_common/hardware_uart/uart.c.obj
LOAD CMakeFiles/RP2040.dir/C_/Users/staro/.pico-sdk/sdk/2.0.0/src/rp2_common/hardware_clocks/clocks.c.obj
LOAD CMakeFiles/RP2040.dir/C_/Users/staro/.pico-sdk/sdk/2.0.0/src/rp2_common/hardware_pll/pll.c.obj
LOAD CMakeFiles/RP2040.dir/C_/Users/staro/.pico-sdk/sdk/2.0.0/src/rp2_common/hardware_vreg/vreg.c.obj
LOAD CMakeFiles/RP2040.dir/C_/Users/staro/.pico-sdk/sdk/2.0.0/src/rp2_common/hardware_watchdog/watchdog.c.obj
LOAD CMakeFiles/RP2040.dir/C_/Users/staro/.pico-sdk/sdk/2.0.0/src/rp2_common/hardware_ticks/ticks.c.obj
LOAD CMakeFiles/RP2040.dir/C_/Users/staro/.pico-sdk/sdk/2.0.0/src/rp2_common/hardware_xosc/xosc.c.obj
LOAD CMakeFiles/RP2040.dir/C_/Users/staro/.pico-sdk/sdk/2.0.0/src/rp2_common/hardware_divider/divider.S.obj
LOAD CMakeFiles/RP2040.dir/C_/Users/staro/.pico-sdk/sdk/2.0.0/src/rp2_common/pico_runtime/runtime.c.obj
LOAD CMakeFiles/RP2040.dir/C_/Users/staro/.pico-sdk/sdk/2.0.0/src/rp2_common/pico_runtime_init/runtime_init.c.obj
LOAD CMakeFiles/RP2040.dir/C_/Users/staro/.pico-sdk/sdk/2.0.0/src/rp2_common/pico_runtime_init/runtime_init_clocks.c.obj
LOAD CMakeFiles/RP2040.dir/C_/Users/staro/.pico-sdk/sdk/2.0.0/src/rp2_common/pico_runtime_init/runtime_init_stack_guard.c.obj
LOAD CMakeFiles/RP2040.dir/C_/Users/staro/.pico-sdk/sdk/2.0.0/src/rp2_common/pico_bit_ops/bit_ops_aeabi.S.obj
LOAD CMakeFiles/RP2040.dir/C_/Users/staro/.pico-sdk/sdk/2.0.0/src/rp2_common/pico_bootrom/bootrom.c.obj
LOAD CMakeFiles/RP2040.dir/C_/Users/staro/.pico-sdk/sdk/2.0.0/src/rp2_common/pico_bootrom/bootrom_lock.c.obj
LOAD CMakeFiles/RP2040.dir/C_/Users/staro/.pico-sdk/sdk/2.0.0/src/rp2_common/hardware_boot_lock/boot_lock.c.obj
LOAD CMakeFiles/RP2040.dir/C_/Users/staro/.pico-sdk/sdk/2.0.0/src/rp2_common/pico_divider/divider_hardware.S.obj
LOAD CMakeFiles/RP2040.dir/C_/Users/staro/.pico-sdk/sdk/2.0.0/src/rp2_common/pico_double/double_aeabi_rp2040.S.obj
LOAD CMakeFiles/RP2040.dir/C_/Users/staro/.pico-sdk/sdk/2.0.0/src/rp2_common/pico_double/double_init_rom_rp2040.c.obj
LOAD CMakeFiles/RP2040.dir/C_/Users/staro/.pico-sdk/sdk/2.0.0/src/rp2_common/pico_double/double_math.c.obj
LOAD CMakeFiles/RP2040.dir/C_/Users/staro/.pico-sdk/sdk/2.0.0/src/rp2_common/pico_double/double_v1_rom_shim_rp2040.S.obj
LOAD CMakeFiles/RP2040.dir/C_/Users/staro/.pico-sdk/sdk/2.0.0/src/rp2_common/pico_int64_ops/pico_int64_ops_aeabi.S.obj
LOAD CMakeFiles/RP2040.dir/C_/Users/staro/.pico-sdk/sdk/2.0.0/src/rp2_common/pico_float/float_aeabi_rp2040.S.obj
LOAD CMakeFiles/RP2040.dir/C_/Users/staro/.pico-sdk/sdk/2.0.0/src/rp2_common/pico_float/float_init_rom_rp2040.c.obj
LOAD CMakeFiles/RP2040.dir/C_/Users/staro/.pico-sdk/sdk/2.0.0/src/rp2_common/pico_float/float_math.c.obj
LOAD CMakeFiles/RP2040.dir/C_/Users/staro/.pico-sdk/sdk/2.0.0/src/rp2_common/pico_float/float_v1_rom_shim_rp2040.S.obj
LOAD CMakeFiles/RP2040.dir/C_/Users/staro/.pico-sdk/sdk/2.0.0/src/rp2_common/pico_malloc/malloc.c.obj
LOAD CMakeFiles/RP2040.dir/C_/Users/staro/.pico-sdk/sdk/2.0.0/src/rp2_common/pico_mem_ops/mem_ops_aeabi.S.obj
LOAD CMakeFiles/RP2040.dir/C_/Users/staro/.pico-sdk/sdk/2.0.0/src/rp2_common/pico_atomic/atomic.c.obj
LOAD CMakeFiles/RP2040.dir/C_/Users/staro/.pico-sdk/sdk/2.0.0/src/rp2_common/pico_cxx_options/new_delete.cpp.obj
LOAD CMakeFiles/RP2040.dir/C_/Users/staro/.pico-sdk/sdk/2.0.0/src/rp2_common/pico_standard_binary_info/standard_binary_info.c.obj
LOAD CMakeFiles/RP2040.dir/C_/Users/staro/.pico-sdk/sdk/2.0.0/src/rp2_common/pico_printf/printf.c.obj
LOAD CMakeFiles/RP2040.dir/C_/Users/staro/.pico-sdk/sdk/2.0.0/src/rp2_common/pico_crt0/crt0.S.obj
LOAD CMakeFiles/RP2040.dir/C_/Users/staro/.pico-sdk/sdk/2.0.0/src/rp2_common/pico_clib_interface/newlib_interface.c.obj
LOAD CMakeFiles/RP2040.dir/C_/Users/staro/.pico-sdk/sdk/2.0.0/src/rp2_common/pico_stdio/stdio.c.obj
LOAD CMakeFiles/RP2040.dir/C_/Users/staro/.pico-sdk/sdk/2.0.0/src/rp2_common/hardware_spi/spi.c.obj
LOAD C:\Users\staro\AppData\Local\Temp\ccwgyQ7l.o
LOAD C:/Users/staro/.pico-sdk/toolchain/13_2_Rel1/bin/../lib/gcc/arm-none-eabi/13.2.1/thumb/v6-m/nofp\libstdc++.a
LOAD C:/Users/staro/.pico-sdk/toolchain/13_2_Rel1/bin/../lib/gcc/arm-none-eabi/13.2.1/thumb/v6-m/nofp\libm.a
START GROUP
LOAD C:/Users/staro/.pico-sdk/toolchain/13_2_Rel1/bin/../lib/gcc/arm-none-eabi/13.2.1/thumb/v6-m/nofp\libgcc.a
LOAD C:/Users/staro/.pico-sdk/toolchain/13_2_Rel1/bin/../lib/gcc/arm-none-eabi/13.2.1/thumb/v6-m/nofp\libg.a
LOAD C:/Users/staro/.pico-sdk/toolchain/13_2_Rel1/bin/../lib/gcc/arm-none-eabi/13.2.1/thumb/v6-m/nofp\libc.a
END GROUP
START GROUP
LOAD C:/Users/staro/.pico-sdk/toolchain/13_2_Rel1/bin/../lib/gcc/arm-none-eabi/13.2.1/thumb/v6-m/nofp\libgcc.a
LOAD C:/Users/staro/.pico-sdk/toolchain/13_2_Rel1/bin/../lib/gcc/arm-none-eabi/13.2.1/thumb/v6-m/nofp\libc.a
LOAD C:/Users/staro/.pico-sdk/toolchain/13_2_Rel1/bin/../lib/gcc/arm-none-eabi/13.2.1/thumb/v6-m/nofp\libnosys.a
END GROUP
LOAD C:/Users/staro/.pico-sdk/toolchain/13_2_Rel1/bin/../lib/gcc/arm-none-eabi/13.2.1/thumb/v6-m/nofp/crtend.o
LOAD C:/Users/staro/.pico-sdk/toolchain/13_2_Rel1/bin/../lib/gcc/arm-none-eabi/13.2.1/thumb/v6-m/nofp/crtn.o
OUTPUT(RP2040.elf elf32-littlearm)
LOAD linker stubs

.ARM.attributes
                0x00000000       0x28
 .ARM.attributes
                0x00000000       0x1e C:/Users/staro/.pico-sdk/toolchain/13_2_Rel1/bin/../lib/gcc/arm-none-eabi/13.2.1/thumb/v6-m/nofp/crti.o
 .ARM.attributes
                0x0000001e       0x2c C:/Users/staro/.pico-sdk/toolchain/13_2_Rel1/bin/../lib/gcc/arm-none-eabi/13.2.1/thumb/v6-m/nofp/crtbegin.o
 .ARM.attributes
                0x0000004a       0x2c CMakeFiles/RP2040.dir/RP2040.c.obj
 .ARM.attributes
                0x00000076       0x2c CMakeFiles/RP2040.dir/ch1115.c.obj
 .ARM.attributes
                0x000000a2       0x2c CMakeFiles/RP2040.dir/ch1115_print.c.obj
 .ARM.attributes
                0x000000ce       0x2c CMakeFiles/RP2040.dir/ch1115_font.c.obj
 .ARM.attributes
                0x000000fa       0x2c CMakeFiles/RP2040.dir/ch1115_graphics.c.obj
 .ARM.attributes
                0x00000126       0x2c CMakeFiles/RP2040.dir/C_/Users/staro/.pico-sdk/sdk/2.0.0/src/rp2_common/hardware_gpio/gpio.c.obj
 .ARM.attributes
                0x00000152       0x2c CMakeFiles/RP2040.dir/C_/Users/staro/.pico-sdk/sdk/2.0.0/src/rp2_common/pico_platform_panic/panic.c.obj
 .ARM.attributes
                0x0000017e       0x2c CMakeFiles/RP2040.dir/C_/Users/staro/.pico-sdk/sdk/2.0.0/src/common/hardware_claim/claim.c.obj
 .ARM.attributes
                0x000001aa       0x2c CMakeFiles/RP2040.dir/C_/Users/staro/.pico-sdk/sdk/2.0.0/src/rp2_common/hardware_sync/sync.c.obj
 .ARM.attributes
                0x000001d6       0x2c CMakeFiles/RP2040.dir/C_/Users/staro/.pico-sdk/sdk/2.0.0/src/rp2_common/hardware_sync_spin_lock/sync_spin_lock.c.obj
 .ARM.attributes
                0x00000202       0x2c CMakeFiles/RP2040.dir/C_/Users/staro/.pico-sdk/sdk/2.0.0/src/rp2_common/hardware_irq/irq.c.obj
 .ARM.attributes
                0x0000022e       0x2c CMakeFiles/RP2040.dir/C_/Users/staro/.pico-sdk/sdk/2.0.0/src/common/pico_sync/lock_core.c.obj
 .ARM.attributes
                0x0000025a       0x2c CMakeFiles/RP2040.dir/C_/Users/staro/.pico-sdk/sdk/2.0.0/src/common/pico_sync/mutex.c.obj
 .ARM.attributes
                0x00000286       0x2c CMakeFiles/RP2040.dir/C_/Users/staro/.pico-sdk/sdk/2.0.0/src/common/pico_time/time.c.obj
 .ARM.attributes
                0x000002b2       0x2c CMakeFiles/RP2040.dir/C_/Users/staro/.pico-sdk/sdk/2.0.0/src/rp2_common/hardware_timer/timer.c.obj
 .ARM.attributes
                0x000002de       0x2c CMakeFiles/RP2040.dir/C_/Users/staro/.pico-sdk/sdk/2.0.0/src/rp2_common/hardware_clocks/clocks.c.obj
 .ARM.attributes
                0x0000030a       0x2c CMakeFiles/RP2040.dir/C_/Users/staro/.pico-sdk/sdk/2.0.0/src/rp2_common/hardware_pll/pll.c.obj
 .ARM.attributes
                0x00000336       0x2c CMakeFiles/RP2040.dir/C_/Users/staro/.pico-sdk/sdk/2.0.0/src/rp2_common/hardware_ticks/ticks.c.obj
 .ARM.attributes
                0x00000362       0x2c CMakeFiles/RP2040.dir/C_/Users/staro/.pico-sdk/sdk/2.0.0/src/rp2_common/hardware_xosc/xosc.c.obj
 .ARM.attributes
                0x0000038e       0x2c CMakeFiles/RP2040.dir/C_/Users/staro/.pico-sdk/sdk/2.0.0/src/rp2_common/pico_runtime/runtime.c.obj
 .ARM.attributes
                0x000003ba       0x2c CMakeFiles/RP2040.dir/C_/Users/staro/.pico-sdk/sdk/2.0.0/src/rp2_common/pico_runtime_init/runtime_init.c.obj
 .ARM.attributes
                0x000003e6       0x2c CMakeFiles/RP2040.dir/C_/Users/staro/.pico-sdk/sdk/2.0.0/src/rp2_common/pico_runtime_init/runtime_init_clocks.c.obj
 .ARM.attributes
                0x00000412       0x22 CMakeFiles/RP2040.dir/C_/Users/staro/.pico-sdk/sdk/2.0.0/src/rp2_common/pico_bit_ops/bit_ops_aeabi.S.obj
 .ARM.attributes
                0x00000434       0x2c CMakeFiles/RP2040.dir/C_/Users/staro/.pico-sdk/sdk/2.0.0/src/rp2_common/pico_bootrom/bootrom.c.obj
 .ARM.attributes
                0x00000460       0x22 CMakeFiles/RP2040.dir/C_/Users/staro/.pico-sdk/sdk/2.0.0/src/rp2_common/pico_divider/divider_hardware.S.obj
 .ARM.attributes
                0x00000482       0x22 CMakeFiles/RP2040.dir/C_/Users/staro/.pico-sdk/sdk/2.0.0/src/rp2_common/pico_double/double_aeabi_rp2040.S.obj
 .ARM.attributes
                0x000004a4       0x2c CMakeFiles/RP2040.dir/C_/Users/staro/.pico-sdk/sdk/2.0.0/src/rp2_common/pico_double/double_init_rom_rp2040.c.obj
 .ARM.attributes
                0x000004d0       0x22 CMakeFiles/RP2040.dir/C_/Users/staro/.pico-sdk/sdk/2.0.0/src/rp2_common/pico_double/double_v1_rom_shim_rp2040.S.obj
 .ARM.attributes
                0x000004f2       0x22 CMakeFiles/RP2040.dir/C_/Users/staro/.pico-sdk/sdk/2.0.0/src/rp2_common/pico_int64_ops/pico_int64_ops_aeabi.S.obj
 .ARM.attributes
                0x00000514       0x22 CMakeFiles/RP2040.dir/C_/Users/staro/.pico-sdk/sdk/2.0.0/src/rp2_common/pico_float/float_aeabi_rp2040.S.obj
 .ARM.attributes
                0x00000536       0x2c CMakeFiles/RP2040.dir/C_/Users/staro/.pico-sdk/sdk/2.0.0/src/rp2_common/pico_float/float_init_rom_rp2040.c.obj
 .ARM.attributes
                0x00000562       0x22 CMakeFiles/RP2040.dir/C_/Users/staro/.pico-sdk/sdk/2.0.0/src/rp2_common/pico_float/float_v1_rom_shim_rp2040.S.obj
 .ARM.attributes
                0x00000584       0x22 CMakeFiles/RP2040.dir/C_/Users/staro/.pico-sdk/sdk/2.0.0/src/rp2_common/pico_mem_ops/mem_ops_aeabi.S.obj
 .ARM.attributes
                0x000005a6       0x2c CMakeFiles/RP2040.dir/C_/Users/staro/.pico-sdk/sdk/2.0.0/src/rp2_common/pico_standard_binary_info/standard_binary_info.c.obj
 .ARM.attributes
                0x000005d2       0x2c CMakeFiles/RP2040.dir/C_/Users/staro/.pico-sdk/sdk/2.0.0/src/rp2_common/pico_printf/printf.c.obj
 .ARM.attributes
                0x000005fe       0x22 CMakeFiles/RP2040.dir/C_/Users/staro/.pico-sdk/sdk/2.0.0/src/rp2_common/pico_crt0/crt0.S.obj
 .ARM.attributes
                0x00000620       0x2c CMakeFiles/RP2040.dir/C_/Users/staro/.pico-sdk/sdk/2.0.0/src/rp2_common/pico_clib_interface/newlib_interface.c.obj
 .ARM.attributes
                0x0000064c       0x2c CMakeFiles/RP2040.dir/C_/Users/staro/.pico-sdk/sdk/2.0.0/src/rp2_common/pico_stdio/stdio.c.obj
 .ARM.attributes
                0x00000678       0x2c CMakeFiles/RP2040.dir/C_/Users/staro/.pico-sdk/sdk/2.0.0/src/rp2_common/hardware_spi/spi.c.obj
 .ARM.attributes
                0x000006a4       0x22 C:\Users\staro\AppData\Local\Temp\ccwgyQ7l.o
 .ARM.attributes
                0x000006c6       0x1e C:/Users/staro/.pico-sdk/toolchain/13_2_Rel1/bin/../lib/gcc/arm-none-eabi/13.2.1/thumb/v6-m/nofp\libgcc.a(_dvmd_tls.o)
 .ARM.attributes
                0x000006e4       0x2c C:/Users/staro/.pico-sdk/toolchain/13_2_Rel1/bin/../lib/gcc/arm-none-eabi/13.2.1/thumb/v6-m/nofp\libg.a(libc_a-strlen-stub.o)
 .ARM.attributes
                0x00000710       0x2c C:/Users/staro/.pico-sdk/toolchain/13_2_Rel1/bin/../lib/gcc/arm-none-eabi/13.2.1/thumb/v6-m/nofp/crtend.o

.comment        0x00000000       0x44
 .comment       0x00000000       0x44 CMakeFiles/RP2040.dir/RP2040.c.obj
                                 0x45 (size before relaxing)
 .comment       0x00000044       0x45 CMakeFiles/RP2040.dir/ch1115.c.obj
 .comment       0x00000044       0x45 CMakeFiles/RP2040.dir/ch1115_print.c.obj
 .comment       0x00000044       0x45 CMakeFiles/RP2040.dir/ch1115_font.c.obj
 .comment       0x00000044       0x45 CMakeFiles/RP2040.dir/ch1115_graphics.c.obj
 .comment       0x00000044       0x45 CMakeFiles/RP2040.dir/C_/Users/staro/.pico-sdk/sdk/2.0.0/src/rp2_common/hardware_gpio/gpio.c.obj
 .comment       0x00000044       0x45 CMakeFiles/RP2040.dir/C_/Users/staro/.pico-sdk/sdk/2.0.0/src/rp2_common/pico_platform_panic/panic.c.obj
 .comment       0x00000044       0x45 CMakeFiles/RP2040.dir/C_/Users/staro/.pico-sdk/sdk/2.0.0/src/common/hardware_claim/claim.c.obj
 .comment       0x00000044       0x45 CMakeFiles/RP2040.dir/C_/Users/staro/.pico-sdk/sdk/2.0.0/src/rp2_common/hardware_sync/sync.c.obj
 .comment       0x00000044       0x45 CMakeFiles/RP2040.dir/C_/Users/staro/.pico-sdk/sdk/2.0.0/src/rp2_common/hardware_sync_spin_lock/sync_spin_lock.c.obj
 .comment       0x00000044       0x45 CMakeFiles/RP2040.dir/C_/Users/staro/.pico-sdk/sdk/2.0.0/src/rp2_common/hardware_irq/irq.c.obj
 .comment       0x00000044       0x45 CMakeFiles/RP2040.dir/C_/Users/staro/.pico-sdk/sdk/2.0.0/src/common/pico_sync/lock_core.c.obj
 .comment       0x00000044       0x45 CMakeFiles/RP2040.dir/C_/Users/staro/.pico-sdk/sdk/2.0.0/src/common/pico_sync/mutex.c.obj
 .comment       0x00000044       0x45 CMakeFiles/RP2040.dir/C_/Users/staro/.pico-sdk/sdk/2.0.0/src/common/pico_time/time.c.obj
 .comment       0x00000044       0x45 CMakeFiles/RP2040.dir/C_/Users/staro/.pico-sdk/sdk/2.0.0/src/rp2_common/hardware_timer/timer.c.obj
 .comment       0x00000044       0x45 CMakeFiles/RP2040.dir/C_/Users/staro/.pico-sdk/sdk/2.0.0/src/rp2_common/hardware_clocks/clocks.c.obj
 .comment       0x00000044       0x45 CMakeFiles/RP2040.dir/C_/Users/staro/.pico-sdk/sdk/2.0.0/src/rp2_common/hardware_pll/pll.c.obj
 .comment       0x00000044       0x45 CMakeFiles/RP2040.dir/C_/Users/staro/.pico-sdk/sdk/2.0.0/src/rp2_common/hardware_ticks/ticks.c.obj
 .comment       0x00000044       0x45 CMakeFiles/RP2040.dir/C_/Users/staro/.pico-sdk/sdk/2.0.0/src/rp2_common/hardware_xosc/xosc.c.obj
 .comment       0x00000044       0x45 CMakeFiles/RP2040.dir/C_/Users/staro/.pico-sdk/sdk/2.0.0/src/rp2_common/pico_runtime/runtime.c.obj
 .comment       0x00000044       0x45 CMakeFiles/RP2040.dir/C_/Users/staro/.pico-sdk/sdk/2.0.0/src/rp2_common/pico_runtime_init/runtime_init.c.obj
 .comment       0x00000044       0x45 CMakeFiles/RP2040.dir/C_/Users/staro/.pico-sdk/sdk/2.0.0/src/rp2_common/pico_runtime_init/runtime_init_clocks.c.obj
 .comment       0x00000044       0x45 CMakeFiles/RP2040.dir/C_/Users/staro/.pico-sdk/sdk/2.0.0/src/rp2_common/pico_bootrom/bootrom.c.obj
 .comment       0x00000044       0x45 CMakeFiles/RP2040.dir/C_/Users/staro/.pico-sdk/sdk/2.0.0/src/rp2_common/pico_double/double_init_rom_rp2040.c.obj
 .comment       0x00000044       0x45 CMakeFiles/RP2040.dir/C_/Users/staro/.pico-sdk/sdk/2.0.0/src/rp2_common/pico_float/float_init_rom_rp2040.c.obj
 .comment       0x00000044       0x45 CMakeFiles/RP2040.dir/C_/Users/staro/.pico-sdk/sdk/2.0.0/src/rp2_common/pico_standard_binary_info/standard_binary_info.c.obj
 .comment       0x00000044       0x45 CMakeFiles/RP2040.dir/C_/Users/staro/.pico-sdk/sdk/2.0.0/src/rp2_common/pico_printf/printf.c.obj
 .comment       0x00000044       0x45 CMakeFiles/RP2040.dir/C_/Users/staro/.pico-sdk/sdk/2.0.0/src/rp2_common/pico_clib_interface/newlib_interface.c.obj
 .comment       0x00000044       0x45 CMakeFiles/RP2040.dir/C_/Users/staro/.pico-sdk/sdk/2.0.0/src/rp2_common/pico_stdio/stdio.c.obj
 .comment       0x00000044       0x45 CMakeFiles/RP2040.dir/C_/Users/staro/.pico-sdk/sdk/2.0.0/src/rp2_common/hardware_spi/spi.c.obj

.debug_info     0x00000000    0x1d5a9
 .debug_info    0x00000000      0xd59 CMakeFiles/RP2040.dir/RP2040.c.obj
 .debug_info    0x00000d59     0x1c43 CMakeFiles/RP2040.dir/ch1115.c.obj
 .debug_info    0x0000299c      0x200 CMakeFiles/RP2040.dir/ch1115_print.c.obj
 .debug_info    0x00002b9c      0x2d7 CMakeFiles/RP2040.dir/ch1115_font.c.obj
 .debug_info    0x00002e73      0x5db CMakeFiles/RP2040.dir/ch1115_graphics.c.obj
 .debug_info    0x0000344e     0x2437 CMakeFiles/RP2040.dir/C_/Users/staro/.pico-sdk/sdk/2.0.0/src/rp2_common/hardware_gpio/gpio.c.obj
 .debug_info    0x00005885      0x1bf CMakeFiles/RP2040.dir/C_/Users/staro/.pico-sdk/sdk/2.0.0/src/rp2_common/pico_platform_panic/panic.c.obj
 .debug_info    0x00005a44      0x995 CMakeFiles/RP2040.dir/C_/Users/staro/.pico-sdk/sdk/2.0.0/src/common/hardware_claim/claim.c.obj
 .debug_info    0x000063d9      0x458 CMakeFiles/RP2040.dir/C_/Users/staro/.pico-sdk/sdk/2.0.0/src/rp2_common/hardware_sync/sync.c.obj
 .debug_info    0x00006831      0x245 CMakeFiles/RP2040.dir/C_/Users/staro/.pico-sdk/sdk/2.0.0/src/rp2_common/hardware_sync_spin_lock/sync_spin_lock.c.obj
 .debug_info    0x00006a76     0x21a8 CMakeFiles/RP2040.dir/C_/Users/staro/.pico-sdk/sdk/2.0.0/src/rp2_common/hardware_irq/irq.c.obj
 .debug_info    0x00008c1e      0x15f CMakeFiles/RP2040.dir/C_/Users/staro/.pico-sdk/sdk/2.0.0/src/common/pico_sync/lock_core.c.obj
 .debug_info    0x00008d7d     0x2803 CMakeFiles/RP2040.dir/C_/Users/staro/.pico-sdk/sdk/2.0.0/src/common/pico_sync/mutex.c.obj
 .debug_info    0x0000b580     0x495a CMakeFiles/RP2040.dir/C_/Users/staro/.pico-sdk/sdk/2.0.0/src/common/pico_time/time.c.obj
 .debug_info    0x0000feda     0x2af8 CMakeFiles/RP2040.dir/C_/Users/staro/.pico-sdk/sdk/2.0.0/src/rp2_common/hardware_timer/timer.c.obj
 .debug_info    0x000129d2     0x291d CMakeFiles/RP2040.dir/C_/Users/staro/.pico-sdk/sdk/2.0.0/src/rp2_common/hardware_clocks/clocks.c.obj
 .debug_info    0x000152ef      0x4e5 CMakeFiles/RP2040.dir/C_/Users/staro/.pico-sdk/sdk/2.0.0/src/rp2_common/hardware_pll/pll.c.obj
 .debug_info    0x000157d4      0x248 CMakeFiles/RP2040.dir/C_/Users/staro/.pico-sdk/sdk/2.0.0/src/rp2_common/hardware_ticks/ticks.c.obj
 .debug_info    0x00015a1c      0x1cc CMakeFiles/RP2040.dir/C_/Users/staro/.pico-sdk/sdk/2.0.0/src/rp2_common/hardware_xosc/xosc.c.obj
 .debug_info    0x00015be8      0x21a CMakeFiles/RP2040.dir/C_/Users/staro/.pico-sdk/sdk/2.0.0/src/rp2_common/pico_runtime/runtime.c.obj
 .debug_info    0x00015e02      0x795 CMakeFiles/RP2040.dir/C_/Users/staro/.pico-sdk/sdk/2.0.0/src/rp2_common/pico_runtime_init/runtime_init.c.obj
 .debug_info    0x00016597      0x780 CMakeFiles/RP2040.dir/C_/Users/staro/.pico-sdk/sdk/2.0.0/src/rp2_common/pico_runtime_init/runtime_init_clocks.c.obj
 .debug_info    0x00016d17       0x23 CMakeFiles/RP2040.dir/C_/Users/staro/.pico-sdk/sdk/2.0.0/src/rp2_common/pico_bit_ops/bit_ops_aeabi.S.obj
 .debug_info    0x00016d3a      0x50f CMakeFiles/RP2040.dir/C_/Users/staro/.pico-sdk/sdk/2.0.0/src/rp2_common/pico_bootrom/bootrom.c.obj
 .debug_info    0x00017249       0x23 CMakeFiles/RP2040.dir/C_/Users/staro/.pico-sdk/sdk/2.0.0/src/rp2_common/pico_divider/divider_hardware.S.obj
 .debug_info    0x0001726c       0x23 CMakeFiles/RP2040.dir/C_/Users/staro/.pico-sdk/sdk/2.0.0/src/rp2_common/pico_double/double_aeabi_rp2040.S.obj
 .debug_info    0x0001728f      0x283 CMakeFiles/RP2040.dir/C_/Users/staro/.pico-sdk/sdk/2.0.0/src/rp2_common/pico_double/double_init_rom_rp2040.c.obj
 .debug_info    0x00017512       0x23 CMakeFiles/RP2040.dir/C_/Users/staro/.pico-sdk/sdk/2.0.0/src/rp2_common/pico_double/double_v1_rom_shim_rp2040.S.obj
 .debug_info    0x00017535       0x24 CMakeFiles/RP2040.dir/C_/Users/staro/.pico-sdk/sdk/2.0.0/src/rp2_common/pico_int64_ops/pico_int64_ops_aeabi.S.obj
 .debug_info    0x00017559       0x23 CMakeFiles/RP2040.dir/C_/Users/staro/.pico-sdk/sdk/2.0.0/src/rp2_common/pico_float/float_aeabi_rp2040.S.obj
 .debug_info    0x0001757c      0x283 CMakeFiles/RP2040.dir/C_/Users/staro/.pico-sdk/sdk/2.0.0/src/rp2_common/pico_float/float_init_rom_rp2040.c.obj
 .debug_info    0x000177ff       0x23 CMakeFiles/RP2040.dir/C_/Users/staro/.pico-sdk/sdk/2.0.0/src/rp2_common/pico_float/float_v1_rom_shim_rp2040.S.obj
 .debug_info    0x00017822       0x23 CMakeFiles/RP2040.dir/C_/Users/staro/.pico-sdk/sdk/2.0.0/src/rp2_common/pico_mem_ops/mem_ops_aeabi.S.obj
 .debug_info    0x00017845      0x2b8 CMakeFiles/RP2040.dir/C_/Users/staro/.pico-sdk/sdk/2.0.0/src/rp2_common/pico_standard_binary_info/standard_binary_info.c.obj
 .debug_info    0x00017afd     0x211a CMakeFiles/RP2040.dir/C_/Users/staro/.pico-sdk/sdk/2.0.0/src/rp2_common/pico_printf/printf.c.obj
 .debug_info    0x00019c17       0x23 CMakeFiles/RP2040.dir/C_/Users/staro/.pico-sdk/sdk/2.0.0/src/rp2_common/pico_crt0/crt0.S.obj
 .debug_info    0x00019c3a      0xb54 CMakeFiles/RP2040.dir/C_/Users/staro/.pico-sdk/sdk/2.0.0/src/rp2_common/pico_clib_interface/newlib_interface.c.obj
 .debug_info    0x0001a78e     0x1b8f CMakeFiles/RP2040.dir/C_/Users/staro/.pico-sdk/sdk/2.0.0/src/rp2_common/pico_stdio/stdio.c.obj
 .debug_info    0x0001c31d     0x128c CMakeFiles/RP2040.dir/C_/Users/staro/.pico-sdk/sdk/2.0.0/src/rp2_common/hardware_spi/spi.c.obj

.debug_abbrev   0x00000000     0x5574
 .debug_abbrev  0x00000000      0x2ee CMakeFiles/RP2040.dir/RP2040.c.obj
 .debug_abbrev  0x000002ee      0x3dd CMakeFiles/RP2040.dir/ch1115.c.obj
 .debug_abbrev  0x000006cb      0x136 CMakeFiles/RP2040.dir/ch1115_print.c.obj
 .debug_abbrev  0x00000801       0xa1 CMakeFiles/RP2040.dir/ch1115_font.c.obj
 .debug_abbrev  0x000008a2      0x1d7 CMakeFiles/RP2040.dir/ch1115_graphics.c.obj
 .debug_abbrev  0x00000a79      0x4f9 CMakeFiles/RP2040.dir/C_/Users/staro/.pico-sdk/sdk/2.0.0/src/rp2_common/hardware_gpio/gpio.c.obj
 .debug_abbrev  0x00000f72      0x12b CMakeFiles/RP2040.dir/C_/Users/staro/.pico-sdk/sdk/2.0.0/src/rp2_common/pico_platform_panic/panic.c.obj
 .debug_abbrev  0x0000109d      0x33b CMakeFiles/RP2040.dir/C_/Users/staro/.pico-sdk/sdk/2.0.0/src/common/hardware_claim/claim.c.obj
 .debug_abbrev  0x000013d8      0x20d CMakeFiles/RP2040.dir/C_/Users/staro/.pico-sdk/sdk/2.0.0/src/rp2_common/hardware_sync/sync.c.obj
 .debug_abbrev  0x000015e5      0x1bb CMakeFiles/RP2040.dir/C_/Users/staro/.pico-sdk/sdk/2.0.0/src/rp2_common/hardware_sync_spin_lock/sync_spin_lock.c.obj
 .debug_abbrev  0x000017a0      0x5ff CMakeFiles/RP2040.dir/C_/Users/staro/.pico-sdk/sdk/2.0.0/src/rp2_common/hardware_irq/irq.c.obj
 .debug_abbrev  0x00001d9f       0xee CMakeFiles/RP2040.dir/C_/Users/staro/.pico-sdk/sdk/2.0.0/src/common/pico_sync/lock_core.c.obj
 .debug_abbrev  0x00001e8d      0x48c CMakeFiles/RP2040.dir/C_/Users/staro/.pico-sdk/sdk/2.0.0/src/common/pico_sync/mutex.c.obj
 .debug_abbrev  0x00002319      0x672 CMakeFiles/RP2040.dir/C_/Users/staro/.pico-sdk/sdk/2.0.0/src/common/pico_time/time.c.obj
 .debug_abbrev  0x0000298b      0x503 CMakeFiles/RP2040.dir/C_/Users/staro/.pico-sdk/sdk/2.0.0/src/rp2_common/hardware_timer/timer.c.obj
 .debug_abbrev  0x00002e8e      0x4e2 CMakeFiles/RP2040.dir/C_/Users/staro/.pico-sdk/sdk/2.0.0/src/rp2_common/hardware_clocks/clocks.c.obj
 .debug_abbrev  0x00003370      0x1d2 CMakeFiles/RP2040.dir/C_/Users/staro/.pico-sdk/sdk/2.0.0/src/rp2_common/hardware_pll/pll.c.obj
 .debug_abbrev  0x00003542      0x145 CMakeFiles/RP2040.dir/C_/Users/staro/.pico-sdk/sdk/2.0.0/src/rp2_common/hardware_ticks/ticks.c.obj
 .debug_abbrev  0x00003687      0x11b CMakeFiles/RP2040.dir/C_/Users/staro/.pico-sdk/sdk/2.0.0/src/rp2_common/hardware_xosc/xosc.c.obj
 .debug_abbrev  0x000037a2      0x182 CMakeFiles/RP2040.dir/C_/Users/staro/.pico-sdk/sdk/2.0.0/src/rp2_common/pico_runtime/runtime.c.obj
 .debug_abbrev  0x00003924      0x222 CMakeFiles/RP2040.dir/C_/Users/staro/.pico-sdk/sdk/2.0.0/src/rp2_common/pico_runtime_init/runtime_init.c.obj
 .debug_abbrev  0x00003b46      0x294 CMakeFiles/RP2040.dir/C_/Users/staro/.pico-sdk/sdk/2.0.0/src/rp2_common/pico_runtime_init/runtime_init_clocks.c.obj
 .debug_abbrev  0x00003dda       0x12 CMakeFiles/RP2040.dir/C_/Users/staro/.pico-sdk/sdk/2.0.0/src/rp2_common/pico_bit_ops/bit_ops_aeabi.S.obj
 .debug_abbrev  0x00003dec      0x1b9 CMakeFiles/RP2040.dir/C_/Users/staro/.pico-sdk/sdk/2.0.0/src/rp2_common/pico_bootrom/bootrom.c.obj
 .debug_abbrev  0x00003fa5       0x12 CMakeFiles/RP2040.dir/C_/Users/staro/.pico-sdk/sdk/2.0.0/src/rp2_common/pico_divider/divider_hardware.S.obj
 .debug_abbrev  0x00003fb7       0x12 CMakeFiles/RP2040.dir/C_/Users/staro/.pico-sdk/sdk/2.0.0/src/rp2_common/pico_double/double_aeabi_rp2040.S.obj
 .debug_abbrev  0x00003fc9      0x17a CMakeFiles/RP2040.dir/C_/Users/staro/.pico-sdk/sdk/2.0.0/src/rp2_common/pico_double/double_init_rom_rp2040.c.obj
 .debug_abbrev  0x00004143       0x12 CMakeFiles/RP2040.dir/C_/Users/staro/.pico-sdk/sdk/2.0.0/src/rp2_common/pico_double/double_v1_rom_shim_rp2040.S.obj
 .debug_abbrev  0x00004155       0x14 CMakeFiles/RP2040.dir/C_/Users/staro/.pico-sdk/sdk/2.0.0/src/rp2_common/pico_int64_ops/pico_int64_ops_aeabi.S.obj
 .debug_abbrev  0x00004169       0x12 CMakeFiles/RP2040.dir/C_/Users/staro/.pico-sdk/sdk/2.0.0/src/rp2_common/pico_float/float_aeabi_rp2040.S.obj
 .debug_abbrev  0x0000417b      0x173 CMakeFiles/RP2040.dir/C_/Users/staro/.pico-sdk/sdk/2.0.0/src/rp2_common/pico_float/float_init_rom_rp2040.c.obj
 .debug_abbrev  0x000042ee       0x12 CMakeFiles/RP2040.dir/C_/Users/staro/.pico-sdk/sdk/2.0.0/src/rp2_common/pico_float/float_v1_rom_shim_rp2040.S.obj
 .debug_abbrev  0x00004300       0x12 CMakeFiles/RP2040.dir/C_/Users/staro/.pico-sdk/sdk/2.0.0/src/rp2_common/pico_mem_ops/mem_ops_aeabi.S.obj
 .debug_abbrev  0x00004312       0xb8 CMakeFiles/RP2040.dir/C_/Users/staro/.pico-sdk/sdk/2.0.0/src/rp2_common/pico_standard_binary_info/standard_binary_info.c.obj
 .debug_abbrev  0x000043ca      0x525 CMakeFiles/RP2040.dir/C_/Users/staro/.pico-sdk/sdk/2.0.0/src/rp2_common/pico_printf/printf.c.obj
 .debug_abbrev  0x000048ef       0x12 CMakeFiles/RP2040.dir/C_/Users/staro/.pico-sdk/sdk/2.0.0/src/rp2_common/pico_crt0/crt0.S.obj
 .debug_abbrev  0x00004901      0x352 CMakeFiles/RP2040.dir/C_/Users/staro/.pico-sdk/sdk/2.0.0/src/rp2_common/pico_clib_interface/newlib_interface.c.obj
 .debug_abbrev  0x00004c53      0x5e7 CMakeFiles/RP2040.dir/C_/Users/staro/.pico-sdk/sdk/2.0.0/src/rp2_common/pico_stdio/stdio.c.obj
 .debug_abbrev  0x0000523a      0x33a CMakeFiles/RP2040.dir/C_/Users/staro/.pico-sdk/sdk/2.0.0/src/rp2_common/hardware_spi/spi.c.obj

.debug_loclists
                0x00000000    0x109f2
 .debug_loclists
                0x00000000      0x1cb CMakeFiles/RP2040.dir/RP2040.c.obj
 .debug_loclists
                0x000001cb      0xaa8 CMakeFiles/RP2040.dir/ch1115.c.obj
 .debug_loclists
                0x00000c73      0x11a CMakeFiles/RP2040.dir/ch1115_print.c.obj
 .debug_loclists
                0x00000d8d      0x477 CMakeFiles/RP2040.dir/ch1115_graphics.c.obj
 .debug_loclists
                0x00001204     0x1a03 CMakeFiles/RP2040.dir/C_/Users/staro/.pico-sdk/sdk/2.0.0/src/rp2_common/hardware_gpio/gpio.c.obj
 .debug_loclists
                0x00002c07      0x36e CMakeFiles/RP2040.dir/C_/Users/staro/.pico-sdk/sdk/2.0.0/src/common/hardware_claim/claim.c.obj
 .debug_loclists
                0x00002f75       0xf1 CMakeFiles/RP2040.dir/C_/Users/staro/.pico-sdk/sdk/2.0.0/src/rp2_common/hardware_sync/sync.c.obj
 .debug_loclists
                0x00003066       0x7d CMakeFiles/RP2040.dir/C_/Users/staro/.pico-sdk/sdk/2.0.0/src/rp2_common/hardware_sync_spin_lock/sync_spin_lock.c.obj
 .debug_loclists
                0x000030e3     0x116f CMakeFiles/RP2040.dir/C_/Users/staro/.pico-sdk/sdk/2.0.0/src/rp2_common/hardware_irq/irq.c.obj
 .debug_loclists
                0x00004252       0x41 CMakeFiles/RP2040.dir/C_/Users/staro/.pico-sdk/sdk/2.0.0/src/common/pico_sync/lock_core.c.obj
 .debug_loclists
                0x00004293      0xafa CMakeFiles/RP2040.dir/C_/Users/staro/.pico-sdk/sdk/2.0.0/src/common/pico_sync/mutex.c.obj
 .debug_loclists
                0x00004d8d     0x259c CMakeFiles/RP2040.dir/C_/Users/staro/.pico-sdk/sdk/2.0.0/src/common/pico_time/time.c.obj
 .debug_loclists
                0x00007329     0x19ea CMakeFiles/RP2040.dir/C_/Users/staro/.pico-sdk/sdk/2.0.0/src/rp2_common/hardware_timer/timer.c.obj
 .debug_loclists
                0x00008d13     0x28a5 CMakeFiles/RP2040.dir/C_/Users/staro/.pico-sdk/sdk/2.0.0/src/rp2_common/hardware_clocks/clocks.c.obj
 .debug_loclists
                0x0000b5b8      0x1e0 CMakeFiles/RP2040.dir/C_/Users/staro/.pico-sdk/sdk/2.0.0/src/rp2_common/hardware_pll/pll.c.obj
 .debug_loclists
                0x0000b798       0x47 CMakeFiles/RP2040.dir/C_/Users/staro/.pico-sdk/sdk/2.0.0/src/rp2_common/hardware_ticks/ticks.c.obj
 .debug_loclists
                0x0000b7df       0x48 CMakeFiles/RP2040.dir/C_/Users/staro/.pico-sdk/sdk/2.0.0/src/rp2_common/hardware_xosc/xosc.c.obj
 .debug_loclists
                0x0000b827       0x7e CMakeFiles/RP2040.dir/C_/Users/staro/.pico-sdk/sdk/2.0.0/src/rp2_common/pico_runtime/runtime.c.obj
 .debug_loclists
                0x0000b8a5       0xba CMakeFiles/RP2040.dir/C_/Users/staro/.pico-sdk/sdk/2.0.0/src/rp2_common/pico_runtime_init/runtime_init.c.obj
 .debug_loclists
                0x0000b95f       0x74 CMakeFiles/RP2040.dir/C_/Users/staro/.pico-sdk/sdk/2.0.0/src/rp2_common/pico_runtime_init/runtime_init_clocks.c.obj
 .debug_loclists
                0x0000b9d3      0x2ba CMakeFiles/RP2040.dir/C_/Users/staro/.pico-sdk/sdk/2.0.0/src/rp2_common/pico_bootrom/bootrom.c.obj
 .debug_loclists
                0x0000bc8d       0x3d CMakeFiles/RP2040.dir/C_/Users/staro/.pico-sdk/sdk/2.0.0/src/rp2_common/pico_double/double_init_rom_rp2040.c.obj
 .debug_loclists
                0x0000bcca       0x59 CMakeFiles/RP2040.dir/C_/Users/staro/.pico-sdk/sdk/2.0.0/src/rp2_common/pico_float/float_init_rom_rp2040.c.obj
 .debug_loclists
                0x0000bd23     0x2f65 CMakeFiles/RP2040.dir/C_/Users/staro/.pico-sdk/sdk/2.0.0/src/rp2_common/pico_printf/printf.c.obj
 .debug_loclists
                0x0000ec88      0x431 CMakeFiles/RP2040.dir/C_/Users/staro/.pico-sdk/sdk/2.0.0/src/rp2_common/pico_clib_interface/newlib_interface.c.obj
 .debug_loclists
                0x0000f0b9      0xe8b CMakeFiles/RP2040.dir/C_/Users/staro/.pico-sdk/sdk/2.0.0/src/rp2_common/pico_stdio/stdio.c.obj
 .debug_loclists
                0x0000ff44      0xaae CMakeFiles/RP2040.dir/C_/Users/staro/.pico-sdk/sdk/2.0.0/src/rp2_common/hardware_spi/spi.c.obj

.debug_aranges  0x00000000      0xfa8
 .debug_aranges
                0x00000000       0x20 CMakeFiles/RP2040.dir/RP2040.c.obj
 .debug_aranges
                0x00000020       0x60 CMakeFiles/RP2040.dir/ch1115.c.obj
 .debug_aranges
                0x00000080       0x30 CMakeFiles/RP2040.dir/ch1115_print.c.obj
 .debug_aranges
                0x000000b0       0x18 CMakeFiles/RP2040.dir/ch1115_font.c.obj
 .debug_aranges
                0x000000c8       0x58 CMakeFiles/RP2040.dir/ch1115_graphics.c.obj
 .debug_aranges
                0x00000120      0x120 CMakeFiles/RP2040.dir/C_/Users/staro/.pico-sdk/sdk/2.0.0/src/rp2_common/hardware_gpio/gpio.c.obj
 .debug_aranges
                0x00000240       0x28 CMakeFiles/RP2040.dir/C_/Users/staro/.pico-sdk/sdk/2.0.0/src/rp2_common/pico_platform_panic/panic.c.obj
 .debug_aranges
                0x00000268       0x48 CMakeFiles/RP2040.dir/C_/Users/staro/.pico-sdk/sdk/2.0.0/src/common/hardware_claim/claim.c.obj
 .debug_aranges
                0x000002b0       0x48 CMakeFiles/RP2040.dir/C_/Users/staro/.pico-sdk/sdk/2.0.0/src/rp2_common/hardware_sync/sync.c.obj
 .debug_aranges
                0x000002f8       0x28 CMakeFiles/RP2040.dir/C_/Users/staro/.pico-sdk/sdk/2.0.0/src/rp2_common/hardware_sync_spin_lock/sync_spin_lock.c.obj
 .debug_aranges
                0x00000320       0xb0 CMakeFiles/RP2040.dir/C_/Users/staro/.pico-sdk/sdk/2.0.0/src/rp2_common/hardware_irq/irq.c.obj
 .debug_aranges
                0x000003d0       0x20 CMakeFiles/RP2040.dir/C_/Users/staro/.pico-sdk/sdk/2.0.0/src/common/pico_sync/lock_core.c.obj
 .debug_aranges
                0x000003f0       0x98 CMakeFiles/RP2040.dir/C_/Users/staro/.pico-sdk/sdk/2.0.0/src/common/pico_sync/mutex.c.obj
 .debug_aranges
                0x00000488       0xe0 CMakeFiles/RP2040.dir/C_/Users/staro/.pico-sdk/sdk/2.0.0/src/common/pico_time/time.c.obj
 .debug_aranges
                0x00000568       0xf0 CMakeFiles/RP2040.dir/C_/Users/staro/.pico-sdk/sdk/2.0.0/src/rp2_common/hardware_timer/timer.c.obj
 .debug_aranges
                0x00000658       0x90 CMakeFiles/RP2040.dir/C_/Users/staro/.pico-sdk/sdk/2.0.0/src/rp2_common/hardware_clocks/clocks.c.obj
 .debug_aranges
                0x000006e8       0x28 CMakeFiles/RP2040.dir/C_/Users/staro/.pico-sdk/sdk/2.0.0/src/rp2_common/hardware_pll/pll.c.obj
 .debug_aranges
                0x00000710       0x30 CMakeFiles/RP2040.dir/C_/Users/staro/.pico-sdk/sdk/2.0.0/src/rp2_common/hardware_ticks/ticks.c.obj
 .debug_aranges
                0x00000740       0x30 CMakeFiles/RP2040.dir/C_/Users/staro/.pico-sdk/sdk/2.0.0/src/rp2_common/hardware_xosc/xosc.c.obj
 .debug_aranges
                0x00000770       0x38 CMakeFiles/RP2040.dir/C_/Users/staro/.pico-sdk/sdk/2.0.0/src/rp2_common/pico_runtime/runtime.c.obj
 .debug_aranges
                0x000007a8       0x48 CMakeFiles/RP2040.dir/C_/Users/staro/.pico-sdk/sdk/2.0.0/src/rp2_common/pico_runtime_init/runtime_init.c.obj
 .debug_aranges
                0x000007f0       0x20 CMakeFiles/RP2040.dir/C_/Users/staro/.pico-sdk/sdk/2.0.0/src/rp2_common/pico_runtime_init/runtime_init_clocks.c.obj
 .debug_aranges
                0x00000810       0x60 CMakeFiles/RP2040.dir/C_/Users/staro/.pico-sdk/sdk/2.0.0/src/rp2_common/pico_bit_ops/bit_ops_aeabi.S.obj
 .debug_aranges
                0x00000870       0x38 CMakeFiles/RP2040.dir/C_/Users/staro/.pico-sdk/sdk/2.0.0/src/rp2_common/pico_bootrom/bootrom.c.obj
 .debug_aranges
                0x000008a8       0x40 CMakeFiles/RP2040.dir/C_/Users/staro/.pico-sdk/sdk/2.0.0/src/rp2_common/pico_divider/divider_hardware.S.obj
 .debug_aranges
                0x000008e8      0x140 CMakeFiles/RP2040.dir/C_/Users/staro/.pico-sdk/sdk/2.0.0/src/rp2_common/pico_double/double_aeabi_rp2040.S.obj
 .debug_aranges
                0x00000a28       0x20 CMakeFiles/RP2040.dir/C_/Users/staro/.pico-sdk/sdk/2.0.0/src/rp2_common/pico_double/double_init_rom_rp2040.c.obj
 .debug_aranges
                0x00000a48       0xc8 CMakeFiles/RP2040.dir/C_/Users/staro/.pico-sdk/sdk/2.0.0/src/rp2_common/pico_double/double_v1_rom_shim_rp2040.S.obj
 .debug_aranges
                0x00000b10       0x20 CMakeFiles/RP2040.dir/C_/Users/staro/.pico-sdk/sdk/2.0.0/src/rp2_common/pico_int64_ops/pico_int64_ops_aeabi.S.obj
 .debug_aranges
                0x00000b30      0x130 CMakeFiles/RP2040.dir/C_/Users/staro/.pico-sdk/sdk/2.0.0/src/rp2_common/pico_float/float_aeabi_rp2040.S.obj
 .debug_aranges
                0x00000c60       0x20 CMakeFiles/RP2040.dir/C_/Users/staro/.pico-sdk/sdk/2.0.0/src/rp2_common/pico_float/float_init_rom_rp2040.c.obj
 .debug_aranges
                0x00000c80       0x50 CMakeFiles/RP2040.dir/C_/Users/staro/.pico-sdk/sdk/2.0.0/src/rp2_common/pico_float/float_v1_rom_shim_rp2040.S.obj
 .debug_aranges
                0x00000cd0       0x38 CMakeFiles/RP2040.dir/C_/Users/staro/.pico-sdk/sdk/2.0.0/src/rp2_common/pico_mem_ops/mem_ops_aeabi.S.obj
 .debug_aranges
                0x00000d08       0x18 CMakeFiles/RP2040.dir/C_/Users/staro/.pico-sdk/sdk/2.0.0/src/rp2_common/pico_standard_binary_info/standard_binary_info.c.obj
 .debug_aranges
                0x00000d20       0x90 CMakeFiles/RP2040.dir/C_/Users/staro/.pico-sdk/sdk/2.0.0/src/rp2_common/pico_printf/printf.c.obj
 .debug_aranges
                0x00000db0       0x28 CMakeFiles/RP2040.dir/C_/Users/staro/.pico-sdk/sdk/2.0.0/src/rp2_common/pico_crt0/crt0.S.obj
 .debug_aranges
                0x00000dd8       0xa0 CMakeFiles/RP2040.dir/C_/Users/staro/.pico-sdk/sdk/2.0.0/src/rp2_common/pico_clib_interface/newlib_interface.c.obj
 .debug_aranges
                0x00000e78       0xc8 CMakeFiles/RP2040.dir/C_/Users/staro/.pico-sdk/sdk/2.0.0/src/rp2_common/pico_stdio/stdio.c.obj
 .debug_aranges
                0x00000f40       0x68 CMakeFiles/RP2040.dir/C_/Users/staro/.pico-sdk/sdk/2.0.0/src/rp2_common/hardware_spi/spi.c.obj

.debug_rnglists
                0x00000000     0x2c1a
 .debug_rnglists
                0x00000000       0x44 CMakeFiles/RP2040.dir/RP2040.c.obj
 .debug_rnglists
                0x00000044       0xfa CMakeFiles/RP2040.dir/ch1115.c.obj
 .debug_rnglists
                0x0000013e       0x43 CMakeFiles/RP2040.dir/ch1115_print.c.obj
 .debug_rnglists
                0x00000181       0x5b CMakeFiles/RP2040.dir/ch1115_graphics.c.obj
 .debug_rnglists
                0x000001dc      0x5c7 CMakeFiles/RP2040.dir/C_/Users/staro/.pico-sdk/sdk/2.0.0/src/rp2_common/hardware_gpio/gpio.c.obj
 .debug_rnglists
                0x000007a3       0x19 CMakeFiles/RP2040.dir/C_/Users/staro/.pico-sdk/sdk/2.0.0/src/rp2_common/pico_platform_panic/panic.c.obj
 .debug_rnglists
                0x000007bc       0xc5 CMakeFiles/RP2040.dir/C_/Users/staro/.pico-sdk/sdk/2.0.0/src/common/hardware_claim/claim.c.obj
 .debug_rnglists
                0x00000881       0x67 CMakeFiles/RP2040.dir/C_/Users/staro/.pico-sdk/sdk/2.0.0/src/rp2_common/hardware_sync/sync.c.obj
 .debug_rnglists
                0x000008e8       0x3d CMakeFiles/RP2040.dir/C_/Users/staro/.pico-sdk/sdk/2.0.0/src/rp2_common/hardware_sync_spin_lock/sync_spin_lock.c.obj
 .debug_rnglists
                0x00000925      0x355 CMakeFiles/RP2040.dir/C_/Users/staro/.pico-sdk/sdk/2.0.0/src/rp2_common/hardware_irq/irq.c.obj
 .debug_rnglists
                0x00000c7a       0x1f CMakeFiles/RP2040.dir/C_/Users/staro/.pico-sdk/sdk/2.0.0/src/common/pico_sync/lock_core.c.obj
 .debug_rnglists
                0x00000c99      0x32c CMakeFiles/RP2040.dir/C_/Users/staro/.pico-sdk/sdk/2.0.0/src/common/pico_sync/mutex.c.obj
 .debug_rnglists
                0x00000fc5      0x795 CMakeFiles/RP2040.dir/C_/Users/staro/.pico-sdk/sdk/2.0.0/src/common/pico_time/time.c.obj
 .debug_rnglists
                0x0000175a      0x2c9 CMakeFiles/RP2040.dir/C_/Users/staro/.pico-sdk/sdk/2.0.0/src/rp2_common/hardware_timer/timer.c.obj
 .debug_rnglists
                0x00001a23      0x4ad CMakeFiles/RP2040.dir/C_/Users/staro/.pico-sdk/sdk/2.0.0/src/rp2_common/hardware_clocks/clocks.c.obj
 .debug_rnglists
                0x00001ed0       0x5c CMakeFiles/RP2040.dir/C_/Users/staro/.pico-sdk/sdk/2.0.0/src/rp2_common/hardware_pll/pll.c.obj
 .debug_rnglists
                0x00001f2c       0x2b CMakeFiles/RP2040.dir/C_/Users/staro/.pico-sdk/sdk/2.0.0/src/rp2_common/hardware_ticks/ticks.c.obj
 .debug_rnglists
                0x00001f57       0x2b CMakeFiles/RP2040.dir/C_/Users/staro/.pico-sdk/sdk/2.0.0/src/rp2_common/hardware_xosc/xosc.c.obj
 .debug_rnglists
                0x00001f82       0x3d CMakeFiles/RP2040.dir/C_/Users/staro/.pico-sdk/sdk/2.0.0/src/rp2_common/pico_runtime/runtime.c.obj
 .debug_rnglists
                0x00001fbf       0x49 CMakeFiles/RP2040.dir/C_/Users/staro/.pico-sdk/sdk/2.0.0/src/rp2_common/pico_runtime_init/runtime_init.c.obj
 .debug_rnglists