Archive member included to satisfy reference by file (symbol)

C:/Users/abc/.pico-sdk/toolchain/13_2_Rel1/bin/../lib/gcc/arm-none-eabi/13.2.1/thumb/v6-m/nofp\libgcc.a(_dvmd_tls.o)
                              CMakeFiles/RP2040.dir/C_/Users/abc/.pico-sdk/sdk/2.0.0/src/rp2_common/pico_divider/divider_hardware.S.obj (__aeabi_idiv0)
C:/Users/abc/.pico-sdk/toolchain/13_2_Rel1/bin/../lib/gcc/arm-none-eabi/13.2.1/thumb/v6-m/nofp\libg.a(libc_a-calloc.o)
                              CMakeFiles/RP2040.dir/C_/Users/abc/.pico-sdk/sdk/2.0.0/src/rp2_common/pico_malloc/malloc.c.obj (calloc)
C:/Users/abc/.pico-sdk/toolchain/13_2_Rel1/bin/../lib/gcc/arm-none-eabi/13.2.1/thumb/v6-m/nofp\libg.a(libc_a-callocr.o)
                              C:/Users/abc/.pico-sdk/toolchain/13_2_Rel1/bin/../lib/gcc/arm-none-eabi/13.2.1/thumb/v6-m/nofp\libg.a(libc_a-calloc.o) (_calloc_r)
C:/Users/abc/.pico-sdk/toolchain/13_2_Rel1/bin/../lib/gcc/arm-none-eabi/13.2.1/thumb/v6-m/nofp\libg.a(libc_a-malloc.o)
                              CMakeFiles/RP2040.dir/C_/Users/abc/.pico-sdk/sdk/2.0.0/src/rp2_common/pico_malloc/malloc.c.obj (malloc)
C:/Users/abc/.pico-sdk/toolchain/13_2_Rel1/bin/../lib/gcc/arm-none-eabi/13.2.1/thumb/v6-m/nofp\libg.a(libc_a-mallocr.o)
                              C:/Users/abc/.pico-sdk/toolchain/13_2_Rel1/bin/../lib/gcc/arm-none-eabi/13.2.1/thumb/v6-m/nofp\libg.a(libc_a-callocr.o) (_malloc_r)
C:/Users/abc/.pico-sdk/toolchain/13_2_Rel1/bin/../lib/gcc/arm-none-eabi/13.2.1/thumb/v6-m/nofp\libg.a(libc_a-mlock.o)
                              C:/Users/abc/.pico-sdk/toolchain/13_2_Rel1/bin/../lib/gcc/arm-none-eabi/13.2.1/thumb/v6-m/nofp\libg.a(libc_a-mallocr.o) (__malloc_lock)
C:/Users/abc/.pico-sdk/toolchain/13_2_Rel1/bin/../lib/gcc/arm-none-eabi/13.2.1/thumb/v6-m/nofp\libg.a(libc_a-realloc.o)
                              CMakeFiles/RP2040.dir/C_/Users/abc/.pico-sdk/sdk/2.0.0/src/rp2_common/pico_malloc/malloc.c.obj (realloc)
C:/Users/abc/.pico-sdk/toolchain/13_2_Rel1/bin/../lib/gcc/arm-none-eabi/13.2.1/thumb/v6-m/nofp\libg.a(libc_a-reallocr.o)
                              C:/Users/abc/.pico-sdk/toolchain/13_2_Rel1/bin/../lib/gcc/arm-none-eabi/13.2.1/thumb/v6-m/nofp\libg.a(libc_a-realloc.o) (_realloc_r)
C:/Users/abc/.pico-sdk/toolchain/13_2_Rel1/bin/../lib/gcc/arm-none-eabi/13.2.1/thumb/v6-m/nofp\libg.a(libc_a-memcmp.o)
                              CMakeFiles/RP2040.dir/C_/Users/abc/.pico-sdk/sdk/2.0.0/src/rp2_common/pico_atomic/atomic.c.obj (memcmp)
C:/Users/abc/.pico-sdk/toolchain/13_2_Rel1/bin/../lib/gcc/arm-none-eabi/13.2.1/thumb/v6-m/nofp\libg.a(libc_a-memmove.o)
                              C:/Users/abc/.pico-sdk/toolchain/13_2_Rel1/bin/../lib/gcc/arm-none-eabi/13.2.1/thumb/v6-m/nofp\libg.a(libc_a-reallocr.o) (memmove)
C:/Users/abc/.pico-sdk/toolchain/13_2_Rel1/bin/../lib/gcc/arm-none-eabi/13.2.1/thumb/v6-m/nofp\libg.a(libc_a-lcltime_r.o)
                              CMakeFiles/RP2040.dir/C_/Users/abc/.pico-sdk/sdk/2.0.0/src/common/pico_util/datetime.c.obj (localtime_r)
C:/Users/abc/.pico-sdk/toolchain/13_2_Rel1/bin/../lib/gcc/arm-none-eabi/13.2.1/thumb/v6-m/nofp\libg.a(libc_a-mktime.o)
                              CMakeFiles/RP2040.dir/C_/Users/abc/.pico-sdk/sdk/2.0.0/src/common/pico_util/datetime.c.obj (mktime)
C:/Users/abc/.pico-sdk/toolchain/13_2_Rel1/bin/../lib/gcc/arm-none-eabi/13.2.1/thumb/v6-m/nofp\libg.a(libc_a-month_lengths.o)
                              C:/Users/abc/.pico-sdk/toolchain/13_2_Rel1/bin/../lib/gcc/arm-none-eabi/13.2.1/thumb/v6-m/nofp\libg.a(libc_a-lcltime_r.o) (__month_lengths)
C:/Users/abc/.pico-sdk/toolchain/13_2_Rel1/bin/../lib/gcc/arm-none-eabi/13.2.1/thumb/v6-m/nofp\libg.a(libc_a-tzcalc_limits.o)
                              C:/Users/abc/.pico-sdk/toolchain/13_2_Rel1/bin/../lib/gcc/arm-none-eabi/13.2.1/thumb/v6-m/nofp\libg.a(libc_a-lcltime_r.o) (__tzcalc_limits)
C:/Users/abc/.pico-sdk/toolchain/13_2_Rel1/bin/../lib/gcc/arm-none-eabi/13.2.1/thumb/v6-m/nofp\libg.a(libc_a-tzlock.o)
                              C:/Users/abc/.pico-sdk/toolchain/13_2_Rel1/bin/../lib/gcc/arm-none-eabi/13.2.1/thumb/v6-m/nofp\libg.a(libc_a-lcltime_r.o) (__tz_lock)
C:/Users/abc/.pico-sdk/toolchain/13_2_Rel1/bin/../lib/gcc/arm-none-eabi/13.2.1/thumb/v6-m/nofp\libg.a(libc_a-tzset.o)
                              C:/Users/abc/.pico-sdk/toolchain/13_2_Rel1/bin/../lib/gcc/arm-none-eabi/13.2.1/thumb/v6-m/nofp\libg.a(libc_a-lcltime_r.o) (_tzset_unlocked)
C:/Users/abc/.pico-sdk/toolchain/13_2_Rel1/bin/../lib/gcc/arm-none-eabi/13.2.1/thumb/v6-m/nofp\libg.a(libc_a-tzset_r.o)
                              C:/Users/abc/.pico-sdk/toolchain/13_2_Rel1/bin/../lib/gcc/arm-none-eabi/13.2.1/thumb/v6-m/nofp\libg.a(libc_a-tzset.o) (_tzset_unlocked_r)
C:/Users/abc/.pico-sdk/toolchain/13_2_Rel1/bin/../lib/gcc/arm-none-eabi/13.2.1/thumb/v6-m/nofp\libg.a(libc_a-tzvars.o)
                              C:/Users/abc/.pico-sdk/toolchain/13_2_Rel1/bin/../lib/gcc/arm-none-eabi/13.2.1/thumb/v6-m/nofp\libg.a(libc_a-tzset_r.o) (_timezone)
[...]
Memory Configuration

Name             Origin             Length             Attributes
FLASH            0x10000000         0x00200000         xr
RAM              0x20000000         0x00040000         xrw
SCRATCH_X        0x20040000         0x00001000         xrw
SCRATCH_Y        0x20041000         0x00001000         xrw
*default*        0x00000000         0xffffffff

Linker script and memory map

LOAD C:/Users/abc/.pico-sdk/toolchain/13_2_Rel1/bin/../lib/gcc/arm-none-eabi/13.2.1/thumb/v6-m/nofp/crti.o
LOAD C:/Users/abc/.pico-sdk/toolchain/13_2_Rel1/bin/../lib/gcc/arm-none-eabi/13.2.1/thumb/v6-m/nofp/crtbegin.o
LOAD C:/Users/abc/.pico-sdk/toolchain/13_2_Rel1/bin/../lib/gcc/arm-none-eabi/13.2.1/thumb/v6-m/nofp/crt0.o

.flash_begin    0x10000000        0x0
                0x10000000                        __flash_binary_start = .

.boot2          0x10000000      0x100
                0x10000000                        __boot2_start__ = .
 *(.boot2)
 .boot2         0x10000000      0x100 C:\Users\abc\AppData\Local\Temp\ccKTD64X.o
                0x10000100                        __boot2_end__ = .
                0x00000001                        ASSERT (((__boot2_end__ - __boot2_start__) == 0x100), ERROR: Pico second stage bootloader must be 256 bytes in size)

.text           0x10000100     0x6f7c
                0x10000100                        __logical_binary_start = .
 *(.vectors)
 .vectors       0x10000100       0xd4 CMakeFiles/RP2040.dir/C_/Users/abc/.pico-sdk/sdk/2.0.0/src/rp2_common/pico_crt0/crt0.S.obj
                0x10000100                __VECTOR_TABLE
                0x10000100                __vectors
                0x100001c0                isr_invalid
                0x100001c0                __default_isrs_start
                0x100001c2                isr_nmi
                0x100001c4                isr_hardfault
                0x100001c6                isr_svcall
                0x100001c8                isr_pendsv
                0x100001ca                isr_systick
                0x100001cc                isr_irq23
                0x100001cc                isr_irq18
                0x100001cc                isr_irq11
                0x100001cc                isr_irq28
                0x100001cc                isr_irq19
                0x100001cc                isr_irq0
                0x100001cc                isr_irq6
                0x100001cc                isr_irq5
                0x100001cc                isr_irq12
                0x100001cc                isr_irq22
                0x100001cc                isr_irq31
                0x100001cc                isr_irq17
                0x100001cc                isr_irq27
                0x100001cc                isr_irq30
                0x100001cc                isr_irq2
                0x100001cc                isr_irq10
                0x100001cc                isr_irq8
                0x100001cc                isr_irq24
                0x100001cc                isr_irq1
                0x100001cc                isr_irq7
                0x100001cc                isr_irq21
                0x100001cc                isr_irq20
                0x100001cc                isr_irq15
                0x100001cc                isr_irq25
                0x100001cc                isr_irq13
                0x100001cc                __unhandled_user_irq
                0x100001cc                isr_irq4
                0x100001cc                isr_irq16
                0x100001cc                isr_irq29
                0x100001cc                isr_irq26
                0x100001cc                __default_isrs_end
                0x100001cc                isr_irq3
                0x100001cc                isr_irq14
                0x100001cc                isr_irq9
                0x100001d2                unhandled_user_irq_num_in_r0
 *(.binary_info_header)
 .binary_info_header
                0x100001d4       0x14 CMakeFiles/RP2040.dir/C_/Users/abc/.pico-sdk/sdk/2.0.0/src/rp2_common/pico_crt0/crt0.S.obj
                0x100001e8                        __binary_info_header_end = .
 *(.embedded_block)
                0x100001e8                        __embedded_block_end = .
 *(.reset)
 .reset         0x100001e8       0x9c CMakeFiles/RP2040.dir/C_/Users/abc/.pico-sdk/sdk/2.0.0/src/rp2_common/pico_crt0/crt0.S.obj
                0x100001e8                _entry_point
 *(.init)
 .init          0x10000284        0x4 C:/Users/abc/.pico-sdk/toolchain/13_2_Rel1/bin/../lib/gcc/arm-none-eabi/13.2.1/thumb/v6-m/nofp/crti.o
                0x10000284                _init
 *(EXCLUDE_FILE(*libm.a: *libc.a:*lib_a-mem*.o *libgcc.a:) .text*)
 .text.register_tm_clones
                0x10000288       0x28 C:/Users/abc/.pico-sdk/toolchain/13_2_Rel1/bin/../lib/gcc/arm-none-eabi/13.2.1/thumb/v6-m/nofp/crtbegin.o
 .text.frame_dummy
                0x100002b0       0x24 C:/Users/abc/.pico-sdk/toolchain/13_2_Rel1/bin/../lib/gcc/arm-none-eabi/13.2.1/thumb/v6-m/nofp/crtbegin.o
 .text.startup.main
                0x100002d4       0xec CMakeFiles/RP2040.dir/RP2040.c.obj
                0x100002d4                main
 .text.ch1115_command.constprop.0
                0x100003c0       0x7c CMakeFiles/RP2040.dir/ch1115.c.obj
 .text.ch1115_command
                0x1000043c       0x80 CMakeFiles/RP2040.dir/ch1115.c.obj
                0x1000043c                ch1115_command
 .text.ch1115_init
                0x100004bc       0xd8 CMakeFiles/RP2040.dir/ch1115.c.obj
                0x100004bc                ch1115_init
 .text.OLEDupdate
                0x10000594       0xb0 CMakeFiles/RP2040.dir/ch1115.c.obj
                0x10000594                OLEDupdate
 .text.drawPixel
                0x10000644       0x64 CMakeFiles/RP2040.dir/ch1115.c.obj
                0x10000644                drawPixel
 .text.println1
                0x100006a8       0x18 CMakeFiles/RP2040.dir/ch1115_print.c.obj
                0x100006a8                println1
 .text.setFont  0x100006c0       0x54 CMakeFiles/RP2040.dir/ch1115_graphics.c.obj
                0x100006c0                setFont
 .text.CH1115_graphics_init
                0x10000714       0x7c CMakeFiles/RP2040.dir/ch1115_graphics.c.obj
                0x10000714                CH1115_graphics_init
 .text.setCursor
                0x10000790       0x14 CMakeFiles/RP2040.dir/ch1115_graphics.c.obj
                0x10000790                setCursor
 .text.writeChar
                0x100007a4      0x23c CMakeFiles/RP2040.dir/ch1115_graphics.c.obj
                0x100007a4                writeChar
 .text.write    0x100009e0       0x84 CMakeFiles/RP2040.dir/ch1115_graphics.c.obj
                0x100009e0                write
 .text.gpio_set_function
                0x10000a64       0x34 CMakeFiles/RP2040.dir/C_/Users/abc/.pico-sdk/sdk/2.0.0/src/rp2_common/hardware_gpio/gpio.c.obj
                0x10000a64                gpio_set_function
 .text.gpio_init
                0x10000a98       0x40 CMakeFiles/RP2040.dir/C_/Users/abc/.pico-sdk/sdk/2.0.0/src/rp2_common/hardware_gpio/gpio.c.obj
                0x10000a98                gpio_init
 .text.rp2040_chip_version
                0x10000ad8        0xc CMakeFiles/RP2040.dir/C_/Users/abc/.pico-sdk/sdk/2.0.0/src/rp2040/pico_platform/platform.c.obj
                0x10000ad8                rp2040_chip_version
 .text.panic    0x10000ae4       0x30 CMakeFiles/RP2040.dir/C_/Users/abc/.pico-sdk/sdk/2.0.0/src/rp2_common/pico_platform_panic/panic.c.obj
                0x10000ae4                panic
 .text.hw_claim_or_assert
                0x10000b14       0x44 CMakeFiles/RP2040.dir/C_/Users/abc/.pico-sdk/sdk/2.0.0/src/common/hardware_claim/claim.c.obj
                0x10000b14                hw_claim_or_assert
 .text.hw_claim_unused_from_range
                0x10000b58       0x9c CMakeFiles/RP2040.dir/C_/Users/abc/.pico-sdk/sdk/2.0.0/src/common/hardware_claim/claim.c.obj
                0x10000b58                hw_claim_unused_from_range
 .text.next_striped_spin_lock_num
                0x10000bf4       0x18 CMakeFiles/RP2040.dir/C_/Users/abc/.pico-sdk/sdk/2.0.0/src/rp2_common/hardware_sync/sync.c.obj
                0x10000bf4                next_striped_spin_lock_num
 .text.spin_lock_claim_unused
                0x10000c0c       0x24 CMakeFiles/RP2040.dir/C_/Users/abc/.pico-sdk/sdk/2.0.0/src/rp2_common/hardware_sync/sync.c.obj
                0x10000c0c                spin_lock_claim_unused
 .text.spin_locks_reset
                0x10000c30       0x1c CMakeFiles/RP2040.dir/C_/Users/abc/.pico-sdk/sdk/2.0.0/src/rp2_common/hardware_sync_spin_lock/sync_spin_lock.c.obj
                0x10000c30                spin_locks_reset
 .text.runtime_init_per_core_irq_priorities
                0x10000c4c       0x24 CMakeFiles/RP2040.dir/C_/Users/abc/.pico-sdk/sdk/2.0.0/src/rp2_common/hardware_irq/irq.c.obj
                0x10000c4c                runtime_init_per_core_irq_priorities
 .text.irq_set_enabled
                0x10000c70       0x24 CMakeFiles/RP2040.dir/C_/Users/abc/.pico-sdk/sdk/2.0.0/src/rp2_common/hardware_irq/irq.c.obj
                0x10000c70                irq_set_enabled
 .text.irq_is_enabled
                0x10000c94       0x18 CMakeFiles/RP2040.dir/C_/Users/abc/.pico-sdk/sdk/2.0.0/src/rp2_common/hardware_irq/irq.c.obj
                0x10000c94                irq_is_enabled
 .text.irq_set_pending
                0x10000cac       0x10 CMakeFiles/RP2040.dir/C_/Users/abc/.pico-sdk/sdk/2.0.0/src/rp2_common/hardware_irq/irq.c.obj
                0x10000cac                irq_set_pending
 .text.irq_has_shared_handler
                0x10000cbc       0x2c CMakeFiles/RP2040.dir/C_/Users/abc/.pico-sdk/sdk/2.0.0/src/rp2_common/hardware_irq/irq.c.obj
                0x10000cbc                irq_has_shared_handler
 .text.irq_set_exclusive_handler
                0x10000ce8       0x54 CMakeFiles/RP2040.dir/C_/Users/abc/.pico-sdk/sdk/2.0.0/src/rp2_common/hardware_irq/irq.c.obj
                0x10000ce8                irq_set_exclusive_handler
 .text.irq_add_shared_handler
                0x10000d3c      0x1f4 CMakeFiles/RP2040.dir/C_/Users/abc/.pico-sdk/sdk/2.0.0/src/rp2_common/hardware_irq/irq.c.obj
                0x10000d3c                irq_add_shared_handler
 .text.irq_add_tail_to_free_list
                0x10000f30       0xb4 CMakeFiles/RP2040.dir/C_/Users/abc/.pico-sdk/sdk/2.0.0/src/rp2_common/hardware_irq/irq.c.obj
                0x10000f30                irq_add_tail_to_free_list
 .text.user_irq_claim_unused
                0x10000fe4       0x2c CMakeFiles/RP2040.dir/C_/Users/abc/.pico-sdk/sdk/2.0.0/src/rp2_common/hardware_irq/irq.c.obj
                0x10000fe4                user_irq_claim_unused
 .text.lock_init
                0x10001010       0x10 CMakeFiles/RP2040.dir/C_/Users/abc/.pico-sdk/sdk/2.0.0/src/common/pico_sync/lock_core.c.obj
                0x10001010                lock_init
 .text.runtime_init_mutex
                0x10001020       0x50 CMakeFiles/RP2040.dir/C_/Users/abc/.pico-sdk/sdk/2.0.0/src/common/pico_sync/mutex.c.obj
                0x10001020                runtime_init_mutex
 .text.mutex_init
                0x10001070       0x1c CMakeFiles/RP2040.dir/C_/Users/abc/.pico-sdk/sdk/2.0.0/src/common/pico_sync/mutex.c.obj
                0x10001070                mutex_init
 .text.critical_section_init
                0x1000108c       0x1c CMakeFiles/RP2040.dir/C_/Users/abc/.pico-sdk/sdk/2.0.0/src/common/pico_sync/critical_section.c.obj
                0x1000108c                critical_section_init
 .text.critical_section_init_with_lock_num
                0x100010a8       0x14 CMakeFiles/RP2040.dir/C_/Users/abc/.pico-sdk/sdk/2.0.0/src/common/pico_sync/critical_section.c.obj
                0x100010a8                critical_section_init_with_lock_num
 .text.sleep_until_callback
                0x100010bc       0x30 CMakeFiles/RP2040.dir/C_/Users/abc/.pico-sdk/sdk/2.0.0/src/common/pico_time/time.c.obj
 .text.alarm_pool_irq_handler
                0x100010ec      0x2e4 CMakeFiles/RP2040.dir/C_/Users/abc/.pico-sdk/sdk/2.0.0/src/common/pico_time/time.c.obj
 .text.runtime_init_default_alarm_pool
                0x100013d0       0xdc CMakeFiles/RP2040.dir/C_/Users/abc/.pico-sdk/sdk/2.0.0/src/common/pico_time/time.c.obj
                0x100013d0                runtime_init_default_alarm_pool
 .text.alarm_pool_get_default
                0x100014ac        0x8 CMakeFiles/RP2040.dir/C_/Users/abc/.pico-sdk/sdk/2.0.0/src/common/pico_time/time.c.obj
                0x100014ac                alarm_pool_get_default
 .text.alarm_pool_add_alarm_at
                0x100014b4       0xd4 CMakeFiles/RP2040.dir/C_/Users/abc/.pico-sdk/sdk/2.0.0/src/common/pico_time/time.c.obj
                0x100014b4                alarm_pool_add_alarm_at
 .text.alarm_pool_add_alarm_at_force_in_context
                0x10001588       0xb0 CMakeFiles/RP2040.dir/C_/Users/abc/.pico-sdk/sdk/2.0.0/src/common/pico_time/time.c.obj
                0x10001588                alarm_pool_add_alarm_at_force_in_context
 .text.alarm_pool_cancel_alarm
                0x10001638       0x74 CMakeFiles/RP2040.dir/C_/Users/abc/.pico-sdk/sdk/2.0.0/src/common/pico_time/time.c.obj
                0x10001638                alarm_pool_cancel_alarm
 .text.alarm_pool_core_num
                0x100016ac        0x4 CMakeFiles/RP2040.dir/C_/Users/abc/.pico-sdk/sdk/2.0.0/src/common/pico_time/time.c.obj
                0x100016ac                alarm_pool_core_num
 .text.sleep_until
                0x100016b0       0xd8 CMakeFiles/RP2040.dir/C_/Users/abc/.pico-sdk/sdk/2.0.0/src/common/pico_time/time.c.obj
                0x100016b0                sleep_until
 .text.sleep_ms
                0x10001788       0x38 CMakeFiles/RP2040.dir/C_/Users/abc/.pico-sdk/sdk/2.0.0/src/common/pico_time/time.c.obj
                0x10001788                sleep_ms
 .text.best_effort_wfe_or_timeout
                0x100017c0      0x134 CMakeFiles/RP2040.dir/C_/Users/abc/.pico-sdk/sdk/2.0.0/src/common/pico_time/time.c.obj
                0x100017c0                best_effort_wfe_or_timeout
 .text.timer_hardware_alarm_claim
                0x100018f4       0x14 CMakeFiles/RP2040.dir/C_/Users/abc/.pico-sdk/sdk/2.0.0/src/rp2_common/hardware_timer/timer.c.obj
                0x100018f4                timer_hardware_alarm_claim
 .text.timer_time_us_64
                0x10001908       0x10 CMakeFiles/RP2040.dir/C_/Users/abc/.pico-sdk/sdk/2.0.0/src/rp2_common/hardware_timer/timer.c.obj
                0x10001908                timer_time_us_64
 .text.time_us_64
                0x10001918       0x14 CMakeFiles/RP2040.dir/C_/Users/abc/.pico-sdk/sdk/2.0.0/src/rp2_common/hardware_timer/timer.c.obj
                0x10001918                time_us_64
 .text.busy_wait_until
                0x1000192c       0x20 CMakeFiles/RP2040.dir/C_/Users/abc/.pico-sdk/sdk/2.0.0/src/rp2_common/hardware_timer/timer.c.obj
                0x1000192c                busy_wait_until
 .text.clock_configure_int_divider
                0x1000194c       0xf4 CMakeFiles/RP2040.dir/C_/Users/abc/.pico-sdk/sdk/2.0.0/src/rp2_common/hardware_clocks/clocks.c.obj
                0x1000194c                clock_configure_int_divider
 .text.clock_configure_undivided
                0x10001a40       0xe8 CMakeFiles/RP2040.dir/C_/Users/abc/.pico-sdk/sdk/2.0.0/src/rp2_common/hardware_clocks/clocks.c.obj
                0x10001a40                clock_configure_undivided
 .text.clock_get_hz
                0x10001b28        0xc CMakeFiles/RP2040.dir/C_/Users/abc/.pico-sdk/sdk/2.0.0/src/rp2_common/hardware_clocks/clocks.c.obj
                0x10001b28                clock_get_hz
 .text.pll_init
                0x10001b34       0xa4 CMakeFiles/RP2040.dir/C_/Users/abc/.pico-sdk/sdk/2.0.0/src/rp2_common/hardware_pll/pll.c.obj
                0x10001b34                pll_init
 .text.watchdog_reboot
                0x10001bd8       0x9c CMakeFiles/RP2040.dir/C_/Users/abc/.pico-sdk/sdk/2.0.0/src/rp2_common/hardware_watchdog/watchdog.c.obj
                0x10001bd8                watchdog_reboot
 .text.tick_start
                0x10001c74       0x10 CMakeFiles/RP2040.dir/C_/Users/abc/.pico-sdk/sdk/2.0.0/src/rp2_common/hardware_ticks/ticks.c.obj
                0x10001c74                tick_start
 .text.xosc_init
                0x10001c84       0x28 CMakeFiles/RP2040.dir/C_/Users/abc/.pico-sdk/sdk/2.0.0/src/rp2_common/hardware_xosc/xosc.c.obj
                0x10001c84                xosc_init
 .text.first_per_core_initializer
                0x10001cac        0x4 CMakeFiles/RP2040.dir/C_/Users/abc/.pico-sdk/sdk/2.0.0/src/rp2_common/pico_runtime/runtime.c.obj
 .text.hard_assertion_failure
                0x10001cb0        0xc CMakeFiles/RP2040.dir/C_/Users/abc/.pico-sdk/sdk/2.0.0/src/rp2_common/pico_runtime/runtime.c.obj
                0x10001cb0                hard_assertion_failure
 .text.runtime_run_initializers
                0x10001cbc       0x28 CMakeFiles/RP2040.dir/C_/Users/abc/.pico-sdk/sdk/2.0.0/src/rp2_common/pico_runtime/runtime.c.obj
                0x10001cbc                runtime_run_initializers
 .text.runtime_init_early_resets
                0x10001ce4       0x2c CMakeFiles/RP2040.dir/C_/Users/abc/.pico-sdk/sdk/2.0.0/src/rp2_common/pico_runtime_init/runtime_init.c.obj
                0x10001ce4                runtime_init_early_resets
 .text.runtime_init_usb_power_down
                0x10001d10       0x1c CMakeFiles/RP2040.dir/C_/Users/abc/.pico-sdk/sdk/2.0.0/src/rp2_common/pico_runtime_init/runtime_init.c.obj
                0x10001d10                runtime_init_usb_power_down
 .text.runtime_init_post_clock_resets
                0x10001d2c       0x20 CMakeFiles/RP2040.dir/C_/Users/abc/.pico-sdk/sdk/2.0.0/src/rp2_common/pico_runtime_init/runtime_init.c.obj
                0x10001d2c                runtime_init_post_clock_resets
 .text.runtime_init_rp2040_gpio_ie_disable
                0x10001d4c       0x14 CMakeFiles/RP2040.dir/C_/Users/abc/.pico-sdk/sdk/2.0.0/src/rp2_common/pico_runtime_init/runtime_init.c.obj
                0x10001d4c                runtime_init_rp2040_gpio_ie_disable
 .text.runtime_init_spin_locks_reset
                0x10001d60        0x8 CMakeFiles/RP2040.dir/C_/Users/abc/.pico-sdk/sdk/2.0.0/src/rp2_common/pico_runtime_init/runtime_init.c.obj
                0x10001d60                runtime_init_spin_locks_reset
 .text.runtime_init_install_ram_vector_table
                0x10001d68       0x1c CMakeFiles/RP2040.dir/C_/Users/abc/.pico-sdk/sdk/2.0.0/src/rp2_common/pico_runtime_init/runtime_init.c.obj
                0x10001d68                runtime_init_install_ram_vector_table
 .text.runtime_init_clocks
                0x10001d84       0xd8 CMakeFiles/RP2040.dir/C_/Users/abc/.pico-sdk/sdk/2.0.0/src/rp2_common/pico_runtime_init/runtime_init_clocks.c.obj
                0x10001d84                runtime_init_clocks
 .text          0x10001e5c       0x10 CMakeFiles/RP2040.dir/C_/Users/abc/.pico-sdk/sdk/2.0.0/src/rp2_common/pico_bit_ops/bit_ops_aeabi.S.obj
 .text.rom_func_lookup
                0x10001e6c       0x10 CMakeFiles/RP2040.dir/C_/Users/abc/.pico-sdk/sdk/2.0.0/src/rp2_common/pico_bootrom/bootrom.c.obj
                0x10001e6c                rom_func_lookup
 .text.rom_data_lookup
                0x10001e7c       0x10 CMakeFiles/RP2040.dir/C_/Users/abc/.pico-sdk/sdk/2.0.0/src/rp2_common/pico_bootrom/bootrom.c.obj
                0x10001e7c                rom_data_lookup
 .text.rom_funcs_lookup
                0x10001e8c       0x44 CMakeFiles/RP2040.dir/C_/Users/abc/.pico-sdk/sdk/2.0.0/src/rp2_common/pico_bootrom/bootrom.c.obj
                0x10001e8c                rom_funcs_lookup
 .text.rom_reset_usb_boot
                0x10001ed0       0x20 CMakeFiles/RP2040.dir/C_/Users/abc/.pico-sdk/sdk/2.0.0/src/rp2_common/pico_bootrom/bootrom.c.obj
                0x10001ed0                rom_reset_usb_boot
 .text.__wrap___aeabi_idiv
                0x10001ef0       0x50 CMakeFiles/RP2040.dir/C_/Users/abc/.pico-sdk/sdk/2.0.0/src/rp2_common/pico_divider/divider_hardware.S.obj
                0x10001ef0                __wrap___aeabi_idivmod
                0x10001ef0                divmod_s32s32
                0x10001ef0                div_s32s32
                0x10001ef0                __wrap___aeabi_idiv
                0x10001ef8                divmod_s32s32_unsafe
                0x10001f24                divmod_s32s32_savestate
 .text.__wrap___aeabi_uidiv
                0x10001f40       0x4c CMakeFiles/RP2040.dir/C_/Users/abc/.pico-sdk/sdk/2.0.0/src/rp2_common/pico_divider/divider_hardware.S.obj
                0x10001f40                __wrap___aeabi_uidiv
                0x10001f40                __wrap___aeabi_uidivmod
                0x10001f40                div_u32u32
                0x10001f40                divmod_u32u32
                0x10001f48                divmod_u32u32_unsafe
                0x10001f70                divmod_u32u32_savestate
 .text.__wrap___aeabi_ldiv
                0x10001f8c      0x424 CMakeFiles/RP2040.dir/C_/Users/abc/.pico-sdk/sdk/2.0.0/src/rp2_common/pico_divider/divider_hardware.S.obj
                0x10001f8c                div_s64s64
                0x10001f8c                divmod_s64s64
                0x10001f8c                __wrap___aeabi_ldivmod
                0x10001fbc                divmod_u64u64
                0x10001fbc                div_u64u64
                0x10001fbc                __wrap___aeabi_uldivmod
                0x10001fcc                divmod_u64u64_savestate
                0x10001fec                divmod_s64s64_unsafe
                0x10002074                divmod_u64u64_unsafe
 .text.__wrap___aeabi_darithmetic
                0x100023b0       0x80 CMakeFiles/RP2040.dir/C_/Users/abc/.pico-sdk/sdk/2.0.0/src/rp2_common/pico_double/double_aeabi_rp2040.S.obj
                0x100023b0                __wrap___aeabi_drsub
                0x100023b6                __wrap___aeabi_dsub
                0x100023c8                __wrap___aeabi_dadd
                0x100023da                __wrap___aeabi_ddiv
                0x10002416                __wrap___aeabi_dmul
 .text.__wrap___aeabi_cdcmple
                0x10002430       0x6c CMakeFiles/RP2040.dir/C_/Users/abc/.pico-sdk/sdk/2.0.0/src/rp2_common/pico_double/double_aeabi_rp2040.S.obj
                0x10002430                __wrap___aeabi_cdrcmple
                0x10002440                __wrap___aeabi_cdcmpeq
                0x10002440                __wrap___aeabi_cdcmple
 .text.__wrap___aeabi_dcmplt
                0x1000249c        0xc CMakeFiles/RP2040.dir/C_/Users/abc/.pico-sdk/sdk/2.0.0/src/rp2_common/pico_double/double_aeabi_rp2040.S.obj
                0x1000249c                __wrap___aeabi_dcmplt
 .text.__wrap___aeabi_dcmpge
                0x100024a8       0x10 CMakeFiles/RP2040.dir/C_/Users/abc/.pico-sdk/sdk/2.0.0/src/rp2_common/pico_double/double_aeabi_rp2040.S.obj
                0x100024a8                __wrap___aeabi_dcmpge
 .text.__wrap___aeabi_dcmpgt
                0x100024b8        0xa CMakeFiles/RP2040.dir/C_/Users/abc/.pico-sdk/sdk/2.0.0/src/rp2_common/pico_double/double_aeabi_rp2040.S.obj
                0x100024b8                __wrap___aeabi_dcmpgt
 .text.__wrap___aeabi_dcmpun
                0x100024c2       0x18 CMakeFiles/RP2040.dir/C_/Users/abc/.pico-sdk/sdk/2.0.0/src/rp2_common/pico_double/double_aeabi_rp2040.S.obj
                0x100024c2                __wrap___aeabi_dcmpun
 *fill*         0x100024da        0x2 
 .text.__wrap___aeabi_i2d
                0x100024dc       0x38 CMakeFiles/RP2040.dir/C_/Users/abc/.pico-sdk/sdk/2.0.0/src/rp2_common/pico_double/double_aeabi_rp2040.S.obj
                0x100024dc                __wrap___aeabi_ui2d
                0x100024e4                __wrap___aeabi_i2d
 .text.__wrap___aeabi_d2iz
                0x10002514       0x48 CMakeFiles/RP2040.dir/C_/Users/abc/.pico-sdk/sdk/2.0.0/src/rp2_common/pico_double/double_aeabi_rp2040.S.obj
                0x10002514                double2int_z
                0x10002514                __wrap___aeabi_d2iz
 .text.__wrap___aeabi_d2uiz
                0x1000255c       0x18 CMakeFiles/RP2040.dir/C_/Users/abc/.pico-sdk/sdk/2.0.0/src/rp2_common/pico_double/double_aeabi_rp2040.S.obj
                0x1000255c                __wrap___aeabi_d2uiz
                0x1000255c                double2uint
 .text.__aeabi_double_init
                0x10002574       0xa4 CMakeFiles/RP2040.dir/C_/Users/abc/.pico-sdk/sdk/2.0.0/src/rp2_common/pico_double/double_init_rom_rp2040.c.obj
                0x10002574                __aeabi_double_init
 .text.double_table_shim_on_use_helper
                0x10002618       0x2c CMakeFiles/RP2040.dir/C_/Users/abc/.pico-sdk/sdk/2.0.0/src/rp2_common/pico_double/double_v1_rom_shim_rp2040.S.obj
                0x10002618                double_table_shim_on_use_helper
 .text.__wrap___aeabi_dsub
                0x10002644       0x10 CMakeFiles/RP2040.dir/C_/Users/abc/.pico-sdk/sdk/2.0.0/src/rp2_common/pico_double/double_v1_rom_shim_rp2040.S.obj
                0x10002644                drsub_shim
                0x1000264a                dsub_shim
 .text.dadd_shim
                0x10002654      0x15c CMakeFiles/RP2040.dir/C_/Users/abc/.pico-sdk/sdk/2.0.0/src/rp2_common/pico_double/double_v1_rom_shim_rp2040.S.obj
                0x10002654                dadd_shim
 .text.dmul_shim
                0x100027b0      0x15c CMakeFiles/RP2040.dir/C_/Users/abc/.pico-sdk/sdk/2.0.0/src/rp2_common/pico_double/double_v1_rom_shim_rp2040.S.obj
                0x100027b0                dmul_shim
 .text.ddiv_shim
                0x1000290c      0x1b0 CMakeFiles/RP2040.dir/C_/Users/abc/.pico-sdk/sdk/2.0.0/src/rp2_common/pico_double/double_v1_rom_shim_rp2040.S.obj
                0x1000290c                ddiv_shim
 .text.double2uint_shim
                0x10002abc        0xe CMakeFiles/RP2040.dir/C_/Users/abc/.pico-sdk/sdk/2.0.0/src/rp2_common/pico_double/double_v1_rom_shim_rp2040.S.obj
                0x10002abc                double2uint_shim
                0x10002abe                double2ufix_shim
 *fill*         0x10002aca        0x2 
 .text.double2uint64_shim
                0x10002acc       0x70 CMakeFiles/RP2040.dir/C_/Users/abc/.pico-sdk/sdk/2.0.0/src/rp2_common/pico_double/double_v1_rom_shim_rp2040.S.obj
                0x10002acc                double2uint64_shim
                0x10002ace                double2ufix64_shim
                0x10002aee                d2fix_a
 .text.dunpacks
                0x10002b3c       0x3c CMakeFiles/RP2040.dir/C_/Users/abc/.pico-sdk/sdk/2.0.0/src/rp2_common/pico_double/double_v1_rom_shim_rp2040.S.obj
                0x10002b3c                dunpacks
 .text.__aeabi_lmul
                0x10002b78       0x32 CMakeFiles/RP2040.dir/C_/Users/abc/.pico-sdk/sdk/2.0.0/src/rp2_common/pico_int64_ops/pico_int64_ops_aeabi.S.obj
                0x10002b78                __wrap___aeabi_lmul
 *fill*         0x10002baa        0x2 
 .text.__aeabi_float_init
                0x10002bac       0x64 CMakeFiles/RP2040.dir/C_/Users/abc/.pico-sdk/sdk/2.0.0/src/rp2_common/pico_float/float_init_rom_rp2040.c.obj
                0x10002bac                __aeabi_float_init
 .text.float_table_shim_on_use_helper
                0x10002c10       0x2c CMakeFiles/RP2040.dir/C_/Users/abc/.pico-sdk/sdk/2.0.0/src/rp2_common/pico_float/float_v1_rom_shim_rp2040.S.obj
                0x10002c10                float_table_shim_on_use_helper
 .text          0x10002c3c       0x10 CMakeFiles/RP2040.dir/C_/Users/abc/.pico-sdk/sdk/2.0.0/src/rp2_common/pico_mem_ops/mem_ops_aeabi.S.obj
                0x10002c3c                __aeabi_mem_init
 .text.memset   0x10002c4c        0xc CMakeFiles/RP2040.dir/C_/Users/abc/.pico-sdk/sdk/2.0.0/src/rp2_common/pico_mem_ops/mem_ops_aeabi.S.obj
                0x10002c4c                __wrap_memset
 .text.memcpy   0x10002c58        0xc CMakeFiles/RP2040.dir/C_/Users/abc/.pico-sdk/sdk/2.0.0/src/rp2_common/pico_mem_ops/mem_ops_aeabi.S.obj
                0x10002c58                __wrap_memcpy
                0x10002c58                __wrap___aeabi_memcpy
 .text._out_null
                0x10002c64        0x4 CMakeFiles/RP2040.dir/C_/Users/abc/.pico-sdk/sdk/2.0.0/src/rp2_common/pico_printf/printf.c.obj
 .text._out_rev
                0x10002c68       0xac CMakeFiles/RP2040.dir/C_/Users/abc/.pico-sdk/sdk/2.0.0/src/rp2_common/pico_printf/printf.c.obj
 .text._ntoa_format
                0x10002d14      0x250 CMakeFiles/RP2040.dir/C_/Users/abc/.pico-sdk/sdk/2.0.0/src/rp2_common/pico_printf/printf.c.obj
 .text._out_char
                0x10002f64       0x10 CMakeFiles/RP2040.dir/C_/Users/abc/.pico-sdk/sdk/2.0.0/src/rp2_common/pico_printf/printf.c.obj
 .text._out_fct
                0x10002f74       0x10 CMakeFiles/RP2040.dir/C_/Users/abc/.pico-sdk/sdk/2.0.0/src/rp2_common/pico_printf/printf.c.obj
 .text._etoa    0x10002f84      0x464 CMakeFiles/RP2040.dir/C_/Users/abc/.pico-sdk/sdk/2.0.0/src/rp2_common/pico_printf/printf.c.obj
 .text._ftoa    0x100033e8      0x3c0 CMakeFiles/RP2040.dir/C_/Users/abc/.pico-sdk/sdk/2.0.0/src/rp2_common/pico_printf/printf.c.obj
 .text._vsnprintf
                0x100037a8      0xbc8 CMakeFiles/RP2040.dir/C_/Users/abc/.pico-sdk/sdk/2.0.0/src/rp2_common/pico_printf/printf.c.obj
 .text.vfctprintf
                0x10004370       0x20 CMakeFiles/RP2040.dir/C_/Users/abc/.pico-sdk/sdk/2.0.0/src/rp2_common/pico_printf/printf.c.obj
                0x10004370                vfctprintf
 .text.weak_raw_vprintf
                0x10004390       0x30 CMakeFiles/RP2040.dir/C_/Users/abc/.pico-sdk/sdk/2.0.0/src/rp2_common/pico_printf/printf.c.obj
                0x10004390                weak_raw_vprintf
 .text._exit    0x100043c0        0x4 CMakeFiles/RP2040.dir/C_/Users/abc/.pico-sdk/sdk/2.0.0/src/rp2_common/pico_clib_interface/newlib_interface.c.obj
                0x100043c0                _exit
 .text.exit     0x100043c4        0x8 CMakeFiles/RP2040.dir/C_/Users/abc/.pico-sdk/sdk/2.0.0/src/rp2_common/pico_clib_interface/newlib_interface.c.obj
                0x100043c4                exit
 .text.runtime_init
                0x100043cc       0x2c CMakeFiles/RP2040.dir/C_/Users/abc/.pico-sdk/sdk/2.0.0/src/rp2_common/pico_clib_interface/newlib_interface.c.obj
                0x100043cc                runtime_init
 .text.stdio_out_chars_no_crlf
                0x100043f8       0x10 CMakeFiles/RP2040.dir/C_/Users/abc/.pico-sdk/sdk/2.0.0/src/rp2_common/pico_stdio/stdio.c.obj
 .text.stdio_out_chars_crlf
                0x10004408       0x94 CMakeFiles/RP2040.dir/C_/Users/abc/.pico-sdk/sdk/2.0.0/src/rp2_common/pico_stdio/stdio.c.obj
 .text.stdio_buffered_printer
                0x1000449c       0x64 CMakeFiles/RP2040.dir/C_/Users/abc/.pico-sdk/sdk/2.0.0/src/rp2_common/pico_stdio/stdio.c.obj
 .text.stdio_put_string
                0x10004500      0x100 CMakeFiles/RP2040.dir/C_/Users/abc/.pico-sdk/sdk/2.0.0/src/rp2_common/pico_stdio/stdio.c.obj
                0x10004500                stdio_put_string
 .text.stdio_set_driver_enabled
                0x10004600       0x30 CMakeFiles/RP2040.dir/C_/Users/abc/.pico-sdk/sdk/2.0.0/src/rp2_common/pico_stdio/stdio.c.obj
                0x10004600                stdio_set_driver_enabled
 .text.stdio_init_all
                0x10004630        0x8 CMakeFiles/RP2040.dir/C_/Users/abc/.pico-sdk/sdk/2.0.0/src/rp2_common/pico_stdio/stdio.c.obj
                0x10004630                stdio_init_all
 .text.__wrap_putchar
                0x10004638       0x98 CMakeFiles/RP2040.dir/C_/Users/abc/.pico-sdk/sdk/2.0.0/src/rp2_common/pico_stdio/stdio.c.obj
                0x10004638                __wrap_putchar
                0x10004638                stdio_putchar
 .text.__wrap_puts
                0x100046d0       0x3c CMakeFiles/RP2040.dir/C_/Users/abc/.pico-sdk/sdk/2.0.0/src/rp2_common/pico_stdio/stdio.c.obj
                0x100046d0                stdio_puts
                0x100046d0                __wrap_puts
 .text.__wrap_vprintf
                0x1000470c       0xd4 CMakeFiles/RP2040.dir/C_/Users/abc/.pico-sdk/sdk/2.0.0/src/rp2_common/pico_stdio/stdio.c.obj
                0x1000470c                stdio_vprintf
                0x1000470c                __wrap_vprintf
 .text.__wrap_printf
                0x100047e0       0x18 CMakeFiles/RP2040.dir/C_/Users/abc/.pico-sdk/sdk/2.0.0/src/rp2_common/pico_stdio/stdio.c.obj
                0x100047e0                __wrap_printf
                0x100047e0                stdio_printf
 .text.resetd_init
                0x100047f8        0x4 CMakeFiles/RP2040.dir/C_/Users/abc/.pico-sdk/sdk/2.0.0/src/rp2_common/pico_stdio_usb/reset_interface.c.obj
 .text.resetd_reset
                0x100047fc        0xc CMakeFiles/RP2040.dir/C_/Users/abc/.pico-sdk/sdk/2.0.0/src/rp2_common/pico_stdio_usb/reset_interface.c.obj
 .text.resetd_open
                0x10004808       0x28 CMakeFiles/RP2040.dir/C_/Users/abc/.pico-sdk/sdk/2.0.0/src/rp2_common/pico_stdio_usb/reset_interface.c.obj
 .text.resetd_xfer_cb
                0x10004830        0x4 CMakeFiles/RP2040.dir/C_/Users/abc/.pico-sdk/sdk/2.0.0/src/rp2_common/pico_stdio_usb/reset_interface.c.obj
 .text.resetd_control_xfer_cb
                0x10004834       0x54 CMakeFiles/RP2040.dir/C_/Users/abc/.pico-sdk/sdk/2.0.0/src/rp2_common/pico_stdio_usb/reset_interface.c.obj
 .text.tud_descriptor_bos_cb
                0x10004888        0x8 CMakeFiles/RP2040.dir/C_/Users/abc/.pico-sdk/sdk/2.0.0/src/rp2_common/pico_stdio_usb/reset_interface.c.obj
                0x10004888                tud_descriptor_bos_cb
 .text.tud_vendor_control_xfer_cb
                0x10004890       0x34 CMakeFiles/RP2040.dir/C_/Users/abc/.pico-sdk/sdk/2.0.0/src/rp2_common/pico_stdio_usb/reset_interface.c.obj
                0x10004890                tud_vendor_control_xfer_cb
 .text.usbd_app_driver_get_cb
                0x100048c4        0xc CMakeFiles/RP2040.dir/C_/Users/abc/.pico-sdk/sdk/2.0.0/src/rp2_common/pico_stdio_usb/reset_interface.c.obj
                0x100048c4                usbd_app_driver_get_cb
 .text.tud_cdc_line_coding_cb
                0x100048d0       0x28 CMakeFiles/RP2040.dir/C_/Users/abc/.pico-sdk/sdk/2.0.0/src/rp2_common/pico_stdio_usb/reset_interface.c.obj
                0x100048d0                tud_cdc_line_coding_cb
 .text.stdio_usb_set_chars_available_callback
                0x100048f8       0x14 CMakeFiles/RP2040.dir/C_/Users/abc/.pico-sdk/sdk/2.0.0/src/rp2_common/pico_stdio_usb/stdio_usb.c.obj
                0x100048f8                stdio_usb_set_chars_available_callback
 .text.usb_irq  0x1000490c       0x10 CMakeFiles/RP2040.dir/C_/Users/abc/.pico-sdk/sdk/2.0.0/src/rp2_common/pico_stdio_usb/stdio_usb.c.obj
 .text.timer_task
                0x1000491c       0x64 CMakeFiles/RP2040.dir/C_/Users/abc/.pico-sdk/sdk/2.0.0/src/rp2_common/pico_stdio_usb/stdio_usb.c.obj
 .text.stdio_usb_in_chars
                0x10004980       0x90 CMakeFiles/RP2040.dir/C_/Users/abc/.pico-sdk/sdk/2.0.0/src/rp2_common/pico_stdio_usb/stdio_usb.c.obj
                0x10004980                stdio_usb_in_chars
 .text.stdio_usb_out_flush
                0x10004a10       0x50 CMakeFiles/RP2040.dir/C_/Users/abc/.pico-sdk/sdk/2.0.0/src/rp2_common/pico_stdio_usb/stdio_usb.c.obj
 .text.stdio_usb_out_chars
                0x10004a60      0x104 CMakeFiles/RP2040.dir/C_/Users/abc/.pico-sdk/sdk/2.0.0/src/rp2_common/pico_stdio_usb/stdio_usb.c.obj
 .text.low_priority_worker_irq
                0x10004b64       0xcc CMakeFiles/RP2040.dir/C_/Users/abc/.pico-sdk/sdk/2.0.0/src/rp2_common/pico_stdio_usb/stdio_usb.c.obj
 .text.stdio_usb_init
                0x10004c30       0xe8 CMakeFiles/RP2040.dir/C_/Users/abc/.pico-sdk/sdk/2.0.0/src/rp2_common/pico_stdio_usb/stdio_usb.c.obj
                0x10004c30                stdio_usb_init
 .text.tud_descriptor_device_cb
                0x10004d18        0x8 CMakeFiles/RP2040.dir/C_/Users/abc/.pico-sdk/sdk/2.0.0/src/rp2_common/pico_stdio_usb/stdio_usb_descriptors.c.obj
                0x10004d18                tud_descriptor_device_cb
 .text.tud_descriptor_configuration_cb
                0x10004d20        0x8 CMakeFiles/RP2040.dir/C_/Users/abc/.pico-sdk/sdk/2.0.0/src/rp2_common/pico_stdio_usb/stdio_usb_descriptors.c.obj
                0x10004d20                tud_descriptor_configuration_cb
 .text.tud_descriptor_string_cb
                0x10004d28       0x78 CMakeFiles/RP2040.dir/C_/Users/abc/.pico-sdk/sdk/2.0.0/src/rp2_common/pico_stdio_usb/stdio_usb_descriptors.c.obj
                0x10004d28                tud_descriptor_string_cb
 .text.startup._retrieve_unique_id_on_boot
                0x10004da0       0x10 CMakeFiles/RP2040.dir/C_/Users/abc/.pico-sdk/sdk/2.0.0/src/rp2_common/pico_unique_id/unique_id.c.obj
 .text.pico_get_unique_board_id_string
                0x10004db0      0x1a8 CMakeFiles/RP2040.dir/C_/Users/abc/.pico-sdk/sdk/2.0.0/src/rp2_common/pico_unique_id/unique_id.c.obj
                0x10004db0                pico_get_unique_board_id_string
 .text.flash_get_unique_id
                0x10004f58       0x3c CMakeFiles/RP2040.dir/C_/Users/abc/.pico-sdk/sdk/2.0.0/src/rp2_common/hardware_flash/flash.c.obj
                0x10004f58                flash_get_unique_id
 .text.dcd_init
                0x10004f94       0x8c CMakeFiles/RP2040.dir/C_/Users/abc/.pico-sdk/sdk/2.0.0/lib/tinyusb/src/portable/raspberrypi/rp2040/dcd_rp2040.c.obj
                0x10004f94                dcd_init
 .text.dcd_int_enable
                0x10005020        0xc CMakeFiles/RP2040.dir/C_/Users/abc/.pico-sdk/sdk/2.0.0/lib/tinyusb/src/portable/raspberrypi/rp2040/dcd_rp2040.c.obj
                0x10005020                dcd_int_enable
 .text.dcd_set_address
                0x1000502c       0x14 CMakeFiles/RP2040.dir/C_/Users/abc/.pico-sdk/sdk/2.0.0/lib/tinyusb/src/portable/raspberrypi/rp2040/dcd_rp2040.c.obj
                0x1000502c                dcd_set_address
 .text.dcd_sof_enable
                0x10005040       0x1c CMakeFiles/RP2040.dir/C_/Users/abc/.pico-sdk/sdk/2.0.0/lib/tinyusb/src/portable/raspberrypi/rp2040/dcd_rp2040.c.obj
                0x10005040                dcd_sof_enable
 .text.dcd_edpt0_status_complete
                0x1000505c       0x1c CMakeFiles/RP2040.dir/C_/Users/abc/.pico-sdk/sdk/2.0.0/lib/tinyusb/src/portable/raspberrypi/rp2040/dcd_rp2040.c.obj
                0x1000505c                dcd_edpt0_status_complete
 .text.dcd_edpt_open
                0x10005078      0x108 CMakeFiles/RP2040.dir/C_/Users/abc/.pico-sdk/sdk/2.0.0/lib/tinyusb/src/portable/raspberrypi/rp2040/dcd_rp2040.c.obj
                0x10005078                dcd_edpt_open
 .text.dcd_edpt_close_all
                0x10005180        0x8 CMakeFiles/RP2040.dir/C_/Users/abc/.pico-sdk/sdk/2.0.0/lib/tinyusb/src/portable/raspberrypi/rp2040/dcd_rp2040.c.obj
                0x10005180                dcd_edpt_close_all
 .text.dcd_edpt_xfer
                0x10005188       0x24 CMakeFiles/RP2040.dir/C_/Users/abc/.pico-sdk/sdk/2.0.0/lib/tinyusb/src/portable/raspberrypi/rp2040/dcd_rp2040.c.obj
                0x10005188                dcd_edpt_xfer
 .text.dcd_edpt_stall
                0x100051ac       0x34 CMakeFiles/RP2040.dir/C_/Users/abc/.pico-sdk/sdk/2.0.0/lib/tinyusb/src/portable/raspberrypi/rp2040/dcd_rp2040.c.obj
                0x100051ac                dcd_edpt_stall
 .text.dcd_edpt_clear_stall
                0x100051e0       0x30 CMakeFiles/RP2040.dir/C_/Users/abc/.pico-sdk/sdk/2.0.0/lib/tinyusb/src/portable/raspberrypi/rp2040/dcd_rp2040.c.obj
                0x100051e0                dcd_edpt_clear_stall
 .text.rp2040_usb_init
                0x10005210       0x40 CMakeFiles/RP2040.dir/C_/Users/abc/.pico-sdk/sdk/2.0.0/lib/tinyusb/src/portable/raspberrypi/rp2040/rp2040_usb.c.obj
                0x10005210                rp2040_usb_init
 .text.hw_endpoint_xfer_start
                0x10005250       0x40 CMakeFiles/RP2040.dir/C_/Users/abc/.pico-sdk/sdk/2.0.0/lib/tinyusb/src/portable/raspberrypi/rp2040/rp2040_usb.c.obj
                0x10005250                hw_endpoint_xfer_start
 .text.tud_event_hook_cb
                0x10005290        0x4 CMakeFiles/RP2040.dir/C_/Users/abc/.pico-sdk/sdk/2.0.0/lib/tinyusb/src/device/usbd.c.obj
                0x10005290                tud_event_hook_cb
 .text.tud_sof_cb
                0x10005294        0x4 CMakeFiles/RP2040.dir/C_/Users/abc/.pico-sdk/sdk/2.0.0/lib/tinyusb/src/device/usbd.c.obj
                0x10005294                tud_sof_cb
 .text.tud_descriptor_device_qualifier_cb
                0x10005298        0x4 CMakeFiles/RP2040.dir/C_/Users/abc/.pico-sdk/sdk/2.0.0/lib/tinyusb/src/device/usbd.c.obj
                0x10005298                tud_descriptor_device_qualifier_cb
 .text.tud_descriptor_other_speed_configuration_cb
                0x1000529c        0x4 CMakeFiles/RP2040.dir/C_/Users/abc/.pico-sdk/sdk/2.0.0/lib/tinyusb/src/device/usbd.c.obj
                0x1000529c                tud_descriptor_other_speed_configuration_cb
 .text.tud_mount_cb
                0x100052a0        0x4 CMakeFiles/RP2040.dir/C_/Users/abc/.pico-sdk/sdk/2.0.0/lib/tinyusb/src/device/usbd.c.obj
                0x100052a0                tud_mount_cb
 .text.tud_umount_cb
                0x100052a4        0x4 CMakeFiles/RP2040.dir/C_/Users/abc/.pico-sdk/sdk/2.0.0/lib/tinyusb/src/device/usbd.c.obj
                0x100052a4                tud_umount_cb
 .text.tud_suspend_cb
                0x100052a8        0x4 CMakeFiles/RP2040.dir/C_/Users/abc/.pico-sdk/sdk/2.0.0/lib/tinyusb/src/device/usbd.c.obj
                0x100052a8                tud_suspend_cb
 .text.tud_resume_cb
                0x100052ac        0x4 CMakeFiles/RP2040.dir/C_/Users/abc/.pico-sdk/sdk/2.0.0/lib/tinyusb/src/device/usbd.c.obj
                0x100052ac                tud_resume_cb
 .text.tud_mounted
                0x100052b0       0x10 CMakeFiles/RP2040.dir/C_/Users/abc/.pico-sdk/sdk/2.0.0/lib/tinyusb/src/device/usbd.c.obj
                0x100052b0                tud_mounted
 .text.tud_suspended
                0x100052c0       0x10 CMakeFiles/RP2040.dir/C_/Users/abc/.pico-sdk/sdk/2.0.0/lib/tinyusb/src/device/usbd.c.obj
                0x100052c0                tud_suspended
 .text.tud_init
                0x100052d0       0xe4 CMakeFiles/RP2040.dir/C_/Users/abc/.pico-sdk/sdk/2.0.0/lib/tinyusb/src/device/usbd.c.obj
                0x100052d0                tud_init
 .text.tud_task_ext
                0x100053b4      0x800 CMakeFiles/RP2040.dir/C_/Users/abc/.pico-sdk/sdk/2.0.0/lib/tinyusb/src/device/usbd.c.obj
                0x100053b4                tud_task_ext
 .text.usbd_open_edpt_pair
                0x10005bb4       0x9c CMakeFiles/RP2040.dir/C_/Users/abc/.pico-sdk/sdk/2.0.0/lib/tinyusb/src/device/usbd.c.obj
                0x10005bb4                usbd_open_edpt_pair
 .text.usbd_edpt_open
                0x10005c50       0x34 CMakeFiles/RP2040.dir/C_/Users/abc/.pico-sdk/sdk/2.0.0/lib/tinyusb/src/device/usbd.c.obj
                0x10005c50                usbd_edpt_open
 .text.usbd_edpt_claim
                0x10005c84       0x28 CMakeFiles/RP2040.dir/C_/Users/abc/.pico-sdk/sdk/2.0.0/lib/tinyusb/src/device/usbd.c.obj
                0x10005c84                usbd_edpt_claim
 .text.usbd_edpt_release
                0x10005cac       0x28 CMakeFiles/RP2040.dir/C_/Users/abc/.pico-sdk/sdk/2.0.0/lib/tinyusb/src/device/usbd.c.obj
                0x10005cac                usbd_edpt_release
 .text.usbd_edpt_xfer
                0x10005cd4       0x4c CMakeFiles/RP2040.dir/C_/Users/abc/.pico-sdk/sdk/2.0.0/lib/tinyusb/src/device/usbd.c.obj
                0x10005cd4                usbd_edpt_xfer
 .text.tud_control_status
                0x10005d20       0x2c CMakeFiles/RP2040.dir/C_/Users/abc/.pico-sdk/sdk/2.0.0/lib/tinyusb/src/device/usbd_control.c.obj
                0x10005d20                tud_control_status
 .text.tud_control_xfer
                0x10005d4c       0xac CMakeFiles/RP2040.dir/C_/Users/abc/.pico-sdk/sdk/2.0.0/lib/tinyusb/src/device/usbd_control.c.obj
                0x10005d4c                tud_control_xfer
 .text.usbd_control_reset
                0x10005df8       0x14 CMakeFiles/RP2040.dir/C_/Users/abc/.pico-sdk/sdk/2.0.0/lib/tinyusb/src/device/usbd_control.c.obj
                0x10005df8                usbd_control_reset
 .text.usbd_control_set_complete_callback
                0x10005e0c        0xc CMakeFiles/RP2040.dir/C_/Users/abc/.pico-sdk/sdk/2.0.0/lib/tinyusb/src/device/usbd_control.c.obj
                0x10005e0c                usbd_control_set_complete_callback
 .text.usbd_control_set_request
                0x10005e18       0x1c CMakeFiles/RP2040.dir/C_/Users/abc/.pico-sdk/sdk/2.0.0/lib/tinyusb/src/device/usbd_control.c.obj
                0x10005e18                usbd_control_set_request
 .text.usbd_control_xfer_cb
                0x10005e34       0xec CMakeFiles/RP2040.dir/C_/Users/abc/.pico-sdk/sdk/2.0.0/lib/tinyusb/src/device/usbd_control.c.obj
                0x10005e34                usbd_control_xfer_cb
 .text._prep_out_transaction.isra.0
                0x10005f20       0x5c CMakeFiles/RP2040.dir/C_/Users/abc/.pico-sdk/sdk/2.0.0/lib/tinyusb/src/class/cdc/cdc_device.c.obj
 .text.tud_cdc_n_connected
                0x10005f7c       0x30 CMakeFiles/RP2040.dir/C_/Users/abc/.pico-sdk/sdk/2.0.0/lib/tinyusb/src/class/cdc/cdc_device.c.obj
                0x10005f7c                tud_cdc_n_connected
 .text.tud_cdc_n_available
                0x10005fac       0x18 CMakeFiles/RP2040.dir/C_/Users/abc/.pico-sdk/sdk/2.0.0/lib/tinyusb/src/class/cdc/cdc_device.c.obj
                0x10005fac                tud_cdc_n_available
 .text.tud_cdc_n_read
                0x10005fc4       0x98 CMakeFiles/RP2040.dir/C_/Users/abc/.pico-sdk/sdk/2.0.0/lib/tinyusb/src/class/cdc/cdc_device.c.obj
                0x10005fc4                tud_cdc_n_read
 .text.tud_cdc_n_write_flush
                0x1000605c       0x78 CMakeFiles/RP2040.dir/C_/Users/abc/.pico-sdk/sdk/2.0.0/lib/tinyusb/src/class/cdc/cdc_device.c.obj
                0x1000605c                tud_cdc_n_write_flush
 .text.tud_cdc_n_write
                0x100060d4       0x40 CMakeFiles/RP2040.dir/C_/Users/abc/.pico-sdk/sdk/2.0.0/lib/tinyusb/src/class/cdc/cdc_device.c.obj
                0x100060d4                tud_cdc_n_write
 .text.tud_cdc_n_write_available
                0x10006114       0x18 CMakeFiles/RP2040.dir/C_/Users/abc/.pico-sdk/sdk/2.0.0/lib/tinyusb/src/class/cdc/cdc_device.c.obj
                0x10006114                tud_cdc_n_write_available
 .text.cdcd_init
                0x1000612c       0x7c CMakeFiles/RP2040.dir/C_/Users/abc/.pico-sdk/sdk/2.0.0/lib/tinyusb/src/class/cdc/cdc_device.c.obj
                0x1000612c                cdcd_init
 .text.cdcd_deinit
                0x100061a8       0x34 CMakeFiles/RP2040.dir/C_/Users/abc/.pico-sdk/sdk/2.0.0/lib/tinyusb/src/class/cdc/cdc_device.c.obj
                0x100061a8                cdcd_deinit
 .text.cdcd_reset
                0x100061dc       0x4c CMakeFiles/RP2040.dir/C_/Users/abc/.pico-sdk/sdk/2.0.0/lib/tinyusb/src/class/cdc/cdc_device.c.obj
                0x100061dc                cdcd_reset
 .text.cdcd_open
                0x10006228       0xb0 CMakeFiles/RP2040.dir/C_/Users/abc/.pico-sdk/sdk/2.0.0/lib/tinyusb/src/class/cdc/cdc_device.c.obj
                0x10006228                cdcd_open
 .text.cdcd_control_xfer_cb
                0x100062d8       0xe4 CMakeFiles/RP2040.dir/C_/Users/abc/.pico-sdk/sdk/2.0.0/lib/tinyusb/src/class/cdc/cdc_device.c.obj
                0x100062d8                cdcd_control_xfer_cb
 .text.cdcd_xfer_cb
                0x100063bc      0x100 CMakeFiles/RP2040.dir/C_/Users/abc/.pico-sdk/sdk/2.0.0/lib/tinyusb/src/class/cdc/cdc_device.c.obj
                0x100063bc                cdcd_xfer_cb
 .text.tud_vendor_n_write_flush
                0x100064bc       0x78 CMakeFiles/RP2040.dir/C_/Users/abc/.pico-sdk/sdk/2.0.0/lib/tinyusb/src/class/vendor/vendor_device.c.obj
                0x100064bc                tud_vendor_n_write_flush
 .text.vendord_init
                0x10006534       0x64 CMakeFiles/RP2040.dir/C_/Users/abc/.pico-sdk/sdk/2.0.0/lib/tinyusb/src/class/vendor/vendor_device.c.obj
                0x10006534                vendord_init
 .text.vendord_deinit
                0x10006598       0x34 CMakeFiles/RP2040.dir/C_/Users/abc/.pico-sdk/sdk/2.0.0/lib/tinyusb/src/class/vendor/vendor_device.c.obj
                0x10006598                vendord_deinit
 .text.vendord_reset
                0x100065cc       0x1c CMakeFiles/RP2040.dir/C_/Users/abc/.pico-sdk/sdk/2.0.0/lib/tinyusb/src/class/vendor/vendor_device.c.obj
                0x100065cc                vendord_reset
 .text.vendord_open
                0x100065e8       0xd8 CMakeFiles/RP2040.dir/C_/Users/abc/.pico-sdk/sdk/2.0.0/lib/tinyusb/src/class/vendor/vendor_device.c.obj
                0x100065e8                vendord_open
 .text.vendord_xfer_cb
                0x100066c0       0xc8 CMakeFiles/RP2040.dir/C_/Users/abc/.pico-sdk/sdk/2.0.0/lib/tinyusb/src/class/vendor/vendor_device.c.obj
                0x100066c0                vendord_xfer_cb
 .text.tusb_init
                0x10006788        0xc CMakeFiles/RP2040.dir/C_/Users/abc/.pico-sdk/sdk/2.0.0/lib/tinyusb/src/tusb.c.obj
                0x10006788                tusb_init
 .text.tu_edpt_claim
                0x10006794       0x50 CMakeFiles/RP2040.dir/C_/Users/abc/.pico-sdk/sdk/2.0.0/lib/tinyusb/src/tusb.c.obj
                0x10006794                tu_edpt_claim
 .text.tu_edpt_release
                0x100067e4       0x38 CMakeFiles/RP2040.dir/C_/Users/abc/.pico-sdk/sdk/2.0.0/lib/tinyusb/src/tusb.c.obj
                0x100067e4                tu_edpt_release
 .text.tu_edpt_validate
                0x1000681c       0x7c CMakeFiles/RP2040.dir/C_/Users/abc/.pico-sdk/sdk/2.0.0/lib/tinyusb/src/tusb.c.obj
                0x1000681c                tu_edpt_validate
 .text.tu_edpt_bind_driver
                0x10006898       0x34 CMakeFiles/RP2040.dir/C_/Users/abc/.pico-sdk/sdk/2.0.0/lib/tinyusb/src/tusb.c.obj
                0x10006898                tu_edpt_bind_driver
 .text.tu_fifo_config
                0x100068cc       0x6c CMakeFiles/RP2040.dir/C_/Users/abc/.pico-sdk/sdk/2.0.0/lib/tinyusb/src/common/tusb_fifo.c.obj
                0x100068cc                tu_fifo_config
 .text.tu_fifo_count
                0x10006938       0x2c CMakeFiles/RP2040.dir/C_/Users/abc/.pico-sdk/sdk/2.0.0/lib/tinyusb/src/common/tusb_fifo.c.obj
                0x10006938                tu_fifo_count
 .text.tu_fifo_empty
                0x10006964       0x10 CMakeFiles/RP2040.dir/C_/Users/abc/.pico-sdk/sdk/2.0.0/lib/tinyusb/src/common/tusb_fifo.c.obj
                0x10006964                tu_fifo_empty
 .text.tu_fifo_remaining
                0x10006974       0x2c CMakeFiles/RP2040.dir/C_/Users/abc/.pico-sdk/sdk/2.0.0/lib/tinyusb/src/common/tusb_fifo.c.obj
                0x10006974                tu_fifo_remaining
 .text.tu_fifo_read
                0x100069a0       0x9c CMakeFiles/RP2040.dir/C_/Users/abc/.pico-sdk/sdk/2.0.0/lib/tinyusb/src/common/tusb_fifo.c.obj
                0x100069a0                tu_fifo_read
 .text.tu_fifo_read_n
                0x10006a3c       0xe8 CMakeFiles/RP2040.dir/C_/Users/abc/.pico-sdk/sdk/2.0.0/lib/tinyusb/src/common/tusb_fifo.c.obj
                0x10006a3c                tu_fifo_read_n
 .text.tu_fifo_write
                0x10006b24       0xa8 CMakeFiles/RP2040.dir/C_/Users/abc/.pico-sdk/sdk/2.0.0/lib/tinyusb/src/common/tusb_fifo.c.obj
                0x10006b24                tu_fifo_write
 .text.tu_fifo_write_n
                0x10006bcc      0x178 CMakeFiles/RP2040.dir/C_/Users/abc/.pico-sdk/sdk/2.0.0/lib/tinyusb/src/common/tusb_fifo.c.obj
                0x10006bcc                tu_fifo_write_n
 .text.tu_fifo_clear
                0x10006d44       0x40 CMakeFiles/RP2040.dir/C_/Users/abc/.pico-sdk/sdk/2.0.0/lib/tinyusb/src/common/tusb_fifo.c.obj
                0x10006d44                tu_fifo_clear
 .text.tu_fifo_set_overwritable
                0x10006d84       0x48 CMakeFiles/RP2040.dir/C_/Users/abc/.pico-sdk/sdk/2.0.0/lib/tinyusb/src/common/tusb_fifo.c.obj
                0x10006d84                tu_fifo_set_overwritable
 .text.spi_init
                0x10006dcc      0x13c CMakeFiles/RP2040.dir/C_/Users/abc/.pico-sdk/sdk/2.0.0/src/rp2_common/hardware_spi/spi.c.obj
                0x10006dcc                spi_init
 .text.strlen   0x10006f08       0x5c C:/Users/abc/.pico-sdk/toolchain/13_2_Rel1/bin/../lib/gcc/arm-none-eabi/13.2.1/thumb/v6-m/nofp\libg.a(libc_a-strlen-stub.o)
                0x10006f08                strlen
 *(.fini)
 .fini          0x10006f64        0x4 C:/Users/abc/.pico-sdk/toolchain/13_2_Rel1/bin/../lib/gcc/arm-none-eabi/13.2.1/thumb/v6-m/nofp/crti.o
                0x10006f64                _fini
 .fini.__stub   0x10006f68       0xd0 linker stubs
 *crtbegin.o(.ctors)
 *crtbegin?.o(.ctors)
 *(EXCLUDE_FILE(*crtend.o *crtend?.o) .ctors)
 *(SORT_BY_NAME(.ctors.*))
 *(.ctors)
 *crtbegin.o(.dtors)
 *crtbegin?.o(.dtors)
 *(EXCLUDE_FILE(*crtend.o *crtend?.o) .dtors)
 *(SORT_BY_NAME(.dtors.*))
 *(.dtors)
                0x10007038                        . = ALIGN (0x4)
                0x10007038                        PROVIDE (__preinit_array_start = .)
 *(SORT_BY_NAME(.preinit_array.*))
 .preinit_array.00100
                0x10007038        0x4 CMakeFiles/RP2040.dir/C_/Users/abc/.pico-sdk/sdk/2.0.0/src/rp2_common/pico_runtime_init/runtime_init.c.obj
                0x10007038                __pre_init_runtime_init_early_resets
 .preinit_array.00101
                0x1000703c        0x4 CMakeFiles/RP2040.dir/C_/Users/abc/.pico-sdk/sdk/2.0.0/src/rp2_common/pico_runtime_init/runtime_init.c.obj
                0x1000703c                __pre_init_runtime_init_usb_power_down
 .preinit_array.00275
                0x10007040        0x4 CMakeFiles/RP2040.dir/C_/Users/abc/.pico-sdk/sdk/2.0.0/src/rp2_common/pico_bit_ops/bit_ops_aeabi.S.obj
 .preinit_array.00300
                0x10007044        0x4 CMakeFiles/RP2040.dir/C_/Users/abc/.pico-sdk/sdk/2.0.0/src/rp2_common/pico_mem_ops/mem_ops_aeabi.S.obj
 .preinit_array.00350
                0x10007048        0x4 CMakeFiles/RP2040.dir/C_/Users/abc/.pico-sdk/sdk/2.0.0/src/rp2_common/pico_double/double_aeabi_rp2040.S.obj
 .preinit_array.00350
                0x1000704c        0x4 CMakeFiles/RP2040.dir/C_/Users/abc/.pico-sdk/sdk/2.0.0/src/rp2_common/pico_float/float_aeabi_rp2040.S.obj
 .preinit_array.00500
                0x10007050        0x4 CMakeFiles/RP2040.dir/C_/Users/abc/.pico-sdk/sdk/2.0.0/src/rp2_common/pico_runtime_init/runtime_init.c.obj
                0x10007050                __pre_init_runtime_init_clocks
 .preinit_array.00600
                0x10007054        0x4 CMakeFiles/RP2040.dir/C_/Users/abc/.pico-sdk/sdk/2.0.0/src/rp2_common/pico_runtime_init/runtime_init.c.obj
                0x10007054                __pre_init_runtime_init_post_clock_resets
 .preinit_array.00700
                0x10007058        0x4 CMakeFiles/RP2040.dir/C_/Users/abc/.pico-sdk/sdk/2.0.0/src/rp2_common/pico_runtime_init/runtime_init.c.obj
                0x10007058                __pre_init_runtime_init_rp2040_gpio_ie_disable
 .preinit_array.01000
                0x1000705c        0x4 CMakeFiles/RP2040.dir/C_/Users/abc/.pico-sdk/sdk/2.0.0/src/rp2_common/pico_runtime_init/runtime_init.c.obj
                0x1000705c                __pre_init_runtime_init_spin_locks_reset
 .preinit_array.01100
                0x10007060        0x4 CMakeFiles/RP2040.dir/C_/Users/abc/.pico-sdk/sdk/2.0.0/src/common/pico_sync/mutex.c.obj
                0x10007060                __pre_init_runtime_init_mutex
 .preinit_array.10080
                0x10007064        0x4 CMakeFiles/RP2040.dir/C_/Users/abc/.pico-sdk/sdk/2.0.0/src/rp2_common/pico_runtime_init/runtime_init.c.obj
                0x10007064                __pre_init_runtime_init_install_ram_vector_table
 .preinit_array.11000
                0x10007068        0x4 CMakeFiles/RP2040.dir/C_/Users/abc/.pico-sdk/sdk/2.0.0/src/common/pico_time/time.c.obj
                0x10007068                __pre_init_runtime_init_default_alarm_pool
 .preinit_array.YYYYY
                0x1000706c        0x4 CMakeFiles/RP2040.dir/C_/Users/abc/.pico-sdk/sdk/2.0.0/src/rp2_common/pico_runtime/runtime.c.obj
                0x1000706c                __pre_init_first_per_core_initializer
 .preinit_array.ZZZZZ.01200
                0x10007070        0x4 CMakeFiles/RP2040.dir/C_/Users/abc/.pico-sdk/sdk/2.0.0/src/rp2_common/hardware_irq/irq.c.obj
                0x10007070                __pre_init_runtime_init_per_core_irq_priorities
 *(.preinit_array)
                0x10007074                        PROVIDE (__preinit_array_end = .)
                0x10007074                        . = ALIGN (0x4)
                0x10007074                        PROVIDE (__init_array_start = .)
 *(SORT_BY_NAME(.init_array.*))
 *(.init_array)
 .init_array    0x10007074        0x4 C:/Users/abc/.pico-sdk/toolchain/13_2_Rel1/bin/../lib/gcc/arm-none-eabi/13.2.1/thumb/v6-m/nofp/crtbegin.o
 .init_array    0x10007078        0x4 CMakeFiles/RP2040.dir/C_/Users/abc/.pico-sdk/sdk/2.0.0/src/rp2_common/pico_unique_id/unique_id.c.obj
                0x1000707c                        PROVIDE (__init_array_end = .)
                0x1000707c                        . = ALIGN (0x4)
                [!provide]                        PROVIDE (__fini_array_start = .)
 *(SORT_BY_NAME(.fini_array.*))
 *(.fini_array)
                [!provide]                        PROVIDE (__fini_array_end = .)
 *(.eh_frame*)
 .eh_frame      0x1000707c        0x0 C:/Users/abc/.pico-sdk/toolchain/13_2_Rel1/bin/../lib/gcc/arm-none-eabi/13.2.1/thumb/v6-m/nofp/crtbegin.o
                0x1000707c                        . = ALIGN (0x4)

.glue_7         0x1000707c        0x0
 .glue_7        0x1000707c        0x0 linker stubs

.glue_7t        0x1000707c        0x0
 .glue_7t       0x1000707c        0x0 linker stubs

.vfp11_veneer   0x1000707c        0x0
 .vfp11_veneer  0x1000707c        0x0 linker stubs

.v4_bx          0x1000707c        0x0
 .v4_bx         0x1000707c        0x0 linker stubs

.iplt           0x1000707c        0x0
 .iplt          0x1000707c        0x0 C:/Users/abc/.pico-sdk/toolchain/13_2_Rel1/bin/../lib/gcc/arm-none-eabi/13.2.1/thumb/v6-m/nofp/crtbegin.o

.rodata         0x10007080      0xd3c
 *(EXCLUDE_FILE(*libm.a: *libc.a:*lib_a-mem*.o *libgcc.a:) .rodata*)
 .rodata.main.str1.4
                0x10007080      0x280 CMakeFiles/RP2040.dir/RP2040.c.obj
                                 0x3b (size before relaxing)
 .rodata.__bi_28.0
                0x10007300        0x8 CMakeFiles/RP2040.dir/RP2040.c.obj
 .rodata.str1.4
                0x10007308        0x7 CMakeFiles/RP2040.dir/RP2040.c.obj
 .rodata.__bi_41.1
                0x10007308        0xc CMakeFiles/RP2040.dir/RP2040.c.obj
 .rodata.FontDefault
                0x10007314      0x5fe CMakeFiles/RP2040.dir/ch1115_font.c.obj
 .rodata.setFont.str1.4
                0x10007912       0x3e CMakeFiles/RP2040.dir/ch1115_graphics.c.obj
 .rodata.writeChar.str1.4
                0x10007912       0x99 CMakeFiles/RP2040.dir/ch1115_graphics.c.obj
 .rodata.panic.str1.4
                0x10007912       0x12 CMakeFiles/RP2040.dir/C_/Users/abc/.pico-sdk/sdk/2.0.0/src/rp2_common/pico_platform_panic/panic.c.obj
 .rodata.spin_lock_claim_unused.str1.4
                0x10007912       0x1b CMakeFiles/RP2040.dir/C_/Users/abc/.pico-sdk/sdk/2.0.0/src/rp2_common/hardware_sync/sync.c.obj
 .rodata.user_irq_claim_unused.str1.4
                0x10007912       0x1b CMakeFiles/RP2040.dir/C_/Users/abc/.pico-sdk/sdk/2.0.0/src/rp2_common/hardware_irq/irq.c.obj
 .rodata.timer_hardware_alarm_claim.str1.4
                0x10007912       0x22 CMakeFiles/RP2040.dir/C_/Users/abc/.pico-sdk/sdk/2.0.0/src/rp2_common/hardware_timer/timer.c.obj
 .rodata.hard_assertion_failure.str1.4
                0x10007912        0xc CMakeFiles/RP2040.dir/C_/Users/abc/.pico-sdk/sdk/2.0.0/src/rp2_common/pico_runtime/runtime.c.obj
 .rodata.str1.4
                0x10007912       0x30 CMakeFiles/RP2040.dir/C_/Users/abc/.pico-sdk/sdk/2.0.0/src/rp2_common/pico_standard_binary_info/standard_binary_info.c.obj
 *fill*         0x10007912        0x2 
 .rodata.__bi_84
                0x10007914        0xc CMakeFiles/RP2040.dir/C_/Users/abc/.pico-sdk/sdk/2.0.0/src/rp2_common/pico_standard_binary_info/standard_binary_info.c.obj
 .rodata.__bi_60
                0x10007920        0xc CMakeFiles/RP2040.dir/C_/Users/abc/.pico-sdk/sdk/2.0.0/src/rp2_common/pico_standard_binary_info/standard_binary_info.c.obj
 .rodata.__bi_54
                0x1000792c        0xc CMakeFiles/RP2040.dir/C_/Users/abc/.pico-sdk/sdk/2.0.0/src/rp2_common/pico_standard_binary_info/standard_binary_info.c.obj
 .rodata.__bi_48
                0x10007938        0xc CMakeFiles/RP2040.dir/C_/Users/abc/.pico-sdk/sdk/2.0.0/src/rp2_common/pico_standard_binary_info/standard_binary_info.c.obj
 .rodata.__bi_42
                0x10007944        0xc CMakeFiles/RP2040.dir/C_/Users/abc/.pico-sdk/sdk/2.0.0/src/rp2_common/pico_standard_binary_info/standard_binary_info.c.obj
 .rodata.__bi_34
                0x10007950        0xc CMakeFiles/RP2040.dir/C_/Users/abc/.pico-sdk/sdk/2.0.0/src/rp2_common/pico_standard_binary_info/standard_binary_info.c.obj
 .rodata.__bi_26
                0x1000795c        0xc CMakeFiles/RP2040.dir/C_/Users/abc/.pico-sdk/sdk/2.0.0/src/rp2_common/pico_standard_binary_info/standard_binary_info.c.obj
 .rodata._ftoa.str1.4
                0x10007968       0x15 CMakeFiles/RP2040.dir/C_/Users/abc/.pico-sdk/sdk/2.0.0/src/rp2_common/pico_printf/printf.c.obj
 .rodata._vsnprintf
                0x10007968      0x19c CMakeFiles/RP2040.dir/C_/Users/abc/.pico-sdk/sdk/2.0.0/src/rp2_common/pico_printf/printf.c.obj
 *fill*         0x10007b04        0x4 
 .rodata.pow10.0
                0x10007b08       0x50 CMakeFiles/RP2040.dir/C_/Users/abc/.pico-sdk/sdk/2.0.0/src/rp2_common/pico_printf/printf.c.obj
 .rodata.crlf_str.0
                0x10007b58        0x2 CMakeFiles/RP2040.dir/C_/Users/abc/.pico-sdk/sdk/2.0.0/src/rp2_common/pico_stdio/stdio.c.obj
 *fill*         0x10007b5a        0x2 
 .rodata._resetd_driver
                0x10007b5c       0x20 CMakeFiles/RP2040.dir/C_/Users/abc/.pico-sdk/sdk/2.0.0/src/rp2_common/pico_stdio_usb/reset_interface.c.obj
 .rodata.desc_ms_os_20
                0x10007b7c       0xa6 CMakeFiles/RP2040.dir/C_/Users/abc/.pico-sdk/sdk/2.0.0/src/rp2_common/pico_stdio_usb/reset_interface.c.obj
 *fill*         0x10007c22        0x2 
 .rodata.desc_bos
                0x10007c24       0x21 CMakeFiles/RP2040.dir/C_/Users/abc/.pico-sdk/sdk/2.0.0/src/rp2_common/pico_stdio_usb/reset_interface.c.obj
                0x10007c24                desc_bos
 .rodata.str1.4
                0x10007c45       0x13 CMakeFiles/RP2040.dir/C_/Users/abc/.pico-sdk/sdk/2.0.0/src/rp2_common/pico_stdio_usb/stdio_usb.c.obj
 *fill*         0x10007c45        0x3 
 .rodata.__bi_197.0
                0x10007c48        0xc CMakeFiles/RP2040.dir/C_/Users/abc/.pico-sdk/sdk/2.0.0/src/rp2_common/pico_stdio_usb/stdio_usb.c.obj
 .rodata.str1.4
                0x10007c54       0x2a CMakeFiles/RP2040.dir/C_/Users/abc/.pico-sdk/sdk/2.0.0/src/rp2_common/pico_stdio_usb/stdio_usb_descriptors.c.obj
 .rodata.usbd_desc_str
                0x10007c54       0x18 CMakeFiles/RP2040.dir/C_/Users/abc/.pico-sdk/sdk/2.0.0/src/rp2_common/pico_stdio_usb/stdio_usb_descriptors.c.obj
 .rodata.usbd_desc_cfg
                0x10007c6c       0x54 CMakeFiles/RP2040.dir/C_/Users/abc/.pico-sdk/sdk/2.0.0/src/rp2_common/pico_stdio_usb/stdio_usb_descriptors.c.obj
 .rodata.usbd_desc_device
                0x10007cc0       0x12 CMakeFiles/RP2040.dir/C_/Users/abc/.pico-sdk/sdk/2.0.0/src/rp2_common/pico_stdio_usb/stdio_usb_descriptors.c.obj
 .rodata.str1.4
                0x10007cd2       0x14 CMakeFiles/RP2040.dir/C_/Users/abc/.pico-sdk/sdk/2.0.0/lib/tinyusb/src/portable/raspberrypi/rp2040/dcd_rp2040.c.obj
 .rodata.str1.4
                0x10007cd2       0x48 CMakeFiles/RP2040.dir/C_/Users/abc/.pico-sdk/sdk/2.0.0/lib/tinyusb/src/portable/raspberrypi/rp2040/rp2040_usb.c.obj
 *fill*         0x10007cd2        0x2 
 .rodata.tud_task_ext
                0x10007cd4       0x8c CMakeFiles/RP2040.dir/C_/Users/abc/.pico-sdk/sdk/2.0.0/lib/tinyusb/src/device/usbd.c.obj
 .rodata        0x10007d60       0x1c CMakeFiles/RP2040.dir/C_/Users/abc/.pico-sdk/sdk/2.0.0/lib/tinyusb/src/device/usbd.c.obj
 .rodata._usbd_driver
                0x10007d7c       0x40 CMakeFiles/RP2040.dir/C_/Users/abc/.pico-sdk/sdk/2.0.0/lib/tinyusb/src/device/usbd.c.obj
                0x10007dbc                        . = ALIGN (0x4)
 *(SORT_BY_ALIGNMENT(SORT_BY_NAME(.flashdata*)))
                0x10007dbc                        . = ALIGN (0x4)

.ARM.extab
 *(.ARM.extab* .gnu.linkonce.armextab.*)
                0x10007dbc                        __exidx_start = .

.ARM.exidx
 *(.ARM.exidx* .gnu.linkonce.armexidx.*)
                0x10007dbc                        __exidx_end = .
                0x10007dbc                        . = ALIGN (0x4)
                0x10007dbc                        __binary_info_start = .

.binary_info    0x10007dbc       0x28
 *(.binary_info.keep.*)
 .binary_info.keep.__bi_ptr41
                0x10007dbc        0x4 CMakeFiles/RP2040.dir/RP2040.c.obj
 .binary_info.keep.__bi_ptr28
                0x10007dc0        0x4 CMakeFiles/RP2040.dir/RP2040.c.obj
 .binary_info.keep.__bi_ptr84
                0x10007dc4        0x4 CMakeFiles/RP2040.dir/C_/Users/abc/.pico-sdk/sdk/2.0.0/src/rp2_common/pico_standard_binary_info/standard_binary_info.c.obj
 .binary_info.keep.__bi_ptr60
                0x10007dc8        0x4 CMakeFiles/RP2040.dir/C_/Users/abc/.pico-sdk/sdk/2.0.0/src/rp2_common/pico_standard_binary_info/standard_binary_info.c.obj
 .binary_info.keep.__bi_ptr54
                0x10007dcc        0x4 CMakeFiles/RP2040.dir/C_/Users/abc/.pico-sdk/sdk/2.0.0/src/rp2_common/pico_standard_binary_info/standard_binary_info.c.obj
 .binary_info.keep.__bi_ptr48
                0x10007dd0        0x4 CMakeFiles/RP2040.dir/C_/Users/abc/.pico-sdk/sdk/2.0.0/src/rp2_common/pico_standard_binary_info/standard_binary_info.c.obj
 .binary_info.keep.__bi_ptr42
                0x10007dd4        0x4 CMakeFiles/RP2040.dir/C_/Users/abc/.pico-sdk/sdk/2.0.0/src/rp2_common/pico_standard_binary_info/standard_binary_info.c.obj
 .binary_info.keep.__bi_ptr34
                0x10007dd8        0x4 CMakeFiles/RP2040.dir/C_/Users/abc/.pico-sdk/sdk/2.0.0/src/rp2_common/pico_standard_binary_info/standard_binary_info.c.obj
 .binary_info.keep.__bi_ptr26
                0x10007ddc        0x4 CMakeFiles/RP2040.dir/C_/Users/abc/.pico-sdk/sdk/2.0.0/src/rp2_common/pico_standard_binary_info/standard_binary_info.c.obj
 *(.binary_info.*)
 .binary_info.__bi_ptr197
                0x10007de0        0x4 CMakeFiles/RP2040.dir/C_/Users/abc/.pico-sdk/sdk/2.0.0/src/rp2_common/pico_stdio_usb/stdio_usb.c.obj
                0x10007de4                        __binary_info_end = .

.rel.dyn        0x10007de4        0x0
 .rel.iplt      0x10007de4        0x0 C:/Users/abc/.pico-sdk/toolchain/13_2_Rel1/bin/../lib/gcc/arm-none-eabi/13.2.1/thumb/v6-m/nofp/crtbegin.o
                0x10007de4                        . = ALIGN (0x4)

.ram_vector_table
                0x20000000       0xc0
 *(.ram_vector_table)
 .ram_vector_table
                0x20000000       0xc0 CMakeFiles/RP2040.dir/C_/Users/abc/.pico-sdk/sdk/2.0.0/src/rp2_common/pico_runtime_init/runtime_init.c.obj
                0x20000000                ram_vector_table

.uninitialized_data
                0x200000c0        0x0
                0x200000c0                        . = ALIGN (0x4)
 *(.uninitialized_data*)

.data           0x200000c0      0xff0 load address 0x10007de4
                0x200000c0                        __data_start__ = .
 *(vtable)
 *(.time_critical*)
 .time_critical.mutex_try_enter
                0x200000c0       0x40 CMakeFiles/RP2040.dir/C_/Users/abc/.pico-sdk/sdk/2.0.0/src/common/pico_sync/mutex.c.obj
                0x200000c0                mutex_try_enter
 .time_critical.mutex_try_enter_block_until
                0x20000100       0x9c CMakeFiles/RP2040.dir/C_/Users/abc/.pico-sdk/sdk/2.0.0/src/common/pico_sync/mutex.c.obj
                0x20000100                mutex_try_enter_block_until
 .time_critical.mutex_enter_timeout_ms
                0x2000019c       0x90 CMakeFiles/RP2040.dir/C_/Users/abc/.pico-sdk/sdk/2.0.0/src/common/pico_sync/mutex.c.obj
                0x2000019c                mutex_enter_timeout_ms
 .time_critical.mutex_exit
                0x2000022c       0x28 CMakeFiles/RP2040.dir/C_/Users/abc/.pico-sdk/sdk/2.0.0/src/common/pico_sync/mutex.c.obj
                0x2000022c                mutex_exit
 .time_critical.flash_init_boot2_copyout
                0x20000254       0x30 CMakeFiles/RP2040.dir/C_/Users/abc/.pico-sdk/sdk/2.0.0/src/rp2_common/hardware_flash/flash.c.obj
 .time_critical.flash_enable_xip_via_boot2
                0x20000284        0xc CMakeFiles/RP2040.dir/C_/Users/abc/.pico-sdk/sdk/2.0.0/src/rp2_common/hardware_flash/flash.c.obj
 .time_critical.flash_cs_force
                0x20000290       0x38 CMakeFiles/RP2040.dir/C_/Users/abc/.pico-sdk/sdk/2.0.0/src/rp2_common/hardware_flash/flash.c.obj
 .time_critical.flash_do_cmd
                0x200002c8       0xc0 CMakeFiles/RP2040.dir/C_/Users/abc/.pico-sdk/sdk/2.0.0/src/rp2_common/hardware_flash/flash.c.obj
                0x200002c8                flash_do_cmd
 .time_critical.reset_non_control_endpoints
                0x20000388       0x68 CMakeFiles/RP2040.dir/C_/Users/abc/.pico-sdk/sdk/2.0.0/lib/tinyusb/src/portable/raspberrypi/rp2040/dcd_rp2040.c.obj
 .time_critical.hw_handle_buff_status
                0x200003f0       0xb0 CMakeFiles/RP2040.dir/C_/Users/abc/.pico-sdk/sdk/2.0.0/lib/tinyusb/src/portable/raspberrypi/rp2040/dcd_rp2040.c.obj
 .time_critical.dcd_rp2040_irq
                0x200004a0      0x578 CMakeFiles/RP2040.dir/C_/Users/abc/.pico-sdk/sdk/2.0.0/lib/tinyusb/src/portable/raspberrypi/rp2040/dcd_rp2040.c.obj
 .time_critical.prepare_ep_buffer
                0x20000a18       0xe0 CMakeFiles/RP2040.dir/C_/Users/abc/.pico-sdk/sdk/2.0.0/lib/tinyusb/src/portable/raspberrypi/rp2040/rp2040_usb.c.obj
 .time_critical.sync_ep_buffer
                0x20000af8       0xa8 CMakeFiles/RP2040.dir/C_/Users/abc/.pico-sdk/sdk/2.0.0/lib/tinyusb/src/portable/raspberrypi/rp2040/rp2040_usb.c.obj
 .time_critical._hw_endpoint_xfer_sync
                0x20000ba0       0x28 CMakeFiles/RP2040.dir/C_/Users/abc/.pico-sdk/sdk/2.0.0/lib/tinyusb/src/portable/raspberrypi/rp2040/rp2040_usb.c.obj
 .time_critical.e15_is_bulkin_ep
                0x20000bc8       0x28 CMakeFiles/RP2040.dir/C_/Users/abc/.pico-sdk/sdk/2.0.0/lib/tinyusb/src/portable/raspberrypi/rp2040/rp2040_usb.c.obj
 .time_critical.e15_is_critical_frame_period
                0x20000bf0       0x34 CMakeFiles/RP2040.dir/C_/Users/abc/.pico-sdk/sdk/2.0.0/lib/tinyusb/src/portable/raspberrypi/rp2040/rp2040_usb.c.obj
 .time_critical.hw_endpoint_reset_transfer
                0x20000c24        0xc CMakeFiles/RP2040.dir/C_/Users/abc/.pico-sdk/sdk/2.0.0/lib/tinyusb/src/portable/raspberrypi/rp2040/rp2040_usb.c.obj
                0x20000c24                hw_endpoint_reset_transfer
 .time_critical._hw_endpoint_buffer_control_update32
                0x20000c30       0x50 CMakeFiles/RP2040.dir/C_/Users/abc/.pico-sdk/sdk/2.0.0/lib/tinyusb/src/portable/raspberrypi/rp2040/rp2040_usb.c.obj
                0x20000c30                _hw_endpoint_buffer_control_update32
 .time_critical.hw_endpoint_start_next_buffer
                0x20000c80       0x6c CMakeFiles/RP2040.dir/C_/Users/abc/.pico-sdk/sdk/2.0.0/lib/tinyusb/src/portable/raspberrypi/rp2040/rp2040_usb.c.obj
                0x20000c80                hw_endpoint_start_next_buffer
 .time_critical.hw_endpoint_xfer_continue
                0x20000cec       0x40 CMakeFiles/RP2040.dir/C_/Users/abc/.pico-sdk/sdk/2.0.0/lib/tinyusb/src/portable/raspberrypi/rp2040/rp2040_usb.c.obj
                0x20000cec                hw_endpoint_xfer_continue
 .time_critical.tinyusb
                0x20000d2c      0x1e4 CMakeFiles/RP2040.dir/C_/Users/abc/.pico-sdk/sdk/2.0.0/lib/tinyusb/src/device/usbd.c.obj
                0x20000d2c                dcd_event_handler
 .time_critical.spi_write_blocking
                0x20000f10       0x4c CMakeFiles/RP2040.dir/C_/Users/abc/.pico-sdk/sdk/2.0.0/src/rp2_common/hardware_spi/spi.c.obj
                0x20000f10                spi_write_blocking
 *(.text*)
 .text          0x20000f5c        0x4 C:/Users/abc/.pico-sdk/toolchain/13_2_Rel1/bin/../lib/gcc/arm-none-eabi/13.2.1/thumb/v6-m/nofp\libgcc.a(_dvmd_tls.o)
                0x20000f5c                __aeabi_idiv0
                0x20000f5c                __aeabi_ldiv0
 .text.__stub   0x20000f60       0x80 linker stubs
                0x20000fe0                        . = ALIGN (0x4)
 *(.rodata*)
                0x20000fe0                        . = ALIGN (0x4)
 *(.data*)
 .data.pFontDefault
                0x20000fe0        0x4 CMakeFiles/RP2040.dir/ch1115_font.c.obj
                0x20000fe0                pFontDefault
 .data._height  0x20000fe4        0x2 CMakeFiles/RP2040.dir/ch1115_graphics.c.obj
                0x20000fe4                _height
 .data._width   0x20000fe6        0x2 CMakeFiles/RP2040.dir/ch1115_graphics.c.obj
                0x20000fe6                _width
 .data.striped_spin_lock_num
                0x20000fe8        0x1 CMakeFiles/RP2040.dir/C_/Users/abc/.pico-sdk/sdk/2.0.0/src/rp2_common/hardware_sync/sync.c.obj
 *fill*         0x20000fe9        0x3 
 .data          0x20000fec       0x48 CMakeFiles/RP2040.dir/C_/Users/abc/.pico-sdk/sdk/2.0.0/src/rp2_common/hardware_irq/irq_handler_chain.S.obj
                0x20000fec                irq_handler_chain_slots
                0x2000101c                irq_handler_chain_first_slot
                0x20001026                irq_handler_chain_remove_tail
 .data.default_alarm_pool
                0x20001034       0x18 CMakeFiles/RP2040.dir/C_/Users/abc/.pico-sdk/sdk/2.0.0/src/common/pico_time/time.c.obj
 *fill*         0x2000104c        0x4 
 .data.aeabi_bits_funcs
                0x20001050       0x10 CMakeFiles/RP2040.dir/C_/Users/abc/.pico-sdk/sdk/2.0.0/src/rp2_common/pico_bit_ops/bit_ops_aeabi.S.obj
                0x20001050                aeabi_bits_funcs
                0x20001060                aeabi_bits_funcs_end
 .data.aeabi_mem_funcs
                0x20001060       0x10 CMakeFiles/RP2040.dir/C_/Users/abc/.pico-sdk/sdk/2.0.0/src/rp2_common/pico_mem_ops/mem_ops_aeabi.S.obj
                0x20001060                aeabi_mem_funcs
                0x20001070                aeabi_mem_funcs_end
 .data.stdio_usb
                0x20001070       0x18 CMakeFiles/RP2040.dir/C_/Users/abc/.pico-sdk/sdk/2.0.0/src/rp2_common/pico_stdio_usb/stdio_usb.c.obj
                0x20001070                stdio_usb
 .data._usbd_qdef
                0x20001088       0x1c CMakeFiles/RP2040.dir/C_/Users/abc/.pico-sdk/sdk/2.0.0/lib/tinyusb/src/device/usbd.c.obj
                0x20001088                _usbd_qdef
 .data._usbd_rhport
                0x200010a4        0x1 CMakeFiles/RP2040.dir/C_/Users/abc/.pico-sdk/sdk/2.0.0/lib/tinyusb/src/device/usbd.c.obj
                0x200010a8                        . = ALIGN (0x4)
 *fill*         0x200010a5        0x3 
 *(.after_data.*)
                0x200010a8                        . = ALIGN (0x4)
                0x200010a8                        PROVIDE (__mutex_array_start = .)
 *(SORT_BY_NAME(.mutex_array.*))
 *(.mutex_array)
 .mutex_array   0x200010a8        0x8 CMakeFiles/RP2040.dir/C_/Users/abc/.pico-sdk/sdk/2.0.0/src/rp2_common/pico_stdio/stdio.c.obj
                0x200010b0                        PROVIDE (__mutex_array_end = .)
                0x200010b0                        . = ALIGN (0x4)
 *(.jcr)
                0x200010b0                        . = ALIGN (0x4)

.tm_clone_table
                0x200010b0        0x0 load address 0x10008dd4
 .tm_clone_table
                0x200010b0        0x0 C:/Users/abc/.pico-sdk/toolchain/13_2_Rel1/bin/../lib/gcc/arm-none-eabi/13.2.1/thumb/v6-m/nofp/crtbegin.o
 .tm_clone_table
                0x200010b0        0x0 C:/Users/abc/.pico-sdk/toolchain/13_2_Rel1/bin/../lib/gcc/arm-none-eabi/13.2.1/thumb/v6-m/nofp/crtend.o

.igot.plt       0x200010b0        0x0 load address 0x10008dd4
 .igot.plt      0x200010b0        0x0 C:/Users/abc/.pico-sdk/toolchain/13_2_Rel1/bin/../lib/gcc/arm-none-eabi/13.2.1/thumb/v6-m/nofp/crtbegin.o

.tdata          0x200010b0        0x0 load address 0x10008dd4
                0x200010b0                        . = ALIGN (0x4)
 *(.tdata .tdata.* .gnu.linkonce.td.*)
                0x200010b0                        __tdata_end = .
                0x200010b0                        PROVIDE (__data_end__ = .)
                0x10007de4                        __etext = LOADADDR (.data)

.tbss           0x200010b0        0x0 load address 0x10008dd4
                0x200010b0                        . = ALIGN (0x4)
                0x200010b0                        __bss_start__ = .
                0x200010b0                        __tls_base = .
 *(.tbss .tbss.* .gnu.linkonce.tb.*)
 *(.tcommon)
                0x200010b0                        __tls_end = .

.bss            0x200010b0     0x147c load address 0x10008dd4
                0x200010b0                        . = ALIGN (0x4)
                0x200010b0                        __tbss_end = .
 *(SORT_BY_ALIGNMENT(SORT_BY_NAME(.bss*)))
 .bss._vendord_itf
                0x200010b0      0x2bc CMakeFiles/RP2040.dir/C_/Users/abc/.pico-sdk/sdk/2.0.0/lib/tinyusb/src/class/vendor/vendor_device.c.obj
 *fill*         0x2000136c        0x4 
 .bss.default_alarm_pool_entries
                0x20001370      0x180 CMakeFiles/RP2040.dir/C_/Users/abc/.pico-sdk/sdk/2.0.0/src/common/pico_time/time.c.obj
 .bss.last_avail_time.1
                0x200014f0        0x8 CMakeFiles/RP2040.dir/C_/Users/abc/.pico-sdk/sdk/2.0.0/src/rp2_common/pico_stdio_usb/stdio_usb.c.obj
 .bss.sd_table  0x200014f8      0x100 CMakeFiles/RP2040.dir/C_/Users/abc/.pico-sdk/sdk/2.0.0/src/rp2_common/pico_double/double_init_rom_rp2040.c.obj
                0x200014f8                sd_table
 .bss.sf_table  0x200015f8      0x100 CMakeFiles/RP2040.dir/C_/Users/abc/.pico-sdk/sdk/2.0.0/src/rp2_common/pico_float/float_init_rom_rp2040.c.obj
                0x200015f8                sf_table
 .bss.OLEDbuffer
                0x200016f8      0x400 CMakeFiles/RP2040.dir/ch1115.c.obj
                0x200016f8                OLEDbuffer
 .bss._FontSelect
                0x20001af8        0x4 CMakeFiles/RP2040.dir/ch1115_graphics.c.obj
                0x20001af8                _FontSelect
 .bss._app_driver
                0x20001afc        0x4 CMakeFiles/RP2040.dir/C_/Users/abc/.pico-sdk/sdk/2.0.0/lib/tinyusb/src/device/usbd.c.obj
 .bss._cdcd_fifo_cfg
                0x20001b00        0x1 CMakeFiles/RP2040.dir/C_/Users/abc/.pico-sdk/sdk/2.0.0/lib/tinyusb/src/class/cdc/cdc_device.c.obj
 *fill*         0x20001b01        0x3 
 .bss._cdcd_itf
                0x20001b04      0x2c8 CMakeFiles/RP2040.dir/C_/Users/abc/.pico-sdk/sdk/2.0.0/lib/tinyusb/src/class/cdc/cdc_device.c.obj
 .bss._ctrl_xfer
                0x20001dcc       0x14 CMakeFiles/RP2040.dir/C_/Users/abc/.pico-sdk/sdk/2.0.0/lib/tinyusb/src/device/usbd_control.c.obj
 .bss._ubsd_mutexdef
                0x20001de0        0x8 CMakeFiles/RP2040.dir/C_/Users/abc/.pico-sdk/sdk/2.0.0/lib/tinyusb/src/device/usbd.c.obj
 .bss._usbd_ctrl_buf
                0x20001de8       0x40 CMakeFiles/RP2040.dir/C_/Users/abc/.pico-sdk/sdk/2.0.0/lib/tinyusb/src/device/usbd_control.c.obj
 .bss._usbd_dev
                0x20001e28       0x54 CMakeFiles/RP2040.dir/C_/Users/abc/.pico-sdk/sdk/2.0.0/lib/tinyusb/src/device/usbd.c.obj
 .bss._usbd_mutex
                0x20001e7c        0x4 CMakeFiles/RP2040.dir/C_/Users/abc/.pico-sdk/sdk/2.0.0/lib/tinyusb/src/device/usbd.c.obj
 .bss._usbd_q   0x20001e80        0x4 CMakeFiles/RP2040.dir/C_/Users/abc/.pico-sdk/sdk/2.0.0/lib/tinyusb/src/device/usbd.c.obj
 .bss._usbd_qdef_buf
                0x20001e84       0xc0 CMakeFiles/RP2040.dir/C_/Users/abc/.pico-sdk/sdk/2.0.0/lib/tinyusb/src/device/usbd.c.obj
                0x20001e84                _usbd_qdef_buf
 .bss.boot2_copyout
                0x20001f44      0x100 CMakeFiles/RP2040.dir/C_/Users/abc/.pico-sdk/sdk/2.0.0/src/rp2_common/hardware_flash/flash.c.obj
 .bss.chars_available_callback
                0x20002044        0x4 CMakeFiles/RP2040.dir/C_/Users/abc/.pico-sdk/sdk/2.0.0/src/rp2_common/pico_stdio_usb/stdio_usb.c.obj
 .bss.chars_available_param
                0x20002048        0x4 CMakeFiles/RP2040.dir/C_/Users/abc/.pico-sdk/sdk/2.0.0/src/rp2_common/pico_stdio_usb/stdio_usb.c.obj
 .bss.claimed   0x2000204c        0x4 CMakeFiles/RP2040.dir/C_/Users/abc/.pico-sdk/sdk/2.0.0/src/rp2_common/hardware_sync/sync.c.obj
 .bss.claimed   0x20002050        0x1 CMakeFiles/RP2040.dir/C_/Users/abc/.pico-sdk/sdk/2.0.0/src/rp2_common/hardware_timer/timer.c.obj
 *fill*         0x20002051        0x3 
 .bss.configured_freq
                0x20002054       0x28 CMakeFiles/RP2040.dir/C_/Users/abc/.pico-sdk/sdk/2.0.0/src/rp2_common/hardware_clocks/clocks.c.obj
 .bss.desc_str.0
                0x2000207c       0x28 CMakeFiles/RP2040.dir/C_/Users/abc/.pico-sdk/sdk/2.0.0/src/rp2_common/pico_stdio_usb/stdio_usb_descriptors.c.obj
 .bss.drivers   0x200020a4        0x4 CMakeFiles/RP2040.dir/C_/Users/abc/.pico-sdk/sdk/2.0.0/src/rp2_common/pico_stdio/stdio.c.obj
 .bss.e15_last_sof
                0x200020a8        0x4 CMakeFiles/RP2040.dir/C_/Users/abc/.pico-sdk/sdk/2.0.0/lib/tinyusb/src/portable/raspberrypi/rp2040/rp2040_usb.c.obj
                0x200020a8                e15_last_sof
 .bss.filter    0x200020ac        0x4 CMakeFiles/RP2040.dir/C_/Users/abc/.pico-sdk/sdk/2.0.0/src/rp2_common/pico_stdio/stdio.c.obj
 .bss.hw_endpoints
                0x200020b0      0x400 CMakeFiles/RP2040.dir/C_/Users/abc/.pico-sdk/sdk/2.0.0/lib/tinyusb/src/portable/raspberrypi/rp2040/dcd_rp2040.c.obj
 .bss.lazy_vsnprintf
                0x200024b0        0x4 CMakeFiles/RP2040.dir/C_/Users/abc/.pico-sdk/sdk/2.0.0/src/rp2_common/pico_printf/printf.c.obj
 .bss.load_value
                0x200024b4        0x4 CMakeFiles/RP2040.dir/C_/Users/abc/.pico-sdk/sdk/2.0.0/src/rp2_common/hardware_watchdog/watchdog.c.obj
 .bss.next_buffer_ptr
                0x200024b8        0x4 CMakeFiles/RP2040.dir/C_/Users/abc/.pico-sdk/sdk/2.0.0/lib/tinyusb/src/portable/raspberrypi/rp2040/dcd_rp2040.c.obj
 .bss.object.0  0x200024bc       0x18 C:/Users/abc/.pico-sdk/toolchain/13_2_Rel1/bin/../lib/gcc/arm-none-eabi/13.2.1/thumb/v6-m/nofp/crtbegin.o
 .bss.one_shot_timer_crit_sec
                0x200024d4        0x8 CMakeFiles/RP2040.dir/C_/Users/abc/.pico-sdk/sdk/2.0.0/src/rp2_common/pico_stdio_usb/stdio_usb.c.obj
 .bss.pools     0x200024dc       0x10 CMakeFiles/RP2040.dir/C_/Users/abc/.pico-sdk/sdk/2.0.0/src/common/pico_time/time.c.obj
 .bss.retrieved_id
                0x200024ec        0x8 CMakeFiles/RP2040.dir/C_/Users/abc/.pico-sdk/sdk/2.0.0/src/rp2_common/pico_unique_id/unique_id.c.obj
 .bss.sf_clz_func
                0x200024f4        0x4 CMakeFiles/RP2040.dir/C_/Users/abc/.pico-sdk/sdk/2.0.0/src/rp2_common/pico_double/double_init_rom_rp2040.c.obj
                0x200024f4                sf_clz_func
 .bss.sleep_notifier
                0x200024f8        0x4 CMakeFiles/RP2040.dir/C_/Users/abc/.pico-sdk/sdk/2.0.0/src/common/pico_time/time.c.obj
 .bss.stdio_usb_mutex
                0x200024fc        0x8 CMakeFiles/RP2040.dir/C_/Users/abc/.pico-sdk/sdk/2.0.0/src/rp2_common/pico_stdio_usb/stdio_usb.c.obj
 .bss.usbd_serial_str
                0x20002504       0x11 CMakeFiles/RP2040.dir/C_/Users/abc/.pico-sdk/sdk/2.0.0/src/rp2_common/pico_stdio_usb/stdio_usb_descriptors.c.obj
 *fill*         0x20002515        0x1 
 .bss._cursor_x
                0x20002516        0x2 CMakeFiles/RP2040.dir/ch1115_graphics.c.obj
                0x20002516                _cursor_x
 .bss._cursor_y
                0x20002518        0x2 CMakeFiles/RP2040.dir/ch1115_graphics.c.obj
                0x20002518                _cursor_y
 .bss._FontInverted
                0x2000251a        0x1 CMakeFiles/RP2040.dir/ch1115_graphics.c.obj
                0x2000251a                _FontInverted
 .bss._FontNumChars
                0x2000251b        0x1 CMakeFiles/RP2040.dir/ch1115_graphics.c.obj
                0x2000251b                _FontNumChars
 .bss._FontOffset
                0x2000251c        0x1 CMakeFiles/RP2040.dir/ch1115_graphics.c.obj
                0x2000251c                _FontOffset
 .bss._Font_X_Size
                0x2000251d        0x1 CMakeFiles/RP2040.dir/ch1115_graphics.c.obj
                0x2000251d                _Font_X_Size
 .bss._Font_Y_Size
                0x2000251e        0x1 CMakeFiles/RP2040.dir/ch1115_graphics.c.obj
                0x2000251e                _Font_Y_Size
 .bss._app_driver_count
                0x2000251f        0x1 CMakeFiles/RP2040.dir/C_/Users/abc/.pico-sdk/sdk/2.0.0/lib/tinyusb/src/device/usbd.c.obj
 .bss._drawBitmapAddr
                0x20002520        0x1 CMakeFiles/RP2040.dir/ch1115_graphics.c.obj
                0x20002520                _drawBitmapAddr
 .bss._sof_enable
                0x20002521        0x1 CMakeFiles/RP2040.dir/C_/Users/abc/.pico-sdk/sdk/2.0.0/lib/tinyusb/src/portable/raspberrypi/rp2040/dcd_rp2040.c.obj
 .bss._textwrap
                0x20002522        0x1 CMakeFiles/RP2040.dir/ch1115_graphics.c.obj
                0x20002522                _textwrap
 .bss._usbd_queued_setup
                0x20002523        0x1 CMakeFiles/RP2040.dir/C_/Users/abc/.pico-sdk/sdk/2.0.0/lib/tinyusb/src/device/usbd.c.obj
 .bss.boot2_copyout_valid
                0x20002524        0x1 CMakeFiles/RP2040.dir/C_/Users/abc/.pico-sdk/sdk/2.0.0/src/rp2_common/hardware_flash/flash.c.obj
 .bss.irq_handler_chain_free_slot_head
                0x20002525        0x1 CMakeFiles/RP2040.dir/C_/Users/abc/.pico-sdk/sdk/2.0.0/src/rp2_common/hardware_irq/irq.c.obj
 .bss.itf_num   0x20002526        0x1 CMakeFiles/RP2040.dir/C_/Users/abc/.pico-sdk/sdk/2.0.0/src/rp2_common/pico_stdio_usb/reset_interface.c.obj
 .bss.low_priority_irq_num
                0x20002527        0x1 CMakeFiles/RP2040.dir/C_/Users/abc/.pico-sdk/sdk/2.0.0/src/rp2_common/pico_stdio_usb/stdio_usb.c.obj
 .bss.one_shot_timer_pending
                0x20002528        0x1 CMakeFiles/RP2040.dir/C_/Users/abc/.pico-sdk/sdk/2.0.0/src/rp2_common/pico_stdio_usb/stdio_usb.c.obj
 .bss.user_irq_claimed
                0x20002529        0x1 CMakeFiles/RP2040.dir/C_/Users/abc/.pico-sdk/sdk/2.0.0/src/rp2_common/hardware_irq/irq.c.obj
 *(COMMON)
                0x2000252c                        . = ALIGN (0x4)
 *fill*         0x2000252a        0x2 
                0x2000252c                        __bss_end__ = .

.heap           0x2000252c    0x3dad4 load address 0x10008dd4
                0x2000252c                        __end__ = .
                0x2000252c                        end = __end__
 *(.heap*)
 .heap          0x2000252c      0x800 CMakeFiles/RP2040.dir/C_/Users/abc/.pico-sdk/sdk/2.0.0/src/rp2_common/pico_crt0/crt0.S.obj
                0x20040000                        . = (ORIGIN (RAM) + LENGTH (RAM))
 *fill*         0x20002d2c    0x3d2d4 
                0x20040000                        __HeapLimit = .

.scratch_x      0x20040000        0x0 load address 0x10008dd4
                0x20040000                        __scratch_x_start__ = .
 *(.scratch_x.*)
                0x20040000                        . = ALIGN (0x4)
                0x20040000                        __scratch_x_end__ = .
                0x10008dd4                        __scratch_x_source__ = LOADADDR (.scratch_x)

.scratch_y      0x20041000        0x0 load address 0x10008dd4
                0x20041000                        __scratch_y_start__ = .
 *(.scratch_y.*)
                0x20041000                        . = ALIGN (0x4)
                0x20041000                        __scratch_y_end__ = .
                0x10008dd4                        __scratch_y_source__ = LOADADDR (.scratch_y)

.stack1_dummy
 *(.stack1*)

.stack_dummy    0x20041000      0x800
 *(.stack*)
 .stack         0x20041000      0x800 CMakeFiles/RP2040.dir/C_/Users/abc/.pico-sdk/sdk/2.0.0/src/rp2_common/pico_crt0/crt0.S.obj

.flash_end      0x10008dd4        0x0
 *(.embedded_end_block*)
                0x10008dd4                        PROVIDE (__flash_binary_end = .)
                0x20040000                        __StackLimit = (ORIGIN (RAM) + LENGTH (RAM))
                0x20041000                        __StackOneTop = (ORIGIN (SCRATCH_X) + LENGTH (SCRATCH_X))
                0x20042000                        __StackTop = (ORIGIN (SCRATCH_Y) + LENGTH (SCRATCH_Y))
                0x20041000                        __StackOneBottom = (__StackOneTop - SIZEOF (.stack1_dummy))
                0x20041800                        __StackBottom = (__StackTop - SIZEOF (.stack_dummy))
                0x20042000                        PROVIDE (__stack = __StackTop)
                [!provide]                        PROVIDE (__heap_start = __end__)
                [!provide]                        PROVIDE (__heap_end = __HeapLimit)
                [!provide]                        PROVIDE (__tls_align = MAX (ALIGNOF (.tdata), ALIGNOF (.tbss)))
                [!provide]                        PROVIDE (__tls_size_align = (((__tls_size + __tls_align) - 0x1) & ~ ((__tls_align - 0x1))))
                [!provide]                        PROVIDE (__arm32_tls_tcb_offset = MAX (0x8, __tls_align))
                [!provide]                        PROVIDE (_end = __end__)
                [!provide]                        PROVIDE (__llvm_libc_heap_limit = __HeapLimit)
                0x00000001                        ASSERT ((__StackLimit >= __HeapLimit), region RAM overflowed)
                0x00000001                        ASSERT (((__binary_info_header_end - __logical_binary_start) <= 0x100), Binary info must be in first 256 bytes of the binary)
LOAD CMakeFiles/RP2040.dir/RP2040.c.obj
LOAD CMakeFiles/RP2040.dir/ch1115.c.obj
LOAD CMakeFiles/RP2040.dir/ch1115_print.c.obj
LOAD CMakeFiles/RP2040.dir/ch1115_font.c.obj
LOAD CMakeFiles/RP2040.dir/ch1115_graphics.c.obj
LOAD CMakeFiles/RP2040.dir/C_/Users/abc/.pico-sdk/sdk/2.0.0/src/rp2_common/pico_stdlib/stdlib.c.obj
LOAD CMakeFiles/RP2040.dir/C_/Users/abc/.pico-sdk/sdk/2.0.0/src/rp2_common/hardware_gpio/gpio.c.obj
LOAD CMakeFiles/RP2040.dir/C_/Users/abc/.pico-sdk/sdk/2.0.0/src/rp2040/pico_platform/platform.c.obj
LOAD CMakeFiles/RP2040.dir/C_/Users/abc/.pico-sdk/sdk/2.0.0/src/rp2_common/pico_platform_panic/panic.c.obj
LOAD CMakeFiles/RP2040.dir/C_/Users/abc/.pico-sdk/sdk/2.0.0/src/common/hardware_claim/claim.c.obj
LOAD CMakeFiles/RP2040.dir/C_/Users/abc/.pico-sdk/sdk/2.0.0/src/rp2_common/hardware_sync/sync.c.obj
LOAD CMakeFiles/RP2040.dir/C_/Users/abc/.pico-sdk/sdk/2.0.0/src/rp2_common/hardware_sync_spin_lock/sync_spin_lock.c.obj
LOAD CMakeFiles/RP2040.dir/C_/Users/abc/.pico-sdk/sdk/2.0.0/src/rp2_common/hardware_irq/irq.c.obj
LOAD CMakeFiles/RP2040.dir/C_/Users/abc/.pico-sdk/sdk/2.0.0/src/rp2_common/hardware_irq/irq_handler_chain.S.obj
LOAD CMakeFiles/RP2040.dir/C_/Users/abc/.pico-sdk/sdk/2.0.0/src/common/pico_sync/sem.c.obj
LOAD CMakeFiles/RP2040.dir/C_/Users/abc/.pico-sdk/sdk/2.0.0/src/common/pico_sync/lock_core.c.obj
LOAD CMakeFiles/RP2040.dir/C_/Users/abc/.pico-sdk/sdk/2.0.0/src/common/pico_sync/mutex.c.obj
LOAD CMakeFiles/RP2040.dir/C_/Users/abc/.pico-sdk/sdk/2.0.0/src/common/pico_sync/critical_section.c.obj
LOAD CMakeFiles/RP2040.dir/C_/Users/abc/.pico-sdk/sdk/2.0.0/src/common/pico_time/time.c.obj
LOAD CMakeFiles/RP2040.dir/C_/Users/abc/.pico-sdk/sdk/2.0.0/src/common/pico_time/timeout_helper.c.obj
LOAD CMakeFiles/RP2040.dir/C_/Users/abc/.pico-sdk/sdk/2.0.0/src/rp2_common/hardware_timer/timer.c.obj
LOAD CMakeFiles/RP2040.dir/C_/Users/abc/.pico-sdk/sdk/2.0.0/src/common/pico_util/datetime.c.obj
LOAD CMakeFiles/RP2040.dir/C_/Users/abc/.pico-sdk/sdk/2.0.0/src/common/pico_util/pheap.c.obj
LOAD CMakeFiles/RP2040.dir/C_/Users/abc/.pico-sdk/sdk/2.0.0/src/common/pico_util/queue.c.obj
LOAD CMakeFiles/RP2040.dir/C_/Users/abc/.pico-sdk/sdk/2.0.0/src/rp2_common/hardware_uart/uart.c.obj
LOAD CMakeFiles/RP2040.dir/C_/Users/abc/.pico-sdk/sdk/2.0.0/src/rp2_common/hardware_clocks/clocks.c.obj
LOAD CMakeFiles/RP2040.dir/C_/Users/abc/.pico-sdk/sdk/2.0.0/src/rp2_common/hardware_pll/pll.c.obj
LOAD CMakeFiles/RP2040.dir/C_/Users/abc/.pico-sdk/sdk/2.0.0/src/rp2_common/hardware_vreg/vreg.c.obj
LOAD CMakeFiles/RP2040.dir/C_/Users/abc/.pico-sdk/sdk/2.0.0/src/rp2_common/hardware_watchdog/watchdog.c.obj
LOAD CMakeFiles/RP2040.dir/C_/Users/abc/.pico-sdk/sdk/2.0.0/src/rp2_common/hardware_ticks/ticks.c.obj
LOAD CMakeFiles/RP2040.dir/C_/Users/abc/.pico-sdk/sdk/2.0.0/src/rp2_common/hardware_xosc/xosc.c.obj
LOAD CMakeFiles/RP2040.dir/C_/Users/abc/.pico-sdk/sdk/2.0.0/src/rp2_common/hardware_divider/divider.S.obj
LOAD CMakeFiles/RP2040.dir/C_/Users/abc/.pico-sdk/sdk/2.0.0/src/rp2_common/pico_runtime/runtime.c.obj
LOAD CMakeFiles/RP2040.dir/C_/Users/abc/.pico-sdk/sdk/2.0.0/src/rp2_common/pico_runtime_init/runtime_init.c.obj
LOAD CMakeFiles/RP2040.dir/C_/Users/abc/.pico-sdk/sdk/2.0.0/src/rp2_common/pico_runtime_init/runtime_init_clocks.c.obj
LOAD CMakeFiles/RP2040.dir/C_/Users/abc/.pico-sdk/sdk/2.0.0/src/rp2_common/pico_runtime_init/runtime_init_stack_guard.c.obj
LOAD CMakeFiles/RP2040.dir/C_/Users/abc/.pico-sdk/sdk/2.0.0/src/rp2_common/pico_bit_ops/bit_ops_aeabi.S.obj
LOAD CMakeFiles/RP2040.dir/C_/Users/abc/.pico-sdk/sdk/2.0.0/src/rp2_common/pico_bootrom/bootrom.c.obj
LOAD CMakeFiles/RP2040.dir/C_/Users/abc/.pico-sdk/sdk/2.0.0/src/rp2_common/pico_bootrom/bootrom_lock.c.obj
LOAD CMakeFiles/RP2040.dir/C_/Users/abc/.pico-sdk/sdk/2.0.0/src/rp2_common/hardware_boot_lock/boot_lock.c.obj
LOAD CMakeFiles/RP2040.dir/C_/Users/abc/.pico-sdk/sdk/2.0.0/src/rp2_common/pico_divider/divider_hardware.S.obj
LOAD CMakeFiles/RP2040.dir/C_/Users/abc/.pico-sdk/sdk/2.0.0/src/rp2_common/pico_double/double_aeabi_rp2040.S.obj
LOAD CMakeFiles/RP2040.dir/C_/Users/abc/.pico-sdk/sdk/2.0.0/src/rp2_common/pico_double/double_init_rom_rp2040.c.obj
LOAD CMakeFiles/RP2040.dir/C_/Users/abc/.pico-sdk/sdk/2.0.0/src/rp2_common/pico_double/double_math.c.obj
LOAD CMakeFiles/RP2040.dir/C_/Users/abc/.pico-sdk/sdk/2.0.0/src/rp2_common/pico_double/double_v1_rom_shim_rp2040.S.obj